******************************************************************************
                  TI ARM Linker PC v16.9.4                     
******************************************************************************
>> Linked Sun Oct 22 12:58:13 2017

OUTPUT FILE NAME:   <hello_MSP_EXP432P401R_tirtos_ccs.out>
ENTRY POINT SYMBOL: "_c_int00"  address: 00002ef9


MEMORY CONFIGURATION

         name            origin    length      used     unused   attr    fill
----------------------  --------  ---------  --------  --------  ----  --------
  MAIN                  00000000   00040000  00006714  000398ec  R  X
  INFO                  00200000   00004000  00000000  00004000  R  X
  SRAM_CODE             01000000   00010000  000090a4  00006f5c  RW X
  SRAM_DATA             20000000   00010000  000090a4  00006f5c  RW  


SEGMENT ALLOCATION MAP

run origin  load origin   length   init length attrs members
----------  ----------- ---------- ----------- ----- -------
00000000    00000000    00006720   00006720    r-x
  00000000    00000000    0000003c   0000003c    r-- .resetVecs
  00000040    00000040    0000484a   0000484a    r-x .text
  0000488c    0000488c    00001c76   00001c76    r-- .const
  00006508    00006508    00000218   00000218    r-- .cinit
20000140    20000140    00008000   00000000    r--
  20000140    20000140    00008000   00000000    r-- .priheap
20008140    20008140    00000b64   00000000    rw-
  20008140    20008140    00000668   00000000    rw- .bss
  200087a8    200087a8    000004fc   00000000    rw- .data
2000fc00    2000fc00    00000400   00000000    rw-
  2000fc00    2000fc00    00000400   00000000    rw- .stack


SECTION ALLOCATION MAP

 output                                  attributes/
section   page    origin      length       input sections
--------  ----  ----------  ----------   ----------------
.text      0    00000040    0000484a     
                  00000040    00000430     sysbios.aem4f : BIOS.obj (.text:ti_sysbios_family_arm_m3_Hwi_excDumpRegs__I)
                  00000470    00000354     ti.targets.arm.rtsarm.aem4f : System.oem4f (.text:xdc_runtime_System_doPrint__I)
                  000007c4    000002d4     drivers_msp432p401x.aem4f : PowerMSP432.oem4f (.text:Power_sleep)
                  00000a98    000001a0     msp432p4xx_driverlib.lib : pcm_MSP432P4XX.obj (.text:__PCM_setPowerStateAdvanced)
                  00000c38    00000174     sysbios.aem4f : BIOS.obj (.text:ti_sysbios_family_arm_m3_Hwi_excBusFault__I)
                  00000dac    00000164     drivers_msp432p401x.aem4f : PowerMSP432.oem4f (.text:initPerfControl)
                  00000f10    00000164     sysbios.aem4f : BIOS.obj (.text:ti_sysbios_family_arm_m3_Hwi_excUsageFault__I)
                  00001074    00000004     msp432p4xx_driverlib.lib : cpu_MSP432P4XX.obj (.text:CPU_wfi)
                  00001078    00000148     sysbios.aem4f : BIOS.obj (.text:ti_sysbios_family_arm_m3_Hwi_excMemFault__I)
                  000011c0    00000138                   : BIOS.obj (.text:ti_sysbios_knl_Semaphore_pend__E)
                  000012f8    00000130     ti.targets.arm.rtsarm.aem4f : Error.oem4f (.text:xdc_runtime_Error_policyDefault__E)
                  00001428    0000010c     sysbios.aem4f : BIOS.obj (.text:ti_sysbios_family_arm_m3_Hwi_excFillContext__I)
                  00001534    00000004     drivers_msp432p401x.aem4f : List.oem4f (.text:List_head)
                  00001538    0000010c     sysbios.aem4f : BIOS.obj (.text:ti_sysbios_family_arm_m3_Hwi_excHandlerMax__I)
                  00001644    000000f8     ti.targets.arm.rtsarm.aem4f : Startup.oem4f (.text:xdc_runtime_Startup_startMods__I)
                  0000173c    000000f8     hello_pem4f.oem4f (.text:xdc_runtime_System_printfExtend__I)
                  00001834    000000f0     sysbios.aem4f : m3_Hwi_asm.obj (.text:ti_sysbios_family_arm_m3_Hwi_dispatch__I)
                  00001924    000000e8     ti.targets.arm.rtsarm.aem4f : Core-mem.oem4f (.text:xdc_runtime_Core_createObject__I)
                  00001a0c    000000dc     msp432p4xx_driverlib.lib : pcm_MSP432P4XX.obj (.text:__PCM_setPowerModeAdvanced)
                  00001ae8    000000cc     ti.targets.arm.rtsarm.aem4f : Core-smem.oem4f (.text:xdc_runtime_Core_constructObject__I)
                  00001bb4    00000004     drivers_msp432p401x.aem4f : List.oem4f (.text:List_next)
                  00001bb8    000000c8     sysbios.aem4f : BIOS.obj (.text:ti_sysbios_family_arm_msp432_init_Boot_setupCS)
                  00001c80    000000bc                   : BIOS.obj (.text:ti_sysbios_family_arm_m3_Hwi_excDebugMon__I)
                  00001d3c    00000004     hello_pem4f.oem4f (.text:ti_sysbios_BIOS_RtsGateProxy_enter__E)
                  00001d40    000000bc     sysbios.aem4f : BIOS.obj (.text:ti_sysbios_family_arm_m3_Hwi_excHardFault__I)
                  00001dfc    00000004     hello_pem4f.oem4f (.text:ti_sysbios_BIOS_RtsGateProxy_leave__E)
                  00001e00    000000b4     sysbios.aem4f : BIOS.obj (.text:ti_sysbios_knl_Task_checkStacks__E)
                  00001eb4    000000b0     msp432p4xx_driverlib.lib : pcm_MSP432P4XX.obj (.text:__PCM_setCoreVoltageLevelAdvanced)
                  00001f64    00000004     hello_pem4f.oem4f (.text:ti_sysbios_family_arm_m3_TaskSupport_Module__startupDone__S)
                  00001f68    000000a8     sysbios.aem4f : BIOS.obj (.text:ti_sysbios_family_arm_msp432_Timer_periodicStub__E)
                  00002010    000000a0     auto_init.aem4f : auto_init.oem4f (.text)
                  000020b0    0000009e     ti.targets.arm.rtsarm.aem4f : Text.oem4f (.text:xdc_runtime_Text_putSite__E)
                  0000214e    0000009c     rtsv7M4_T_le_v4SPD16_eabi.lib : memcpy_t2.obj (.text)
                  000021ea    00000006     ti.targets.arm.rtsarm.aem4f : System.oem4f (.text:xdc_runtime_System_Module_startup__E)
                  000021f0    0000009c     sysbios.aem4f : BIOS.obj (.text:ti_sysbios_knl_Task_postInit__I)
                  0000228c    00000098     ti.targets.arm.rtsarm.aem4f : Text.oem4f (.text:xdc_runtime_Text_putMod__E)
                  00002324    00000004     hello_pem4f.oem4f (.text:ti_sysbios_heaps_HeapMem_Module_GateProxy_enter__E)
                  00002328    00000094     sysbios.aem4f : BIOS.obj (.text:ti_sysbios_family_arm_m3_Hwi_initNVIC__E)
                  000023bc    0000008c                   : m3_TaskSupport_asm.obj (.text:ti_sysbios_family_arm_m3_TaskSupport_buildTaskStack)
                  00002448    00000084                   : BIOS.obj (.text:ti_sysbios_family_arm_m3_Hwi_postInit__I)
                  000024cc    00000004     hello_pem4f.oem4f (.text:ti_sysbios_heaps_HeapMem_Module_GateProxy_leave__E)
                  000024d0    00000084     sysbios.aem4f : BIOS.obj (.text:ti_sysbios_heaps_HeapMem_free__E)
                  00002554    0000007a     rtsv7M4_T_le_v4SPD16_eabi.lib : memset_t2.obj (.text)
                  000025ce    00000002     dpl_msp432p401x.aem4f : PowerMSP432_tirtos.oem4f (.text:PowerMSP432_initPolicy)
                  000025d0    0000007a     sysbios.aem4f : BIOS.obj (.text:ti_sysbios_heaps_HeapMem_allocUnprotected__E)
                  0000264a    00000002     rtsv7M4_T_le_v4SPD16_eabi.lib : i_div0.obj (.text)
                  0000264c    00000078     msp432p4xx_driverlib.lib : pcm_MSP432P4XX.obj (.text:PCM_gotoLPM3)
                  000026c4    00000078     drivers_msp432p401x.aem4f : PowerMSP432.oem4f (.text:Power_init)
                  0000273c    00000004     hello_pem4f.oem4f (.text:ti_sysbios_knl_Clock_TimerProxy_getMaxTicks__E)
                  00002740    00000078     sysbios.aem4f : BIOS.obj (.text:ti_sysbios_heaps_HeapMem_initPrimary__I)
                  000027b8    00000070                   : BIOS.obj (.text:ti_sysbios_knl_Semaphore_post__E)
                  00002828    00000070                   : BIOS.obj (.text:ti_sysbios_knl_Task_exit__E)
                  00002898    00000070     ti.targets.arm.rtsarm.aem4f : Error.oem4f (.text:xdc_runtime_Error_print__E)
                  00002908    0000006d                                 : System.oem4f (.text:xdc_runtime_System_formatNum__I)
                  00002975    00000001     --HOLE-- [fill = 0]
                  00002976    00000002     hello_pem4f.oem4f (.text:ti_sysbios_BIOS_nullFunc__I)
                  00002978    0000006c     sysbios.aem4f : BIOS.obj (.text:ti_sysbios_knl_Clock_workFunc__E)
                  000029e4    00000004     ti.targets.arm.rtsarm.aem4f : Error.oem4f (.text:xdc_runtime_Error_getSite__E)
                  000029e8    0000006c     sysbios.aem4f : BIOS.obj (.text:ti_sysbios_knl_Swi_restoreHwi__E)
                  00002a54    0000006c     ti.targets.arm.rtsarm.aem4f : Memory.oem4f (.text:xdc_runtime_Memory_alloc__E)
                  00002ac0    00000068     rtsv7M4_T_le_v4SPD16_eabi.lib : copy_decompress_lzss.obj (.text:decompress:lzss)
                  00002b28    00000068                                   : trgmsg.obj (.text)
                  00002b90    00000066     ti.targets.arm.rtsarm.aem4f : Core-mem.oem4f (.text:xdc_runtime_Core_deleteObject__I)
                  00002bf6    00000002     --HOLE-- [fill = 0]
                  00002bf8    00000064     sysbios.aem4f : BIOS.obj (.text:ti_sysbios_family_arm_m3_Hwi_dispatchC__I)
                  00002c5c    00000004     hello_pem4f.oem4f (.text:xdc_runtime_System_Module_GateProxy_enter__E)
                  00002c60    00000060     sysbios.aem4f : BIOS.obj (.text:ti_sysbios_family_arm_msp432_Timer_Module_startup__E)
                  00002cc0    00000060                   : BIOS.obj (.text:ti_sysbios_knl_Task_schedule__I)
                  00002d20    0000005c                   : BIOS.obj (.text:ti_sysbios_knl_Swi_run__I)
                  00002d7c    00000004     hello_pem4f.oem4f (.text:xdc_runtime_System_Module_GateProxy_leave__E)
                  00002d80    0000005c     sysbios.aem4f : BIOS.obj (.text:ti_sysbios_knl_Swi_schedule__I)
                  00002ddc    00000004     ti.targets.arm.rtsarm.aem4f : System.oem4f (.text:xdc_runtime_System_aprintf_va__F)
                  00002de0    0000005c     sysbios.aem4f : BIOS.obj (.text:ti_sysbios_knl_Task_Module_startup__E)
                  00002e3c    00000004     ti.targets.arm.rtsarm.aem4f : System.oem4f (.text:xdc_runtime_System_printf_va__F)
                  00002e40    0000005c     sysbios.aem4f : BIOS.obj (.text:ti_sysbios_knl_Task_startCore__E)
                  00002e9c    0000005b     ti.targets.arm.rtsarm.aem4f : Text.oem4f (.text:xdc_runtime_Text_putLab__E)
                  00002ef7    00000001     --HOLE-- [fill = 0]
                  00002ef8    00000058     boot.aem4f : boot.oem4f (.text)
                  00002f50    00000058     rtsv7M4_T_le_v4SPD16_eabi.lib : hostwrite.obj (.text)
                  00002fa8    00000058     sysbios.aem4f : m3_Hwi_asm_switch.obj (.text:ti_sysbios_family_arm_m3_Hwi_initStacks__E)
                  00003000    00000058                   : BIOS.obj (.text:ti_sysbios_heaps_HeapMem_alloc__E)
                  00003058    00000054     drivers_msp432p401x.aem4f : PowerMSP432.oem4f (.text:restartHFXT)
                  000030ac    00000054     rtsv7M4_T_le_v4SPD16_eabi.lib : exit.obj (.text)
                  00003100    00000054     sysbios.aem4f : BIOS.obj (.text:ti_sysbios_family_arm_msp432_Timer_initDevice__I)
                  00003154    00000054     ti.targets.arm.rtsarm.aem4f : Assert.oem4f (.text:xdc_runtime_Assert_raise__I)
                  000031a8    00000050     msp432p4xx_driverlib.lib : pcm_MSP432P4XX.obj (.text:PCM_shutdownDevice)
                  000031f8    00000050     dpl_msp432p401x.aem4f : PowerMSP432_tirtos.oem4f (.text:PowerMSP432_sleepPolicy)
                  00003248    00000050     sysbios.aem4f : BIOS.obj (.text:ti_sysbios_family_arm_m3_Hwi_Module_startup__E)
                  00003298    00000050     ti.targets.arm.rtsarm.aem4f : Startup.oem4f (.text:xdc_runtime_Startup_exec__E)
                  000032e8    00000050                                 : Text.oem4f (.text:xdc_runtime_Text_visitRope2__I)
                  00003338    0000004c     rtsv7M4_T_le_v4SPD16_eabi.lib : cpy_tbl.obj (.text)
                  00003384    00000004     --HOLE-- [fill = 0]
                  00003388    0000004c     sysbios.aem4f : BIOS.obj (.text:ti_sysbios_family_arm_msp432_Timer_start__E)
                  000033d4    00000004     --HOLE-- [fill = 0]
                  000033d8    0000004c                   : BIOS.obj (.text:ti_sysbios_heaps_HeapMem_getStats__E)
                  00003424    00000004     --HOLE-- [fill = 0]
                  00003428    0000004c                   : BIOS.obj (.text:ti_sysbios_knl_Swi_runLoop__I)
                  00003474    00000004     --HOLE-- [fill = 0]
                  00003478    0000004c                   : BIOS.obj (.text:ti_sysbios_knl_Task_allBlockedFunction__I)
                  000034c4    00000004     --HOLE-- [fill = 0]
                  000034c8    00000048                   : BIOS.obj (.text:ti_sysbios_family_arm_m3_Hwi_enableInterrupt__E)
                  00003510    00000048                   : BIOS.obj (.text:ti_sysbios_family_arm_m3_Hwi_excReserved__I)
                  00003558    00000046     ti.targets.arm.rtsarm.aem4f : Core-params.oem4f (.text:xdc_runtime_Core_assignParams__I)
                  0000359e    00000002     --HOLE-- [fill = 0]
                  000035a0    00000044     sysbios.aem4f : BIOS.obj (.text:ti_sysbios_family_arm_m3_Hwi_getStackInfo__E)
                  000035e4    00000004     --HOLE-- [fill = 0]
                  000035e8    00000044                   : BIOS.obj (.text:ti_sysbios_knl_Swi_post__E)
                  0000362c    00000044     ti.targets.arm.rtsarm.aem4f : Error.oem4f (.text:xdc_runtime_Error_setX__E)
                  00003670    00000044                                 : SysMin.oem4f (.text:xdc_runtime_SysMin_flush__E)
                  000036b4    00000044                                 : Text.oem4f (.text:xdc_runtime_Text_xprintf__I)
                  000036f8    00000040     drivers_msp432p401x.aem4f : PowerMSP432.oem4f (.text:notify)
                  00003738    00000040     rtsv7M4_T_le_v4SPD16_eabi.lib : u_divt2.obj (.text)
                  00003778    00000040     sysbios.aem4f : BIOS.obj (.text:ti_sysbios_family_arm_msp432_Timer_startup__E)
                  000037b8    00000040                   : BIOS.obj (.text:ti_sysbios_heaps_HeapMem_Instance_init__E)
                  000037f8    0000003c                   : BIOS.obj (.text:ti_sysbios_family_arm_m3_Hwi_excSvCall__I)
                  00003834    00000004     --HOLE-- [fill = 0]
                  00003838    0000003c                   : BIOS.obj (.text:ti_sysbios_knl_Swi_restore__E)
                  00003874    00000004     --HOLE-- [fill = 0]
                  00003878    00000038                   : BIOS.obj (.text:ti_sysbios_family_arm_m3_Hwi_excNoIsr__I)
                  000038b0    00000038                   : BIOS.obj (.text:ti_sysbios_knl_Task_processVitalTaskFlag__I)
                  000038e8    00000038     ti.targets.arm.rtsarm.aem4f : SysMin.oem4f (.text:xdc_runtime_SysMin_putch__E)
                  00003920    00000038                                 : System.oem4f (.text:xdc_runtime_System_atexit__E)
                  00003958    00000034     sysbios.aem4f : BIOS.obj (.text:ti_sysbios_family_arm_m3_Hwi_excNmi__I)
                  0000398c    00000004     --HOLE-- [fill = 0]
                  00003990    00000034                   : BIOS.obj (.text:ti_sysbios_family_arm_msp432_init_Boot_configureClocksHigh)
                  000039c4    00000004     --HOLE-- [fill = 0]
                  000039c8    00000034                   : BIOS.obj (.text:ti_sysbios_hal_Hwi_checkStack)
                  000039fc    00000034     ti.targets.arm.rtsarm.aem4f : Core-label.oem4f (.text:xdc_runtime_Core_assignLabel__I)
                  00003a30    00000033                                 : Text.oem4f (.text:xdc_runtime_Text_printVisFxn__I)
                  00003a63    00000005     --HOLE-- [fill = 0]
                  00003a68    00000032     sysbios.aem4f : BIOS.obj (.text:ti_sysbios_hal_Hwi_initStack)
                  00003a9a    00000002     --HOLE-- [fill = 0]
                  00003a9c    00000030     hello_pem4f.oem4f (.text:ti_sysbios_BIOS_atExitFunc__I)
                  00003acc    00000030     hello_pem4f.oem4f (.text:ti_sysbios_BIOS_startFunc__I)
                  00003afc    00000004     --HOLE-- [fill = 0]
                  00003b00    00000030     sysbios.aem4f : BIOS.obj (.text:ti_sysbios_family_arm_m3_TaskSupport_start__E)
                  00003b30    00000030                   : BIOS.obj (.text:ti_sysbios_family_arm_msp432_Timer_setPeriod__E)
                  00003b60    00000030     hello_pem4f.oem4f (.text:ti_sysbios_gates_GateHwi_Object__create__S)
                  00003b90    00000030     hello_pem4f.oem4f (.text:ti_sysbios_gates_GateMutex_Object__create__S)
                  00003bc0    00000030     sysbios.aem4f : BIOS.obj (.text:ti_sysbios_gates_GateMutex_enter__E)
                  00003bf0    00000030     hello_pem4f.oem4f (.text:ti_sysbios_heaps_HeapMem_Object__create__S)
                  00003c20    00000030     hello_pem4f.oem4f (.text:ti_sysbios_knl_Semaphore_construct)
                  00003c50    00000030     sysbios.aem4f : BIOS.obj (.text:ti_sysbios_knl_Semaphore_pendTimeout__I)
                  00003c80    00000030                   : BIOS.obj (.text:ti_sysbios_knl_Task_unblockI__E)
                  00003cb0    00000030     ti.targets.arm.rtsarm.aem4f : SysMin.oem4f (.text:xdc_runtime_SysMin_abort__E)
                  00003ce0    00000030                                 : System.oem4f (.text:xdc_runtime_System_processAtExit__E)
                  00003d10    0000002c     msp432p4xx_driverlib.lib : pcm_MSP432P4XX.obj (.text:PCM_getCoreVoltageLevel)
                  00003d3c    0000002c     dpl_msp432p401x.aem4f : PowerMSP432_tirtos.oem4f (.text:PowerMSP432_updateFreqs)
                  00003d68    0000002c     hello_pem4f.oem4f (.text:ti_sysbios_knl_Clock_doTick__I)
                  00003d94    0000002c     hello_pem4f.oem4f (.text:ti_sysbios_knl_Queue_construct)
                  00003dc0    0000002c     sysbios.aem4f : BIOS.obj (.text:ti_sysbios_knl_Task_restore__E)
                  00003dec    0000002c     ti.targets.arm.rtsarm.aem4f : Text.oem4f (.text:xdc_runtime_Text_cordText__E)
                  00003e18    0000002a     msp432p4xx_driverlib.lib : pcm_MSP432P4XX.obj (.text:PCM_getPowerMode)
                  00003e42    0000002a     ti.targets.arm.rtsarm.aem4f : System.oem4f (.text:xdc_runtime_System_putchar__I)
                  00003e6c    00000028     msp432p4xx_driverlib.lib : pcm_MSP432P4XX.obj (.text:PCM_gotoLPM0)
                  00003e94    00000028     drivers_msp432p401x.aem4f : PowerMSP432.oem4f (.text:disableHFXT)
                  00003ebc    00000004     --HOLE-- [fill = 0]
                  00003ec0    00000028     sysbios.aem4f : BIOS.obj (.text:ti_sysbios_knl_Clock_addI__E)
                  00003ee8    00000028                   : BIOS.obj (.text:ti_sysbios_knl_Swi_Module_startup__E)
                  00003f10    00000026     hello.obj (.text:main)
                  00003f36    00000026     sysbios.aem4f : m3_Hwi_asm.obj (.text:ti_sysbios_family_arm_m3_Hwi_pendSV__I)
                  00003f5c    00000026     ti.targets.arm.rtsarm.aem4f : System.oem4f (.text:xdc_runtime_System_avprintf__E)
                  00003f82    00000002     --HOLE-- [fill = 0]
                  00003f84    00000024     msp432p4xx_driverlib.lib : rtc_c_MSP432P4XX.obj (.text:RTC_C_holdClock)
                  00003fa8    00000024     hello_pem4f.oem4f (.text:ti_sysbios_BIOS_errorRaiseHook__I)
                  00003fcc    00000024     hello_pem4f.oem4f (.text:ti_sysbios_BIOS_registerRTSLock__I)
                  00003ff0    00000024     hello_pem4f.oem4f (.text:ti_sysbios_BIOS_removeRTSLock__I)
                  00004014    00000004     --HOLE-- [fill = 0]
                  00004018    00000024     sysbios.aem4f : BIOS.obj (.text:ti_sysbios_family_arm_msp432_ClockFreqs_setFrequency__E)
                  0000403c    00000024     hello_pem4f.oem4f (.text:ti_sysbios_gates_GateMutex_Object__delete__S)
                  00004060    00000024     sysbios.aem4f : BIOS.obj (.text:ti_sysbios_knl_Clock_Module_startup__E)
                  00004084    00000004     --HOLE-- [fill = 0]
                  00004088    00000024                   : BIOS.obj (.text:ti_sysbios_knl_Semaphore_Instance_init__E)
                  000040ac    00000004     --HOLE-- [fill = 0]
                  000040b0    00000024                   : BIOS.obj (.text:ti_sysbios_knl_Task_restoreHwi__E)
                  000040d4    00000024     ti.targets.arm.rtsarm.aem4f : System.oem4f (.text:xdc_runtime_System_vprintf__E)
                  000040f8    00000022     hello_pem4f.oem4f (.text:xdc_runtime_SysMin_output__I)
                  0000411a    00000002     --HOLE-- [fill = 0]
                  0000411c    00000020     hello_pem4f.oem4f (.text:ti_sysbios_BIOS_rtsLock__I)
                  0000413c    00000020     sysbios.aem4f : m3_Hwi_asm.obj (.text:ti_sysbios_family_arm_m3_Hwi_excHandlerAsm__I)
                  0000415c    00000004     --HOLE-- [fill = 0]
                  00004160    00000020                   : BIOS.obj (.text:ti_sysbios_family_arm_m3_Hwi_excHandler__I)
                  00004180    00000020     hello_pem4f.oem4f (.text:ti_sysbios_gates_GateHwi_Object__delete__S)
                  000041a0    00000020     hello_pem4f.oem4f (.text:ti_sysbios_heaps_HeapMem_Object__delete__S)
                  000041c0    00000020     sysbios.aem4f : BIOS.obj (.text:ti_sysbios_knl_Idle_run__E)
                  000041e0    00000020     hello_pem4f.oem4f (.text:ti_sysbios_knl_Semaphore_destruct)
                  00004200    00000020     ti.targets.arm.rtsarm.aem4f : Registry.oem4f (.text:xdc_runtime_Registry_findById__E)
                  00004220    00000020                                 : SysMin.oem4f (.text:xdc_runtime_SysMin_Module_startup__E)
                  00004240    0000001e     sysbios.aem4f : m3_Hwi_asm_switch.obj (.text:ti_sysbios_family_xxx_Hwi_switchAndRunFunc)
                  0000425e    00000002     --HOLE-- [fill = 0]
                  00004260    0000001c                   : BIOS.obj (.text:ti_sysbios_gates_GateMutex_Instance_init__E)
                  0000427c    0000001c     hello_pem4f.oem4f (.text:ti_sysbios_knl_Queue_destruct)
                  00004298    0000001c     sysbios.aem4f : BIOS.obj (.text:ti_sysbios_knl_Queue_put__E)
                  000042b4    00000004     --HOLE-- [fill = 0]
                  000042b8    0000001c                   : BIOS.obj (.text:ti_sysbios_knl_Task_enter__I)
                  000042d4    0000001c     ti.targets.arm.rtsarm.aem4f : Error.oem4f (.text:xdc_runtime_Error_check__E)
                  000042f0    0000001c                                 : Error.oem4f (.text:xdc_runtime_Error_raiseX__E)
                  0000430c    0000001c                                 : Memory.oem4f (.text:xdc_runtime_Memory_valloc__E)
                  00004328    0000001c                                 : SysMin.oem4f (.text:xdc_runtime_SysMin_exit__E)
                  00004344    0000001c                                 : System.oem4f (.text:xdc_runtime_System_abort__E)
                  00004360    0000001a     hello_pem4f.oem4f (.text:ti_sysbios_family_arm_m3_Hwi_Handle__label__S)
                  0000437a    0000001a     hello_pem4f.oem4f (.text:ti_sysbios_gates_GateHwi_Handle__label__S)
                  00004394    0000001a     hello_pem4f.oem4f (.text:ti_sysbios_gates_GateMutex_Handle__label__S)
                  000043ae    0000001a     hello_pem4f.oem4f (.text:ti_sysbios_heaps_HeapMem_Handle__label__S)
                  000043c8    0000001a     hello_pem4f.oem4f (.text:ti_sysbios_knl_Swi_Handle__label__S)
                  000043e2    0000001a     hello_pem4f.oem4f (.text:ti_sysbios_knl_Task_Handle__label__S)
                  000043fc    0000001a     hello_pem4f.oem4f (.text:xdc_runtime_System_aprintf__E)
                  00004416    0000001a     hello_pem4f.oem4f (.text:xdc_runtime_System_printf__E)
                  00004430    00000018     hello_pem4f.oem4f (.text:.bootCodeSection:ti_sysbios_family_arm_msp432_init_Boot_init__I)
                  00004448    00000018     drivers_msp432p401x.aem4f : PowerMSP432.oem4f (.text:Power_idleFunc)
                  00004460    00000018     msp432p4xx_driverlib.lib : wdt_a_MSP432P4XX.obj (.text:WDT_A_holdTimer)
                  00004478    00000018     rtsv7M4_T_le_v4SPD16_eabi.lib : args_main.obj (.text)
                  00004490    00000018     hello_pem4f.oem4f (.text:ti_sysbios_BIOS_rtsUnlock__I)
                  000044a8    00000018     hello_pem4f.oem4f (.text:ti_sysbios_family_arm_m3_Hwi_Module__startupDone__F)
                  000044c0    00000018     sysbios.aem4f : m3_TaskSupport_asm.obj (.text:ti_sysbios_family_arm_m3_TaskSupport_swap__E)
                  000044d8    00000018     hello_pem4f.oem4f (.text:ti_sysbios_family_arm_msp432_Timer_Module__startupDone__F)
                  000044f0    00000018     sysbios.aem4f : BIOS.obj (.text:ti_sysbios_gates_GateMutex_leave__E)
                  00004508    00000018     ti.targets.arm.rtsarm.aem4f : Error.oem4f (.text:xdc_runtime_Error_init__E)
                  00004520    00000018                                 : System.oem4f (.text:xdc_runtime_System_exit__E)
                  00004538    00000018                                 : Text.oem4f (.text:xdc_runtime_Text_ropeText__E)
                  00004550    00000016     hello_pem4f.oem4f (.text:ti_sysbios_BIOS_exitFunc__I)
                  00004566    00000002     --HOLE-- [fill = 0]
                  00004568    00000014     rtsv7M4_T_le_v4SPD16_eabi.lib : _lock.obj (.text)
                  0000457c    00000014                                   : strlen.obj (.text)
                  00004590    00000014     hello_pem4f.oem4f (.text:ti_sysbios_family_arm_m3_Hwi_Object__get__S)
                  000045a4    00000004     --HOLE-- [fill = 0]
                  000045a8    00000014     sysbios.aem4f : BIOS.obj (.text:ti_sysbios_family_arm_m3_Hwi_switchFromBootStack__E)
                  000045bc    00000014     hello_pem4f.oem4f (.text:ti_sysbios_heaps_HeapMem_Object__get__S)
                  000045d0    00000014     hello_pem4f.oem4f (.text:ti_sysbios_knl_Swi_Object__get__S)
                  000045e4    00000004     --HOLE-- [fill = 0]
                  000045e8    00000012     sysbios.aem4f : BIOS.obj (.text:ti_sysbios_hal_Hwi_Module_startup__E)
                  000045fa    00000012     hello_pem4f.oem4f (.text:xdc_runtime_Startup_exec__I)
                  0000460c    00000010     msp432p4xx_driverlib.lib : pcm_MSP432P4XX.obj (.text:PCM_getPowerState)
                  0000461c    00000010                              : pcm_MSP432P4XX.obj (.text:PCM_gotoLPM4)
                  0000462c    00000010                              : sysctl_MSP432P4XX.obj (.text:SysCtl_getNMISourceStatus)
                  0000463c    00000004     --HOLE-- [fill = 0]
                  00004640    00000010     sysbios.aem4f : BIOS.obj (.text:ti_sysbios_BIOS_exit__E)
                  00004650    00000010                   : BIOS.obj (.text:ti_sysbios_BIOS_setCpuFreq__E)
                  00004660    00000010                   : BIOS.obj (.text:ti_sysbios_BIOS_setThreadType__E)
                  00004670    00000010                   : m3_TaskSupport_asm.obj (.text:ti_sysbios_family_arm_m3_TaskSupport_glue)
                  00004680    00000010                   : BIOS.obj (.text:ti_sysbios_family_arm_msp432_init_Boot_disableWatchdog)
                  00004690    00000010                   : BIOS.obj (.text:ti_sysbios_gates_GateMutex_Instance_finalize__E)
                  000046a0    00000010                   : BIOS.obj (.text:ti_sysbios_knl_Semaphore_Instance_finalize__E)
                  000046b0    00000010                   : BIOS.obj (.text:ti_sysbios_knl_Swi_disable__E)
                  000046c0    00000010     hello_pem4f.oem4f (.text:ti_sysbios_knl_Task_Object__get__S)
                  000046d0    00000010     sysbios.aem4f : BIOS.obj (.text:ti_sysbios_knl_Task_disable__E)
                  000046e0    00000010     ti.targets.arm.rtsarm.aem4f : Gate.oem4f (.text:xdc_runtime_Gate_leaveSystem__E)
                  000046f0    00000010                                 : Memory.oem4f (.text:xdc_runtime_Memory_free__E)
                  00004700    00000010                                 : SysMin.oem4f (.text:xdc_runtime_SysMin_ready__E)
                  00004710    00000010                                 : System.oem4f (.text:xdc_runtime_System_vsnprintf__E)
                  00004720    00000010     hello_pem4f.oem4f (.text:xdc_runtime_Text_visitRope__I)
                  00004730    0000000e     rtsv7M4_T_le_v4SPD16_eabi.lib : copy_decompress_none.obj (.text:decompress:none)
                  0000473e    00000002     --HOLE-- [fill = 0]
                  00004740    0000000e     sysbios.aem4f : BIOS.obj (.text:ti_sysbios_knl_Idle_loop__E)
                  0000474e    00000002     --HOLE-- [fill = 0]
                  00004750    0000000e                   : BIOS.obj (.text:ti_sysbios_knl_Queue_empty__E)
                  0000475e    0000000c     msp432p4xx_driverlib.lib : cpu_MSP432P4XX.obj (.text:CPU_cpsid)
                  0000476a    0000000c                              : cpu_MSP432P4XX.obj (.text:CPU_cpsie)
                  00004776    00000002     --HOLE-- [fill = 0]
                  00004778    0000000c     drivers_msp432p401x.aem4f : PowerMSP432.oem4f (.text:Power_getConstraintMask)
                  00004784    0000000c     rtsv7M4_T_le_v4SPD16_eabi.lib : copy_zero_init.obj (.text:decompress:ZI)
                  00004790    0000000c     sysbios.aem4f : BIOS.obj (.text:ti_sysbios_family_arm_m3_TaskSupport_checkStack__E)
                  0000479c    00000004     --HOLE-- [fill = 0]
                  000047a0    0000000c                   : BIOS.obj (.text:ti_sysbios_family_arm_msp432_Timer_getMaxTicks__E)
                  000047ac    00000004     --HOLE-- [fill = 0]
                  000047b0    0000000c                   : BIOS.obj (.text:ti_sysbios_gates_GateHwi_enter__E)
                  000047bc    0000000c     hello_pem4f.oem4f (.text:ti_sysbios_knl_Queue_Object__get__S)
                  000047c8    0000000c     ti.targets.arm.rtsarm.aem4f : Gate.oem4f (.text:xdc_runtime_Gate_enterSystem__E)
                  000047d4    0000000c                                 : Memory.oem4f (.text:xdc_runtime_Memory_calloc__E)
                  000047e0    0000000c                                 : Memory.oem4f (.text:xdc_runtime_Memory_getMaxDefaultTypeAlign__E)
                  000047ec    0000000c                                 : Startup.oem4f (.text:xdc_runtime_Startup_rtsDone__E)
                  000047f8    0000000a     hello_pem4f.oem4f (.text:xdc_runtime_IHeap_alloc)
                  00004802    0000000a     hello_pem4f.oem4f (.text:xdc_runtime_IHeap_free)
                  0000480c    00000008     MSP_EXP432P401R.obj (.text:MSP_EXP432P401R_initGeneral)
                  00004814    00000008     msp432p4xx_driverlib.lib : pcm_MSP432P4XX.obj (.text:PCM_setPowerMode)
                  0000481c    00000008                              : pcm_MSP432P4XX.obj (.text:PCM_setPowerState)
                  00004824    00000004     --HOLE-- [fill = 0]
                  00004828    00000008     sysbios.aem4f : BIOS.obj (.text:ti_sysbios_family_arm_m3_Hwi_doSwiRestore__I)
                  00004830    00000008                   : BIOS.obj (.text:ti_sysbios_family_arm_m3_Hwi_startup__E)
                  00004838    00000006                   : BIOS.obj (.text:ti_sysbios_family_arm_m3_Hwi_doTaskRestore__I)
                  0000483e    00000002     --HOLE-- [fill = 0]
                  00004840    00000006                   : BIOS.obj (.text:ti_sysbios_gates_GateHwi_leave__E)
                  00004846    00000002     --HOLE-- [fill = 0]
                  00004848    00000006                   : BIOS.obj (.text:ti_sysbios_heaps_HeapMem_isBlocking__E)
                  0000484e    00000002     --HOLE-- [fill = 0]
                  00004850    00000006                   : BIOS.obj (.text:ti_sysbios_knl_Queue_Instance_init__E)
                  00004856    00000002     --HOLE-- [fill = 0]
                  00004858    00000006                   : BIOS.obj (.text:ti_sysbios_knl_Swi_startup__E)
                  0000485e    00000002     --HOLE-- [fill = 0]
                  00004860    00000004                   : BIOS.obj (.text:ti_sysbios_gates_GateHwi_query__E)
                  00004864    00000004     --HOLE-- [fill = 0]
                  00004868    00000004                   : BIOS.obj (.text:ti_sysbios_gates_GateMutex_query__E)
                  0000486c    00000004     --HOLE-- [fill = 0]
                  00004870    00000004                   : BIOS.obj (.text:ti_sysbios_knl_Task_startup__E)
                  00004874    00000004     --HOLE-- [fill = 0]
                  00004878    00000002                   : BIOS.obj (.text:ti_sysbios_BIOS_linkedWithIncorrectBootLibrary__E)
                  0000487a    00000006     --HOLE-- [fill = 0]
                  00004880    00000002                   : BIOS.obj (.text:ti_sysbios_gates_GateHwi_Instance_init__E)
                  00004882    00000006     --HOLE-- [fill = 0]
                  00004888    00000002                   : BIOS.obj (.text:ti_sysbios_knl_Clock_logTick__E)

.resetVecs 
*          0    00000000    0000003c     
                  00000000    0000003c     hello_pem4f.oem4f (.resetVecs)

.binit     0    00000000    00000000     

.const     0    0000488c    00001c76     
                  0000488c    0000181b     hello_pem4f.oem4f (.const:xdc_runtime_Text_charTab__A)
                  000060a7    00000001     hello_pem4f.oem4f (.const:xdc_runtime_Error_policy__C)
                  000060a8    000000b0     hello_pem4f.oem4f (.const:xdc_runtime_Text_nodeTab__A)
                  00006158    00000048     hello_pem4f.oem4f (.const:.string)
                  000061a0    00000028     hello_pem4f.oem4f (.const:ti_sysbios_heaps_HeapMem_Module__FXNS__C)
                  000061c8    00000024     hello_pem4f.oem4f (.const:ti_sysbios_gates_GateHwi_Module__FXNS__C)
                  000061ec    00000024     hello_pem4f.oem4f (.const:ti_sysbios_gates_GateMutex_Module__FXNS__C)
                  00006210    00000024     hello_pem4f.oem4f (.const:ti_sysbios_heaps_HeapMem_Object__PARAMS__C)
                  00006234    00000024     hello_pem4f.oem4f (.const:ti_sysbios_knl_Semaphore_Object__PARAMS__C)
                  00006258    00000020     hello_pem4f.oem4f (.const:ti_sysbios_gates_GateHwi_Object__DESC__C)
                  00006278    00000020     hello_pem4f.oem4f (.const:ti_sysbios_gates_GateMutex_Object__DESC__C)
                  00006298    00000020     hello_pem4f.oem4f (.const:ti_sysbios_heaps_HeapMem_Object__DESC__C)
                  000062b8    00000020     hello_pem4f.oem4f (.const:ti_sysbios_knl_Queue_Object__DESC__C)
                  000062d8    00000020     hello_pem4f.oem4f (.const:ti_sysbios_knl_Semaphore_Object__DESC__C)
                  000062f8    00000020     hello_pem4f.oem4f (.const:xdc_runtime_Startup_sfxnTab__A)
                  00006318    0000001c     MSP_EXP432P401R.obj (.const:PowerMSP432_config)
                  00006334    00000018     hello_pem4f.oem4f (.const:ti_sysbios_gates_GateHwi_Object__PARAMS__C)
                  0000634c    00000018     hello_pem4f.oem4f (.const:ti_sysbios_gates_GateMutex_Object__PARAMS__C)
                  00006364    00000018     hello_pem4f.oem4f (.const:ti_sysbios_knl_Queue_Object__PARAMS__C)
                  0000637c    00000010     hello_pem4f.oem4f (.const:xdc_runtime_Startup_sfxnRts__A)
                  0000638c    0000000c     hello_pem4f.oem4f (.const:xdc_runtime_Startup_firstFxns__A)
                  00006398    00000008     hello_pem4f.oem4f (.const:ti_sysbios_family_arm_m3_Hwi_excHookFuncs__A)
                  000063a0    00000008     hello_pem4f.oem4f (.const:ti_sysbios_knl_Idle_funcList__A)
                  000063a8    00000008     hello_pem4f.oem4f (.const:ti_sysbios_knl_Idle_funcList__C)
                  000063b0    00000008     hello_pem4f.oem4f (.const:xdc_runtime_Startup_firstFxns__C)
                  000063b8    00000008     hello_pem4f.oem4f (.const:xdc_runtime_Startup_lastFxns__C)
                  000063c0    00000004     hello_pem4f.oem4f (.const:ti_sysbios_family_arm_m3_Hwi_E_NMI__C)
                  000063c4    00000004     hello_pem4f.oem4f (.const:ti_sysbios_family_arm_m3_Hwi_E_busFault__C)
                  000063c8    00000004     hello_pem4f.oem4f (.const:ti_sysbios_family_arm_m3_Hwi_E_debugMon__C)
                  000063cc    00000004     hello_pem4f.oem4f (.const:ti_sysbios_family_arm_m3_Hwi_E_hardFault__C)
                  000063d0    00000004     hello_pem4f.oem4f (.const:ti_sysbios_family_arm_m3_Hwi_E_memFault__C)
                  000063d4    00000004     hello_pem4f.oem4f (.const:ti_sysbios_family_arm_m3_Hwi_E_noIsr__C)
                  000063d8    00000004     hello_pem4f.oem4f (.const:ti_sysbios_family_arm_m3_Hwi_E_reserved__C)
                  000063dc    00000004     hello_pem4f.oem4f (.const:ti_sysbios_family_arm_m3_Hwi_E_svCall__C)
                  000063e0    00000004     hello_pem4f.oem4f (.const:ti_sysbios_family_arm_m3_Hwi_E_usageFault__C)
                  000063e4    00000004     hello_pem4f.oem4f (.const:ti_sysbios_family_arm_m3_Hwi_NUM_INTERRUPTS__C)
                  000063e8    00000004     hello_pem4f.oem4f (.const:ti_sysbios_family_arm_m3_Hwi_Object__count__C)
                  000063ec    00000004     hello_pem4f.oem4f (.const:ti_sysbios_family_arm_m3_Hwi_ccr__C)
                  000063f0    00000004     hello_pem4f.oem4f (.const:ti_sysbios_family_arm_m3_Hwi_excHandlerFunc__C)
                  000063f4    00000004     hello_pem4f.oem4f (.const:ti_sysbios_family_arm_m3_Hwi_excHookFuncs__C)
                  000063f8    00000004     hello_pem4f.oem4f (.const:ti_sysbios_family_arm_m3_Hwi_nullIsrFunc__C)
                  000063fc    00000004     hello_pem4f.oem4f (.const:ti_sysbios_family_arm_m3_Hwi_priGroup__C)
                  00006400    00000004     hello_pem4f.oem4f (.const:ti_sysbios_family_arm_m3_Hwi_swiDisable__C)
                  00006404    00000004     hello_pem4f.oem4f (.const:ti_sysbios_family_arm_m3_Hwi_swiRestoreHwi__C)
                  00006408    00000004     hello_pem4f.oem4f (.const:ti_sysbios_family_arm_msp432_Timer_numTimerDevices__C)
                  0000640c    00000004     hello_pem4f.oem4f (.const:ti_sysbios_family_arm_msp432_Timer_startupNeeded__C)
                  00006410    00000004     hello_pem4f.oem4f (.const:ti_sysbios_gates_GateMutex_Instance_State_sem__O)
                  00006414    00000004     hello_pem4f.oem4f (.const:ti_sysbios_hal_Hwi_E_stackOverflow__C)
                  00006418    00000004     hello_pem4f.oem4f (.const:ti_sysbios_heaps_HeapMem_E_memory__C)
                  0000641c    00000004     hello_pem4f.oem4f (.const:ti_sysbios_heaps_HeapMem_Module__gateObj__C)
                  00006420    00000004     hello_pem4f.oem4f (.const:ti_sysbios_heaps_HeapMem_Object__count__C)
                  00006424    00000004     hello_pem4f.oem4f (.const:ti_sysbios_heaps_HeapMem_primaryHeapBaseAddr__C)
                  00006428    00000004     hello_pem4f.oem4f (.const:ti_sysbios_heaps_HeapMem_primaryHeapEndAddr__C)
                  0000642c    00000004     hello_pem4f.oem4f (.const:ti_sysbios_heaps_HeapMem_reqAlign__C)
                  00006430    00000004     hello_pem4f.oem4f (.const:ti_sysbios_knl_Clock_Module_State_clockQ__O)
                  00006434    00000004     hello_pem4f.oem4f (.const:ti_sysbios_knl_Semaphore_Instance_State_pendQ__O)
                  00006438    00000004     hello_pem4f.oem4f (.const:ti_sysbios_knl_Swi_Object__count__C)
                  0000643c    00000004     hello_pem4f.oem4f (.const:ti_sysbios_knl_Task_E_spOutOfBounds__C)
                  00006440    00000004     hello_pem4f.oem4f (.const:ti_sysbios_knl_Task_E_stackOverflow__C)
                  00006444    00000004     hello_pem4f.oem4f (.const:ti_sysbios_knl_Task_Module_State_inactiveQ__O)
                  00006448    00000004     hello_pem4f.oem4f (.const:ti_sysbios_knl_Task_Object__count__C)
                  0000644c    00000004     hello_pem4f.oem4f (.const:ti_sysbios_knl_Task_allBlockedFunc__C)
                  00006450    00000004     hello_pem4f.oem4f (.const:ti_sysbios_knl_Task_numConstructedTasks__C)
                  00006454    00000004     hello_pem4f.oem4f (.const:xdc_runtime_Assert_E_assertFailed__C)
                  00006458    00000004     hello_pem4f.oem4f (.const:xdc_runtime_Core_A_initializedParams__C)
                  0000645c    00000004     hello_pem4f.oem4f (.const:xdc_runtime_Core_Module__diagsEnabled__C)
                  00006460    00000004     hello_pem4f.oem4f (.const:xdc_runtime_Core_Module__diagsIncluded__C)
                  00006464    00000004     hello_pem4f.oem4f (.const:xdc_runtime_Core_Module__diagsMask__C)
                  00006468    00000004     hello_pem4f.oem4f (.const:xdc_runtime_Error_E_memory__C)
                  0000646c    00000004     hello_pem4f.oem4f (.const:xdc_runtime_Error_Module__diagsEnabled__C)
                  00006470    00000004     hello_pem4f.oem4f (.const:xdc_runtime_Error_Module__diagsIncluded__C)
                  00006474    00000004     hello_pem4f.oem4f (.const:xdc_runtime_Error_Module__diagsMask__C)
                  00006478    00000004     hello_pem4f.oem4f (.const:xdc_runtime_Error_Module__loggerFxn8__C)
                  0000647c    00000004     hello_pem4f.oem4f (.const:xdc_runtime_Error_Module__loggerObj__C)
                  00006480    00000004     hello_pem4f.oem4f (.const:xdc_runtime_Error_policyFxn__C)
                  00006484    00000004     hello_pem4f.oem4f (.const:xdc_runtime_Error_raiseHook__C)
                  00006488    00000004     hello_pem4f.oem4f (.const:xdc_runtime_IGateProvider_Interface__BASE__C)
                  0000648c    00000004     hello_pem4f.oem4f (.const:xdc_runtime_IHeap_Interface__BASE__C)
                  00006490    00000004     hello_pem4f.oem4f (.const:xdc_runtime_IModule_Interface__BASE__C)
                  00006494    00000004     hello_pem4f.oem4f (.const:xdc_runtime_Log_L_error__C)
                  00006498    00000004     hello_pem4f.oem4f (.const:xdc_runtime_Memory_defaultHeapInstance__C)
                  0000649c    00000004     hello_pem4f.oem4f (.const:xdc_runtime_Startup_execImpl__C)
                  000064a0    00000004     hello_pem4f.oem4f (.const:xdc_runtime_Startup_maxPasses__C)
                  000064a4    00000004     hello_pem4f.oem4f (.const:xdc_runtime_Startup_sfxnRts__C)
                  000064a8    00000004     hello_pem4f.oem4f (.const:xdc_runtime_Startup_sfxnTab__C)
                  000064ac    00000004     hello_pem4f.oem4f (.const:xdc_runtime_SysMin_bufSize__C)
                  000064b0    00000004     hello_pem4f.oem4f (.const:xdc_runtime_SysMin_outputFunc__C)
                  000064b4    00000004     hello_pem4f.oem4f (.const:xdc_runtime_System_Module__gateObj__C)
                  000064b8    00000004     hello_pem4f.oem4f (.const:xdc_runtime_System_abortFxn__C)
                  000064bc    00000004     hello_pem4f.oem4f (.const:xdc_runtime_System_exitFxn__C)
                  000064c0    00000004     hello_pem4f.oem4f (.const:xdc_runtime_System_extendFxn__C)
                  000064c4    00000004     hello_pem4f.oem4f (.const:xdc_runtime_System_maxAtexitHandlers__C)
                  000064c8    00000004     hello_pem4f.oem4f (.const:xdc_runtime_Text_charTab__C)
                  000064cc    00000004     hello_pem4f.oem4f (.const:xdc_runtime_Text_nameEmpty__C)
                  000064d0    00000004     hello_pem4f.oem4f (.const:xdc_runtime_Text_nameStatic__C)
                  000064d4    00000004     hello_pem4f.oem4f (.const:xdc_runtime_Text_nameUnknown__C)
                  000064d8    00000004     hello_pem4f.oem4f (.const:xdc_runtime_Text_nodeTab__C)
                  000064dc    00000004     hello_pem4f.oem4f (.const:xdc_runtime_Text_visitRopeFxn__C)
                  000064e0    00000002     hello_pem4f.oem4f (.const:ti_sysbios_family_arm_m3_Hwi_Module__id__C)
                  000064e2    00000002     hello_pem4f.oem4f (.const:ti_sysbios_family_arm_msp432_init_Boot_bypassHFXT__C)
                  000064e4    00000002     hello_pem4f.oem4f (.const:ti_sysbios_family_arm_msp432_init_Boot_bypassLFXT__C)
                  000064e6    00000002     hello_pem4f.oem4f (.const:ti_sysbios_family_arm_msp432_init_Boot_enableHFXT__C)
                  000064e8    00000002     hello_pem4f.oem4f (.const:ti_sysbios_family_arm_msp432_init_Boot_enableLFXT__C)
                  000064ea    00000002     hello_pem4f.oem4f (.const:ti_sysbios_hal_Hwi_Module__id__C)
                  000064ec    00000002     hello_pem4f.oem4f (.const:ti_sysbios_heaps_HeapMem_Module__id__C)
                  000064ee    00000002     hello_pem4f.oem4f (.const:ti_sysbios_knl_Task_Module__id__C)
                  000064f0    00000002     hello_pem4f.oem4f (.const:xdc_runtime_Core_Module__id__C)
                  000064f2    00000002     hello_pem4f.oem4f (.const:xdc_runtime_Error_Module__loggerDefined__C)
                  000064f4    00000002     hello_pem4f.oem4f (.const:xdc_runtime_Error_maxDepth__C)
                  000064f6    00000002     hello_pem4f.oem4f (.const:xdc_runtime_Memory_Module__id__C)
                  000064f8    00000002     hello_pem4f.oem4f (.const:xdc_runtime_SysMin_flushAtExit__C)
                  000064fa    00000002     hello_pem4f.oem4f (.const:xdc_runtime_Text_charCnt__C)
                  000064fc    00000002     hello_pem4f.oem4f (.const:xdc_runtime_Text_isLoaded__C)
                  000064fe    00000002     hello_pem4f.oem4f (.const:xdc_runtime_Text_registryModsLastId__C)
                  00006500    00000002     hello_pem4f.oem4f (.const:xdc_runtime_Text_unnamedModsLastId__C)

.cinit     0    00006508    00000218     
                  00006508    000001ee     (.cinit..data.load) [load image, compression = lzss]
                  000066f6    00000002     --HOLE-- [fill = 0]
                  000066f8    0000000c     (__TI_handler_table)
                  00006704    00000004     --HOLE-- [fill = 0]
                  00006708    00000008     (.cinit..bss.load) [load image, compression = zero_init]
                  00006710    00000010     (__TI_cinit_table)

.init_array 
*          0    00000000    00000000     UNINITIALIZED

.vecs      0    20000000    00000140     NOLOAD SECTION
                  20000000    00000140     hello_pem4f.oem4f (.vecs)

.priheap   0    20000140    00008000     UNINITIALIZED
                  20000140    00008000     --HOLE--

.bss       0    20008140    00000668     UNINITIALIZED
                  20008140    00000200     hello_pem4f.oem4f (.bss:taskStackSection)
                  20008340    00000200     (.common:xdc_runtime_SysMin_Module_State_0_outbuf__A)
                  20008540    00000140     (.common:ti_sysbios_family_arm_m3_Hwi_dispatchTable)
                  20008680    00000120     rtsv7M4_T_le_v4SPD16_eabi.lib : trgmsg.obj (.bss:_CIOBUF_)
                  200087a0    00000008     (.common:parmbuf)

.data      0    200087a8    000004fc     UNINITIALIZED
                  200087a8    000000d0     drivers_msp432p401x.aem4f : PowerMSP432.oem4f (.data:PowerMSP432_perfLevels)
                  20008878    00000080     hello_pem4f.oem4f (.data:ti_sysbios_knl_Swi_Module_State_0_readyQ__A)
                  200088f8    00000080     hello_pem4f.oem4f (.data:ti_sysbios_knl_Task_Module_State_0_readyQ__A)
                  20008978    0000004c     hello_pem4f.oem4f (.data:ti_sysbios_family_arm_msp432_Timer_Object__table__V)
                  200089c4    0000004c     hello_pem4f.oem4f (.data:ti_sysbios_knl_Task_Object__table__V)
                  20008a10    00000044     hello_pem4f.oem4f (.data:ti_sysbios_knl_Task_Module__state__V)
                  20008a54    00000038     hello_pem4f.oem4f (.data:ti_sysbios_gates_GateMutex_Object__table__V)
                  20008a8c    00000034     hello_pem4f.oem4f (.data:ti_sysbios_family_arm_m3_Hwi_Module__state__V)
                  20008ac0    00000030     hello_pem4f.oem4f (.data:ti_sysbios_knl_Swi_Object__table__V)
                  20008af0    0000002c     drivers_msp432p401x.aem4f : PowerMSP432.oem4f (.data:PowerMSP432_module)
                  20008b1c    0000002c     hello_pem4f.oem4f (.data:ti_sysbios_knl_Clock_Module__state__V)
                  20008b48    00000024     hello_pem4f.oem4f (.data:ti_sysbios_BIOS_Module__state__V)
                  20008b6c    00000020     hello_pem4f.oem4f (.data:ti_sysbios_family_arm_msp432_Timer_Module_State_0_device__A)
                  20008b8c    00000020     hello_pem4f.oem4f (.data:xdc_runtime_Error_IgnoreBlock)
                  20008bac    0000001c     hello_pem4f.oem4f (.data:ti_sysbios_knl_Swi_Module__state__V)
                  20008bc8    00000018     hello_pem4f.oem4f (.data:ti_sysbios_family_arm_m3_Hwi_Object__table__V)
                  20008be0    00000018     hello_pem4f.oem4f (.data:ti_sysbios_heaps_HeapMem_Object__table__V)
                  20008bf8    00000010     hello_pem4f.oem4f (.data:ti_sysbios_family_arm_msp432_Timer_Module_State_0_handles__A)
                  20008c08    0000000c     rtsv7M4_T_le_v4SPD16_eabi.lib : exit.obj (.data:$O1$$)
                  20008c14    0000000c     hello_pem4f.oem4f (.data:ti_sysbios_family_arm_msp432_ClockFreqs_Module__state__V)
                  20008c20    0000000c     hello_pem4f.oem4f (.data:ti_sysbios_family_arm_msp432_Timer_Module__state__V)
                  20008c2c    0000000c     hello_pem4f.oem4f (.data:xdc_runtime_SysMin_Module__state__V)
                  20008c38    00000008     rtsv7M4_T_le_v4SPD16_eabi.lib : _lock.obj (.data:$O1$$)
                  20008c40    00000008     hello_pem4f.oem4f (.data:ti_sysbios_gates_GateHwi_Module__root__V)
                  20008c48    00000008     hello_pem4f.oem4f (.data:ti_sysbios_gates_GateMutex_Module__root__V)
                  20008c50    00000008     hello_pem4f.oem4f (.data:ti_sysbios_heaps_HeapMem_Module__root__V)
                  20008c58    00000008     hello_pem4f.oem4f (.data:ti_sysbios_knl_Queue_Module__root__V)
                  20008c60    00000008     hello_pem4f.oem4f (.data:ti_sysbios_knl_Semaphore_Module__root__V)
                  20008c68    00000008     hello_pem4f.oem4f (.data:xdc_runtime_Registry_Module__state__V)
                  20008c70    00000008     hello_pem4f.oem4f (.data:xdc_runtime_Startup_Module__state__V)
                  20008c78    00000008     hello_pem4f.oem4f (.data:xdc_runtime_System_Module_State_0_atexitHandlers__A)
                  20008c80    00000008     hello_pem4f.oem4f (.data:xdc_runtime_System_Module__state__V)
                  20008c88    00000004     rtsv7M4_T_le_v4SPD16_eabi.lib : stkdepth_vars.obj (.data)
                  20008c8c    00000004     hello_pem4f.oem4f (.data:ti_sysbios_family_arm_m3_Hwi_Module_State_0_excContext__A)
                  20008c90    00000004     hello_pem4f.oem4f (.data:ti_sysbios_family_arm_m3_Hwi_Module_State_0_excStack__A)
                  20008c94    00000004     hello_pem4f.oem4f (.data:ti_sysbios_gates_GateHwi_Object__table__V)
                  20008c98    00000004     hello_pem4f.oem4f (.data:ti_sysbios_knl_Task_Module_State_0_idleTask__A)
                  20008c9c    00000004     hello_pem4f.oem4f (.data:xdc_runtime_Memory_Module__state__V)
                  20008ca0    00000002     hello_pem4f.oem4f (.data:ti_sysbios_family_arm_m3_Hwi_Module_State_0_excActive__A)
                  20008ca2    00000002     hello_pem4f.oem4f (.data:xdc_runtime_Error_Module__state__V)

.stack     0    2000fc00    00000400     UNINITIALIZED
                  2000fc00    00000400     --HOLE--

.bootVecs 
*          0    00000000    00000008     DSECT
                  00000000    00000008     boot.aem4f : boot.oem4f (.bootVecs)

xdc.meta   0    00000000    000000f7     COPY SECTION
                  00000000    000000f7     hello_pem4f.oem4f (xdc.meta)

MODULE SUMMARY

       Module                     code    ro data   rw data
       ------                     ----    -------   -------
    .\
       hello.obj                  38      0         0      
       MSP_EXP432P401R.obj        8       28        0      
    +--+--------------------------+-------+---------+---------+
       Total:                     46      28        0      
                                                           
    C:\Users\saber\workspace_v7\hello_MSP_EXP432P401R_tirtos_ccs\Debug\configPkg\package\cfg\
       hello_pem4f.oem4f          1460    7318      5328   
    +--+--------------------------+-------+---------+---------+
       Total:                     1460    7318      5328   
                                                           
    C:/ti/simplelink_msp432p4_sdk_1_50_00_12/kernel/tirtos/packages/ti/dpl/lib/dpl_msp432p401x.aem4f
       PowerMSP432_tirtos.oem4f   126     0         0      
    +--+--------------------------+-------+---------+---------+
       Total:                     126     0         0      
                                                           
    C:/ti/simplelink_msp432p4_sdk_1_50_00_12/source/ti/devices/msp432p4xx/driverlib/ccs/msp432p4xx_driverlib.lib
       pcm_MSP432P4XX.obj         1186    0         0      
       rtc_c_MSP432P4XX.obj       36      0         0      
       cpu_MSP432P4XX.obj         28      0         0      
       wdt_a_MSP432P4XX.obj       24      0         0      
       sysctl_MSP432P4XX.obj      16      0         0      
    +--+--------------------------+-------+---------+---------+
       Total:                     1290    0         0      
                                                           
    C:/ti/simplelink_msp432p4_sdk_1_50_00_12/source/ti/drivers/lib/drivers_msp432p401x.aem4f
       PowerMSP432.oem4f          1424    0         504    
       List.oem4f                 8       0         0      
    +--+--------------------------+-------+---------+---------+
       Total:                     1432    0         504    
                                                           
    C:\Users\saber\workspace_v7\hello_MSP_EXP432P401R_tirtos_ccs\src\sysbios\sysbios.aem4f
       BIOS.obj                   8186    0         0      
       m3_Hwi_asm.obj             310     0         0      
       m3_TaskSupport_asm.obj     180     0         0      
       m3_Hwi_asm_switch.obj      118     0         0      
    +--+--------------------------+-------+---------+---------+
       Total:                     8794    0         0      
                                                           
    C:\ti73\ccsv7\tools\compiler\ti-cgt-arm_16.9.4.LTS\lib\rtsv7M4_T_le_v4SPD16_eabi.lib
       trgmsg.obj                 104     0         576    
       memcpy_t2.obj              156     0         0      
       memset_t2.obj              122     0         0      
       exit.obj                   84      0         24     
       copy_decompress_lzss.obj   104     0         0      
       hostwrite.obj              88      0         0      
       cpy_tbl.obj                76      0         0      
       u_divt2.obj                64      0         0      
       _lock.obj                  20      0         16     
       args_main.obj              24      0         0      
       strlen.obj                 20      0         0      
       hostopen.obj               0       0         16     
       copy_decompress_none.obj   14      0         0      
       copy_zero_init.obj         12      0         0      
       stkdepth_vars.obj          0       0         8      
       i_div0.obj                 2       0         0      
    +--+--------------------------+-------+---------+---------+
       Total:                     890     0         640    
                                                           
    C:\ti\simplelink_msp432p4_sdk_1_50_00_12\kernel\tirtos\packages\ti\targets\arm\rtsarm\lib\auto_init.aem4f
       auto_init.oem4f            160     0         0      
    +--+--------------------------+-------+---------+---------+
       Total:                     160     0         0      
                                                           
    C:\ti\simplelink_msp432p4_sdk_1_50_00_12\kernel\tirtos\packages\ti\targets\arm\rtsarm\lib\boot.aem4f
       boot.oem4f                 88      0         0      
    +--+--------------------------+-------+---------+---------+
       Total:                     88      0         0      
                                                           
    C:\ti\simplelink_msp432p4_sdk_1_50_00_12\kernel\tirtos\packages\ti\targets\arm\rtsarm\lib\ti.targets.arm.rtsarm.aem4f
       System.oem4f               1263    0         0      
       Text.oem4f                 668     0         0      
       Error.oem4f                568     0         0      
       Startup.oem4f              340     0         0      
       Core-mem.oem4f             334     0         0      
       SysMin.oem4f               248     0         0      
       Core-smem.oem4f            204     0         0      
       Memory.oem4f               176     0         0      
       Assert.oem4f               84      0         0      
       Core-params.oem4f          70      0         0      
       Core-label.oem4f           52      0         0      
       Registry.oem4f             32      0         0      
       Gate.oem4f                 28      0         0      
    +--+--------------------------+-------+---------+---------+
       Total:                     4067    0         0      
                                                           
       Stack:                     0       0         2048   
       Linker Generated:          0       530       0      
    +--+--------------------------+-------+---------+---------+
       Grand Total:               18353   7876      8520   


LINKER GENERATED COPY TABLES

__TI_cinit_table @ 00006710 records: 2, size/record: 8, table size: 16
	.data: load addr=00006508, load size=000001ee bytes, run addr=200087a8, run size=000004fc bytes, compression=lzss
	.bss: load addr=00006708, load size=00000008 bytes, run addr=20008140, run size=00000668 bytes, compression=zero_init


LINKER GENERATED HANDLER TABLE

__TI_handler_table @ 000066f8 records: 3, size/record: 4, table size: 12
	index: 0, handler: __TI_decompress_lzss
	index: 1, handler: __TI_decompress_none
	index: 2, handler: __TI_zero_init


GLOBAL SYMBOLS: SORTED ALPHABETICALLY BY Name 

address   name                                                            
-------   ----                                                            
000030ad  C$$EXIT                                                         
00002b57  C$$IO$$                                                         
0000475f  CPU_cpsid                                                       
0000476b  CPU_cpsie                                                       
00001075  CPU_wfi                                                         
00008000  HEAPSIZE                                                        
00002f51  HOSTwrite                                                       
00001535  List_head                                                       
00001bb5  List_next                                                       
0000480d  MSP_EXP432P401R_initGeneral                                     
00003d11  PCM_getCoreVoltageLevel                                         
00003e19  PCM_getPowerMode                                                
0000460d  PCM_getPowerState                                               
00003e6d  PCM_gotoLPM0                                                    
0000264d  PCM_gotoLPM3                                                    
0000461d  PCM_gotoLPM4                                                    
00004815  PCM_setPowerMode                                                
0000481d  PCM_setPowerState                                               
000031a9  PCM_shutdownDevice                                              
00006318  PowerMSP432_config                                              
000025cf  PowerMSP432_initPolicy                                          
20008af0  PowerMSP432_module                                              
200087a8  PowerMSP432_perfLevels                                          
000031f9  PowerMSP432_sleepPolicy                                         
00003d3d  PowerMSP432_updateFreqs                                         
00004779  Power_getConstraintMask                                         
00004449  Power_idleFunc                                                  
000026c5  Power_init                                                      
000007c5  Power_sleep                                                     
00003f85  RTC_C_holdClock                                                 
UNDEFED   SHT$$INIT_ARRAY$$Base                                           
UNDEFED   SHT$$INIT_ARRAY$$Limit                                          
0000462d  SysCtl_getNMISourceStatus                                       
4000480c  WDTCTL_SYM                                                      
00004461  WDT_A_holdTimer                                                 
00000000  __ASM__                                                         
20008680  __CIOBUF_                                                       
00000073  __ISA__                                                         
00000086  __PLAT__                                                        
20010000  __STACK_END                                                     
00000400  __STACK_SIZE                                                    
000000a9  __TARG__                                                        
00006710  __TI_CINIT_Base                                                 
00006720  __TI_CINIT_Limit                                                
000066f8  __TI_Handler_Table_Base                                         
00006704  __TI_Handler_Table_Limit                                        
00002011  __TI_auto_init                                                  
20008c08  __TI_cleanup_ptr                                                
00002ac1  __TI_decompress_lzss                                            
00004731  __TI_decompress_none                                            
20008c0c  __TI_dtors_ptr                                                  
20008c10  __TI_enable_exit_profile_output                                 
ffffffff  __TI_pprof_out_hndl                                             
ffffffff  __TI_prof_data_size                                             
ffffffff  __TI_prof_data_start                                            
00002b5b  __TI_readmsg                                                    
00006508  __TI_static_base__                                              
00002b29  __TI_writemsg                                                   
00004785  __TI_zero_init                                                  
000000cf  __TRDR__                                                        
0000264b  __aeabi_idiv0                                                   
00002555  __aeabi_memclr                                                  
00002555  __aeabi_memclr4                                                 
00002555  __aeabi_memclr8                                                 
0000214f  __aeabi_memcpy                                                  
0000214f  __aeabi_memcpy4                                                 
0000214f  __aeabi_memcpy8                                                 
00002557  __aeabi_memset                                                  
00002557  __aeabi_memset4                                                 
00002557  __aeabi_memset8                                                 
00003739  __aeabi_uidiv                                                   
00003739  __aeabi_uidivmod                                                
ffffffff  __binit__                                                       
ffffffff  __c_args__                                                      
20008140  __primary_heap_end__                                            
20000140  __primary_heap_start__                                          
2000fc00  __stack                                                         
00004479  _args_main                                                      
00002ef9  _c_int00                                                        
20008c38  _lock                                                           
00004577  _nop                                                            
0000456f  _register_lock                                                  
00004569  _register_unlock                                                
20008c3c  _unlock                                                         
000030b1  abort                                                           
ffffffff  binit                                                           
00003339  copy_in                                                         
000030b9  exit                                                            
00003f11  main                                                            
20008c88  main_func_sp                                                    
0000214f  memcpy                                                          
0000255d  memset                                                          
200087a0  parmbuf                                                         
0000457d  strlen                                                          
20008b48  ti_sysbios_BIOS_Module__state__V                                
00004395  ti_sysbios_BIOS_RtsGateProxy_Handle__label__S                   
00001d3d  ti_sysbios_BIOS_RtsGateProxy_enter__E                           
00001dfd  ti_sysbios_BIOS_RtsGateProxy_leave__E                           
00004869  ti_sysbios_BIOS_RtsGateProxy_query__E                           
00003a9d  ti_sysbios_BIOS_atExitFunc__I                                   
00003fa9  ti_sysbios_BIOS_errorRaiseHook__I                               
00004551  ti_sysbios_BIOS_exitFunc__I                                     
00004641  ti_sysbios_BIOS_exit__E                                         
00004879  ti_sysbios_BIOS_linkedWithIncorrectBootLibrary__E               
00002977  ti_sysbios_BIOS_nullFunc__I                                     
00003fcd  ti_sysbios_BIOS_registerRTSLock__I                              
00003ff1  ti_sysbios_BIOS_removeRTSLock__I                                
0000411d  ti_sysbios_BIOS_rtsLock__I                                      
00004491  ti_sysbios_BIOS_rtsUnlock__I                                    
00004651  ti_sysbios_BIOS_setCpuFreq__E                                   
00004661  ti_sysbios_BIOS_setThreadType__E                                
00003acd  ti_sysbios_BIOS_startFunc__I                                    
000063c0  ti_sysbios_family_arm_m3_Hwi_E_NMI__C                           
000063c4  ti_sysbios_family_arm_m3_Hwi_E_busFault__C                      
000063c8  ti_sysbios_family_arm_m3_Hwi_E_debugMon__C                      
000063cc  ti_sysbios_family_arm_m3_Hwi_E_hardFault__C                     
000063d0  ti_sysbios_family_arm_m3_Hwi_E_memFault__C                      
000063d4  ti_sysbios_family_arm_m3_Hwi_E_noIsr__C                         
000063d8  ti_sysbios_family_arm_m3_Hwi_E_reserved__C                      
000063dc  ti_sysbios_family_arm_m3_Hwi_E_svCall__C                        
000063e0  ti_sysbios_family_arm_m3_Hwi_E_usageFault__C                    
00004361  ti_sysbios_family_arm_m3_Hwi_Handle__label__S                   
20008ca0  ti_sysbios_family_arm_m3_Hwi_Module_State_0_excActive__A        
20008c8c  ti_sysbios_family_arm_m3_Hwi_Module_State_0_excContext__A       
20008c90  ti_sysbios_family_arm_m3_Hwi_Module_State_0_excStack__A         
000064e0  ti_sysbios_family_arm_m3_Hwi_Module__id__C                      
000044a9  ti_sysbios_family_arm_m3_Hwi_Module__startupDone__F             
000044a9  ti_sysbios_family_arm_m3_Hwi_Module__startupDone__S             
20008a8c  ti_sysbios_family_arm_m3_Hwi_Module__state__V                   
00003249  ti_sysbios_family_arm_m3_Hwi_Module_startup__E                  
000063e4  ti_sysbios_family_arm_m3_Hwi_NUM_INTERRUPTS__C                  
000063e8  ti_sysbios_family_arm_m3_Hwi_Object__count__C                   
00004591  ti_sysbios_family_arm_m3_Hwi_Object__get__S                     
20008bc8  ti_sysbios_family_arm_m3_Hwi_Object__table__V                   
000063ec  ti_sysbios_family_arm_m3_Hwi_ccr__C                             
00002bf9  ti_sysbios_family_arm_m3_Hwi_dispatchC__I                       
20008540  ti_sysbios_family_arm_m3_Hwi_dispatchTable                      
00001835  ti_sysbios_family_arm_m3_Hwi_dispatch__I                        
00004829  ti_sysbios_family_arm_m3_Hwi_doSwiRestore__I                    
00004839  ti_sysbios_family_arm_m3_Hwi_doTaskRestore__I                   
000034c9  ti_sysbios_family_arm_m3_Hwi_enableInterrupt__E                 
00000c39  ti_sysbios_family_arm_m3_Hwi_excBusFault__I                     
00001c81  ti_sysbios_family_arm_m3_Hwi_excDebugMon__I                     
00000041  ti_sysbios_family_arm_m3_Hwi_excDumpRegs__I                     
00001429  ti_sysbios_family_arm_m3_Hwi_excFillContext__I                  
0000413d  ti_sysbios_family_arm_m3_Hwi_excHandlerAsm__I                   
000063f0  ti_sysbios_family_arm_m3_Hwi_excHandlerFunc__C                  
00001539  ti_sysbios_family_arm_m3_Hwi_excHandlerMax__I                   
00004161  ti_sysbios_family_arm_m3_Hwi_excHandler__I                      
00001d41  ti_sysbios_family_arm_m3_Hwi_excHardFault__I                    
00006398  ti_sysbios_family_arm_m3_Hwi_excHookFuncs__A                    
000063f4  ti_sysbios_family_arm_m3_Hwi_excHookFuncs__C                    
00001079  ti_sysbios_family_arm_m3_Hwi_excMemFault__I                     
00003959  ti_sysbios_family_arm_m3_Hwi_excNmi__I                          
00003879  ti_sysbios_family_arm_m3_Hwi_excNoIsr__I                        
00003511  ti_sysbios_family_arm_m3_Hwi_excReserved__I                     
000037f9  ti_sysbios_family_arm_m3_Hwi_excSvCall__I                       
00000f11  ti_sysbios_family_arm_m3_Hwi_excUsageFault__I                   
000035a1  ti_sysbios_family_arm_m3_Hwi_getStackInfo__E                    
00002329  ti_sysbios_family_arm_m3_Hwi_initNVIC__E                        
00002fa9  ti_sysbios_family_arm_m3_Hwi_initStacks__E                      
00001909  ti_sysbios_family_arm_m3_Hwi_interruptsAreDisabledButShouldNotBe
000063f8  ti_sysbios_family_arm_m3_Hwi_nullIsrFunc__C                     
e000e000  ti_sysbios_family_arm_m3_Hwi_nvic                               
00003f37  ti_sysbios_family_arm_m3_Hwi_pendSV__I                          
00002449  ti_sysbios_family_arm_m3_Hwi_postInit__I                        
000063fc  ti_sysbios_family_arm_m3_Hwi_priGroup__C                        
20000000  ti_sysbios_family_arm_m3_Hwi_ramVectors                         
00000000  ti_sysbios_family_arm_m3_Hwi_resetVectors                       
00003f5b  ti_sysbios_family_arm_m3_Hwi_return                             
00004831  ti_sysbios_family_arm_m3_Hwi_startup__E                         
00006400  ti_sysbios_family_arm_m3_Hwi_swiDisable__C                      
00006404  ti_sysbios_family_arm_m3_Hwi_swiRestoreHwi__C                   
000045a9  ti_sysbios_family_arm_m3_Hwi_switchFromBootStack__E             
00001f65  ti_sysbios_family_arm_m3_TaskSupport_Module__startupDone__S     
000023bd  ti_sysbios_family_arm_m3_TaskSupport_buildTaskStack             
00004791  ti_sysbios_family_arm_m3_TaskSupport_checkStack__E              
00004671  ti_sysbios_family_arm_m3_TaskSupport_glue                       
00003b01  ti_sysbios_family_arm_m3_TaskSupport_start__E                   
000044c1  ti_sysbios_family_arm_m3_TaskSupport_swap__E                    
20008c14  ti_sysbios_family_arm_msp432_ClockFreqs_Module__state__V        
00004019  ti_sysbios_family_arm_msp432_ClockFreqs_setFrequency__E         
20008b6c  ti_sysbios_family_arm_msp432_Timer_Module_State_0_device__A     
20008bf8  ti_sysbios_family_arm_msp432_Timer_Module_State_0_handles__A    
000044d9  ti_sysbios_family_arm_msp432_Timer_Module__startupDone__F       
000044d9  ti_sysbios_family_arm_msp432_Timer_Module__startupDone__S       
20008c20  ti_sysbios_family_arm_msp432_Timer_Module__state__V             
00002c61  ti_sysbios_family_arm_msp432_Timer_Module_startup__E            
20008978  ti_sysbios_family_arm_msp432_Timer_Object__table__V             
000047a1  ti_sysbios_family_arm_msp432_Timer_getMaxTicks__E               
00003101  ti_sysbios_family_arm_msp432_Timer_initDevice__I                
00006408  ti_sysbios_family_arm_msp432_Timer_numTimerDevices__C           
00001f69  ti_sysbios_family_arm_msp432_Timer_periodicStub__E              
00003b31  ti_sysbios_family_arm_msp432_Timer_setPeriod__E                 
00003389  ti_sysbios_family_arm_msp432_Timer_start__E                     
0000640c  ti_sysbios_family_arm_msp432_Timer_startupNeeded__C             
00003779  ti_sysbios_family_arm_msp432_Timer_startup__E                   
000064e2  ti_sysbios_family_arm_msp432_init_Boot_bypassHFXT__C            
000064e4  ti_sysbios_family_arm_msp432_init_Boot_bypassLFXT__C            
00003991  ti_sysbios_family_arm_msp432_init_Boot_configureClocksHigh      
00004681  ti_sysbios_family_arm_msp432_init_Boot_disableWatchdog          
000064e6  ti_sysbios_family_arm_msp432_init_Boot_enableHFXT__C            
000064e8  ti_sysbios_family_arm_msp432_init_Boot_enableLFXT__C            
00004431  ti_sysbios_family_arm_msp432_init_Boot_init__I                  
00001bb9  ti_sysbios_family_arm_msp432_init_Boot_setupCS                  
00004241  ti_sysbios_family_xxx_Hwi_switchAndRunFunc                      
0000437b  ti_sysbios_gates_GateHwi_Handle__label__S                       
00004881  ti_sysbios_gates_GateHwi_Instance_init__E                       
000061c8  ti_sysbios_gates_GateHwi_Module__FXNS__C                        
20008c40  ti_sysbios_gates_GateHwi_Module__root__V                        
00006258  ti_sysbios_gates_GateHwi_Object__DESC__C                        
00006334  ti_sysbios_gates_GateHwi_Object__PARAMS__C                      
00003b61  ti_sysbios_gates_GateHwi_Object__create__S                      
00004181  ti_sysbios_gates_GateHwi_Object__delete__S                      
20008c94  ti_sysbios_gates_GateHwi_Object__table__V                       
000047b1  ti_sysbios_gates_GateHwi_enter__E                               
00004841  ti_sysbios_gates_GateHwi_leave__E                               
00004861  ti_sysbios_gates_GateHwi_query__E                               
00004395  ti_sysbios_gates_GateMutex_Handle__label__S                     
00006410  ti_sysbios_gates_GateMutex_Instance_State_sem__O                
00004691  ti_sysbios_gates_GateMutex_Instance_finalize__E                 
00004261  ti_sysbios_gates_GateMutex_Instance_init__E                     
000061ec  ti_sysbios_gates_GateMutex_Module__FXNS__C                      
20008c48  ti_sysbios_gates_GateMutex_Module__root__V                      
00006278  ti_sysbios_gates_GateMutex_Object__DESC__C                      
0000634c  ti_sysbios_gates_GateMutex_Object__PARAMS__C                    
00003b91  ti_sysbios_gates_GateMutex_Object__create__S                    
0000403d  ti_sysbios_gates_GateMutex_Object__delete__S                    
20008a54  ti_sysbios_gates_GateMutex_Object__table__V                     
00003bc1  ti_sysbios_gates_GateMutex_enter__E                             
000044f1  ti_sysbios_gates_GateMutex_leave__E                             
00004869  ti_sysbios_gates_GateMutex_query__E                             
00006414  ti_sysbios_hal_Hwi_E_stackOverflow__C                           
00004361  ti_sysbios_hal_Hwi_HwiProxy_Handle__label__S                    
000044a9  ti_sysbios_hal_Hwi_HwiProxy_Module__startupDone__S              
000034c9  ti_sysbios_hal_Hwi_HwiProxy_enableInterrupt__E                  
000035a1  ti_sysbios_hal_Hwi_HwiProxy_getStackInfo__E                     
00004831  ti_sysbios_hal_Hwi_HwiProxy_startup__E                          
000045a9  ti_sysbios_hal_Hwi_HwiProxy_switchFromBootStack__E              
000064ea  ti_sysbios_hal_Hwi_Module__id__C                                
000045e9  ti_sysbios_hal_Hwi_Module_startup__E                            
000039c9  ti_sysbios_hal_Hwi_checkStack                                   
00003a69  ti_sysbios_hal_Hwi_initStack                                    
00006418  ti_sysbios_heaps_HeapMem_E_memory__C                            
000043af  ti_sysbios_heaps_HeapMem_Handle__label__S                       
000037b9  ti_sysbios_heaps_HeapMem_Instance_init__E                       
00004395  ti_sysbios_heaps_HeapMem_Module_GateProxy_Handle__label__S      
00002325  ti_sysbios_heaps_HeapMem_Module_GateProxy_enter__E              
000024cd  ti_sysbios_heaps_HeapMem_Module_GateProxy_leave__E              
00004869  ti_sysbios_heaps_HeapMem_Module_GateProxy_query__E              
000061a0  ti_sysbios_heaps_HeapMem_Module__FXNS__C                        
0000641c  ti_sysbios_heaps_HeapMem_Module__gateObj__C                     
000064ec  ti_sysbios_heaps_HeapMem_Module__id__C                          
20008c50  ti_sysbios_heaps_HeapMem_Module__root__V                        
00006298  ti_sysbios_heaps_HeapMem_Object__DESC__C                        
00006210  ti_sysbios_heaps_HeapMem_Object__PARAMS__C                      
00006420  ti_sysbios_heaps_HeapMem_Object__count__C                       
00003bf1  ti_sysbios_heaps_HeapMem_Object__create__S                      
000041a1  ti_sysbios_heaps_HeapMem_Object__delete__S                      
000045bd  ti_sysbios_heaps_HeapMem_Object__get__S                         
20008be0  ti_sysbios_heaps_HeapMem_Object__table__V                       
000025d1  ti_sysbios_heaps_HeapMem_allocUnprotected__E                    
00003001  ti_sysbios_heaps_HeapMem_alloc__E                               
000024d1  ti_sysbios_heaps_HeapMem_free__E                                
000033d9  ti_sysbios_heaps_HeapMem_getStats__E                            
00002741  ti_sysbios_heaps_HeapMem_initPrimary__I                         
00004849  ti_sysbios_heaps_HeapMem_isBlocking__E                          
00006424  ti_sysbios_heaps_HeapMem_primaryHeapBaseAddr__C                 
00006428  ti_sysbios_heaps_HeapMem_primaryHeapEndAddr__C                  
0000642c  ti_sysbios_heaps_HeapMem_reqAlign__C                            
00006430  ti_sysbios_knl_Clock_Module_State_clockQ__O                     
20008b1c  ti_sysbios_knl_Clock_Module__state__V                           
00004061  ti_sysbios_knl_Clock_Module_startup__E                          
000044d9  ti_sysbios_knl_Clock_TimerProxy_Module__startupDone__S          
[...]
000044a9  ti_sysbios_family_arm_m3_Hwi_Module__startupDone__F             
000044a9  ti_sysbios_family_arm_m3_Hwi_Module__startupDone__S             
000044a9  ti_sysbios_hal_Hwi_HwiProxy_Module__startupDone__S              
000044c1  ti_sysbios_family_arm_m3_TaskSupport_swap__E                    
000044c1  ti_sysbios_knl_Task_SupportProxy_swap__E                        
000044cd  ti_sysbios_knl_Task_swapReturn                                  
000044d9  ti_sysbios_family_arm_msp432_Timer_Module__startupDone__F       
000044d9  ti_sysbios_family_arm_msp432_Timer_Module__startupDone__S       
000044d9  ti_sysbios_knl_Clock_TimerProxy_Module__startupDone__S          
000044f1  ti_sysbios_gates_GateMutex_leave__E                             
00004509  xdc_runtime_Error_init__E                                       
00004521  xdc_runtime_System_exit__E                                      
00004539  xdc_runtime_Text_ropeText__E                                    
00004551  ti_sysbios_BIOS_exitFunc__I                                     
00004569  _register_unlock                                                
0000456f  _register_lock                                                  
00004577  _nop                                                            
0000457d  strlen                                                          
00004591  ti_sysbios_family_arm_m3_Hwi_Object__get__S                     
000045a9  ti_sysbios_family_arm_m3_Hwi_switchFromBootStack__E             
000045a9  ti_sysbios_hal_Hwi_HwiProxy_switchFromBootStack__E              
000045bd  ti_sysbios_heaps_HeapMem_Object__get__S                         
000045d1  ti_sysbios_knl_Swi_Object__get__S                               
000045e9  ti_sysbios_hal_Hwi_Module_startup__E                            
000045fb  xdc_runtime_Startup_exec__I                                     
0000460d  PCM_getPowerState                                               
0000461d  PCM_gotoLPM4                                                    
0000462d  SysCtl_getNMISourceStatus                                       
00004641  ti_sysbios_BIOS_exit__E                                         
00004651  ti_sysbios_BIOS_setCpuFreq__E                                   
00004661  ti_sysbios_BIOS_setThreadType__E                                
00004671  ti_sysbios_family_arm_m3_TaskSupport_glue                       
00004681  ti_sysbios_family_arm_msp432_init_Boot_disableWatchdog          
00004691  ti_sysbios_gates_GateMutex_Instance_finalize__E                 
000046a1  ti_sysbios_knl_Semaphore_Instance_finalize__E                   
000046b1  ti_sysbios_knl_Swi_disable__E                                   
000046c1  ti_sysbios_knl_Task_Object__get__S                              
000046d1  ti_sysbios_knl_Task_disable__E                                  
000046e1  xdc_runtime_Gate_leaveSystem__E                                 
000046f1  xdc_runtime_Memory_free__E                                      
00004701  xdc_runtime_SysMin_ready__E                                     
00004701  xdc_runtime_System_SupportProxy_ready__E                        
00004711  xdc_runtime_System_vsnprintf__E                                 
00004721  xdc_runtime_Text_visitRope__I                                   
00004731  __TI_decompress_none                                            
00004741  ti_sysbios_knl_Idle_loop__E                                     
00004751  ti_sysbios_knl_Queue_empty__E                                   
0000475f  CPU_cpsid                                                       
0000476b  CPU_cpsie                                                       
00004779  Power_getConstraintMask                                         
00004785  __TI_zero_init                                                  
00004791  ti_sysbios_family_arm_m3_TaskSupport_checkStack__E              
00004791  ti_sysbios_knl_Task_SupportProxy_checkStack__E                  
000047a1  ti_sysbios_family_arm_msp432_Timer_getMaxTicks__E               
000047b1  ti_sysbios_gates_GateHwi_enter__E                               
000047bd  ti_sysbios_knl_Queue_Object__get__S                             
000047c9  xdc_runtime_Gate_enterSystem__E                                 
000047d5  xdc_runtime_Memory_calloc__E                                    
000047e1  xdc_runtime_Memory_getMaxDefaultTypeAlign__E                    
000047ed  xdc_runtime_Startup_rtsDone__E                                  
000047f9  xdc_runtime_Memory_HeapProxy_alloc__E                           
00004803  xdc_runtime_Memory_HeapProxy_free__E                            
0000480d  MSP_EXP432P401R_initGeneral                                     
00004815  PCM_setPowerMode                                                
0000481d  PCM_setPowerState                                               
00004829  ti_sysbios_family_arm_m3_Hwi_doSwiRestore__I                    
00004831  ti_sysbios_family_arm_m3_Hwi_startup__E                         
00004831  ti_sysbios_hal_Hwi_HwiProxy_startup__E                          
00004839  ti_sysbios_family_arm_m3_Hwi_doTaskRestore__I                   
00004841  ti_sysbios_gates_GateHwi_leave__E                               
00004849  ti_sysbios_heaps_HeapMem_isBlocking__E                          
00004851  ti_sysbios_knl_Queue_Instance_init__E                           
00004859  ti_sysbios_knl_Swi_startup__E                                   
00004861  ti_sysbios_gates_GateHwi_query__E                               
00004861  xdc_runtime_Main_Module_GateProxy_query__E                      
00004861  xdc_runtime_System_Module_GateProxy_query__E                    
00004869  ti_sysbios_BIOS_RtsGateProxy_query__E                           
00004869  ti_sysbios_gates_GateMutex_query__E                             
00004869  ti_sysbios_heaps_HeapMem_Module_GateProxy_query__E              
00004871  ti_sysbios_knl_Task_startup__E                                  
00004879  ti_sysbios_BIOS_linkedWithIncorrectBootLibrary__E               
00004881  ti_sysbios_gates_GateHwi_Instance_init__E                       
00004889  ti_sysbios_knl_Clock_logTick__E                                 
0000488c  xdc_runtime_Text_charTab__A                                     
000060a7  xdc_runtime_Error_policy__C                                     
000060a8  xdc_runtime_Text_nodeTab__A                                     
000061a0  ti_sysbios_heaps_HeapMem_Module__FXNS__C                        
000061c8  ti_sysbios_gates_GateHwi_Module__FXNS__C                        
000061ec  ti_sysbios_gates_GateMutex_Module__FXNS__C                      
00006210  ti_sysbios_heaps_HeapMem_Object__PARAMS__C                      
00006234  ti_sysbios_knl_Semaphore_Object__PARAMS__C                      
00006258  ti_sysbios_gates_GateHwi_Object__DESC__C                        
00006278  ti_sysbios_gates_GateMutex_Object__DESC__C                      
00006298  ti_sysbios_heaps_HeapMem_Object__DESC__C                        
000062b8  ti_sysbios_knl_Queue_Object__DESC__C                            
000062d8  ti_sysbios_knl_Semaphore_Object__DESC__C                        
000062f8  xdc_runtime_Startup_sfxnTab__A                                  
00006318  PowerMSP432_config                                              
00006334  ti_sysbios_gates_GateHwi_Object__PARAMS__C                      
0000634c  ti_sysbios_gates_GateMutex_Object__PARAMS__C                    
00006364  ti_sysbios_knl_Queue_Object__PARAMS__C                          
0000637c  xdc_runtime_Startup_sfxnRts__A                                  
0000638c  xdc_runtime_Startup_firstFxns__A                                
00006398  ti_sysbios_family_arm_m3_Hwi_excHookFuncs__A                    
000063a0  ti_sysbios_knl_Idle_funcList__A                                 
000063a8  ti_sysbios_knl_Idle_funcList__C                                 
000063b0  xdc_runtime_Startup_firstFxns__C                                
000063b8  xdc_runtime_Startup_lastFxns__C                                 
000063c0  ti_sysbios_family_arm_m3_Hwi_E_NMI__C                           
000063c4  ti_sysbios_family_arm_m3_Hwi_E_busFault__C                      
000063c8  ti_sysbios_family_arm_m3_Hwi_E_debugMon__C                      
000063cc  ti_sysbios_family_arm_m3_Hwi_E_hardFault__C                     
000063d0  ti_sysbios_family_arm_m3_Hwi_E_memFault__C                      
000063d4  ti_sysbios_family_arm_m3_Hwi_E_noIsr__C                         
000063d8  ti_sysbios_family_arm_m3_Hwi_E_reserved__C                      
000063dc  ti_sysbios_family_arm_m3_Hwi_E_svCall__C                        
000063e0  ti_sysbios_family_arm_m3_Hwi_E_usageFault__C                    
000063e4  ti_sysbios_family_arm_m3_Hwi_NUM_INTERRUPTS__C                  
000063e8  ti_sysbios_family_arm_m3_Hwi_Object__count__C                   
000063ec  ti_sysbios_family_arm_m3_Hwi_ccr__C                             
000063f0  ti_sysbios_family_arm_m3_Hwi_excHandlerFunc__C                  
000063f4  ti_sysbios_family_arm_m3_Hwi_excHookFuncs__C                    
000063f8  ti_sysbios_family_arm_m3_Hwi_nullIsrFunc__C                     
000063fc  ti_sysbios_family_arm_m3_Hwi_priGroup__C                        
00006400  ti_sysbios_family_arm_m3_Hwi_swiDisable__C                      
00006404  ti_sysbios_family_arm_m3_Hwi_swiRestoreHwi__C                   
00006408  ti_sysbios_family_arm_msp432_Timer_numTimerDevices__C           
0000640c  ti_sysbios_family_arm_msp432_Timer_startupNeeded__C             
00006410  ti_sysbios_gates_GateMutex_Instance_State_sem__O                
00006414  ti_sysbios_hal_Hwi_E_stackOverflow__C                           
00006418  ti_sysbios_heaps_HeapMem_E_memory__C                            
0000641c  ti_sysbios_heaps_HeapMem_Module__gateObj__C                     
00006420  ti_sysbios_heaps_HeapMem_Object__count__C                       
00006424  ti_sysbios_heaps_HeapMem_primaryHeapBaseAddr__C                 
00006428  ti_sysbios_heaps_HeapMem_primaryHeapEndAddr__C                  
0000642c  ti_sysbios_heaps_HeapMem_reqAlign__C                            
00006430  ti_sysbios_knl_Clock_Module_State_clockQ__O                     
00006434  ti_sysbios_knl_Semaphore_Instance_State_pendQ__O                
00006438  ti_sysbios_knl_Swi_Object__count__C                             
0000643c  ti_sysbios_knl_Task_E_spOutOfBounds__C                          
00006440  ti_sysbios_knl_Task_E_stackOverflow__C                          
00006444  ti_sysbios_knl_Task_Module_State_inactiveQ__O                   
00006448  ti_sysbios_knl_Task_Object__count__C                            
0000644c  ti_sysbios_knl_Task_allBlockedFunc__C                           
00006450  ti_sysbios_knl_Task_numConstructedTasks__C                      
00006454  xdc_runtime_Assert_E_assertFailed__C                            
00006458  xdc_runtime_Core_A_initializedParams__C                         
0000645c  xdc_runtime_Core_Module__diagsEnabled__C                        
00006460  xdc_runtime_Core_Module__diagsIncluded__C                       
00006464  xdc_runtime_Core_Module__diagsMask__C                           
00006468  xdc_runtime_Error_E_memory__C                                   
0000646c  xdc_runtime_Error_Module__diagsEnabled__C                       
00006470  xdc_runtime_Error_Module__diagsIncluded__C                      
00006474  xdc_runtime_Error_Module__diagsMask__C                          
00006478  xdc_runtime_Error_Module__loggerFxn8__C                         
0000647c  xdc_runtime_Error_Module__loggerObj__C                          
00006480  xdc_runtime_Error_policyFxn__C                                  
00006484  xdc_runtime_Error_raiseHook__C                                  
00006488  xdc_runtime_IGateProvider_Interface__BASE__C                    
0000648c  xdc_runtime_IHeap_Interface__BASE__C                            
00006490  xdc_runtime_IModule_Interface__BASE__C                          
00006494  xdc_runtime_Log_L_error__C                                      
00006498  xdc_runtime_Memory_defaultHeapInstance__C                       
0000649c  xdc_runtime_Startup_execImpl__C                                 
000064a0  xdc_runtime_Startup_maxPasses__C                                
000064a4  xdc_runtime_Startup_sfxnRts__C                                  
000064a8  xdc_runtime_Startup_sfxnTab__C                                  
000064ac  xdc_runtime_SysMin_bufSize__C                                   
000064b0  xdc_runtime_SysMin_outputFunc__C                                
000064b4  xdc_runtime_System_Module__gateObj__C                           
000064b8  xdc_runtime_System_abortFxn__C                                  
000064bc  xdc_runtime_System_exitFxn__C                                   
000064c0  xdc_runtime_System_extendFxn__C                                 
000064c4  xdc_runtime_System_maxAtexitHandlers__C                         
000064c8  xdc_runtime_Text_charTab__C                                     
000064cc  xdc_runtime_Text_nameEmpty__C                                   
000064d0  xdc_runtime_Text_nameStatic__C                                  
000064d4  xdc_runtime_Text_nameUnknown__C                                 
000064d8  xdc_runtime_Text_nodeTab__C                                     
000064dc  xdc_runtime_Text_visitRopeFxn__C                                
000064e0  ti_sysbios_family_arm_m3_Hwi_Module__id__C                      
000064e2  ti_sysbios_family_arm_msp432_init_Boot_bypassHFXT__C            
000064e4  ti_sysbios_family_arm_msp432_init_Boot_bypassLFXT__C            
000064e6  ti_sysbios_family_arm_msp432_init_Boot_enableHFXT__C            
000064e8  ti_sysbios_family_arm_msp432_init_Boot_enableLFXT__C            
000064ea  ti_sysbios_hal_Hwi_Module__id__C                                
000064ec  ti_sysbios_heaps_HeapMem_Module__id__C                          
000064ee  ti_sysbios_knl_Task_Module__id__C                               
000064f0  xdc_runtime_Core_Module__id__C                                  
000064f2  xdc_runtime_Error_Module__loggerDefined__C                      
000064f4  xdc_runtime_Error_maxDepth__C                                   
000064f6  xdc_runtime_Memory_Module__id__C                                
000064f8  xdc_runtime_SysMin_flushAtExit__C                               
000064fa  xdc_runtime_Text_charCnt__C                                     
000064fc  xdc_runtime_Text_isLoaded__C                                    
000064fe  xdc_runtime_Text_registryModsLastId__C                          
00006500  xdc_runtime_Text_unnamedModsLastId__C                           
00006508  __TI_static_base__                                              
000066f8  __TI_Handler_Table_Base                                         
00006704  __TI_Handler_Table_Limit                                        
00006710  __TI_CINIT_Base                                                 
00006720  __TI_CINIT_Limit                                                
00008000  HEAPSIZE                                                        
20000000  ti_sysbios_family_arm_m3_Hwi_ramVectors                         
20000140  __primary_heap_start__                                          
20008140  __primary_heap_end__                                            
20008140  ti_sysbios_knl_Task_Instance_State_0_stack__A                   
20008340  xdc_runtime_SysMin_Module_State_0_outbuf__A                     
20008540  ti_sysbios_family_arm_m3_Hwi_dispatchTable                      
20008680  __CIOBUF_                                                       
200087a0  parmbuf                                                         
200087a8  PowerMSP432_perfLevels                                          
20008878  ti_sysbios_knl_Swi_Module_State_0_readyQ__A                     
200088f8  ti_sysbios_knl_Task_Module_State_0_readyQ__A                    
20008978  ti_sysbios_family_arm_msp432_Timer_Object__table__V             
200089c4  ti_sysbios_knl_Task_Object__table__V                            
20008a10  ti_sysbios_knl_Task_Module__state__V                            
20008a54  ti_sysbios_gates_GateMutex_Object__table__V                     
20008a8c  ti_sysbios_family_arm_m3_Hwi_Module__state__V                   
20008ac0  ti_sysbios_knl_Swi_Object__table__V                             
20008af0  PowerMSP432_module                                              
20008b1c  ti_sysbios_knl_Clock_Module__state__V                           
20008b48  ti_sysbios_BIOS_Module__state__V                                
20008b6c  ti_sysbios_family_arm_msp432_Timer_Module_State_0_device__A     
20008b8c  xdc_runtime_Error_IgnoreBlock                                   
20008bac  ti_sysbios_knl_Swi_Module__state__V                             
20008bc8  ti_sysbios_family_arm_m3_Hwi_Object__table__V                   
20008be0  ti_sysbios_heaps_HeapMem_Object__table__V                       
20008bf8  ti_sysbios_family_arm_msp432_Timer_Module_State_0_handles__A    
20008c08  __TI_cleanup_ptr                                                
20008c0c  __TI_dtors_ptr                                                  
20008c10  __TI_enable_exit_profile_output                                 
20008c14  ti_sysbios_family_arm_msp432_ClockFreqs_Module__state__V        
20008c20  ti_sysbios_family_arm_msp432_Timer_Module__state__V             
20008c2c  xdc_runtime_SysMin_Module__state__V                             
20008c38  _lock                                                           
20008c3c  _unlock                                                         
20008c40  ti_sysbios_gates_GateHwi_Module__root__V                        
20008c48  ti_sysbios_gates_GateMutex_Module__root__V                      
20008c50  ti_sysbios_heaps_HeapMem_Module__root__V                        
20008c58  ti_sysbios_knl_Queue_Module__root__V                            
20008c60  ti_sysbios_knl_Semaphore_Module__root__V                        
20008c68  xdc_runtime_Registry_Module__state__V                           
20008c70  xdc_runtime_Startup_Module__state__V                            
20008c78  xdc_runtime_System_Module_State_0_atexitHandlers__A             
20008c80  xdc_runtime_System_Module__state__V                             
20008c88  main_func_sp                                                    
20008c8c  ti_sysbios_family_arm_m3_Hwi_Module_State_0_excContext__A       
20008c90  ti_sysbios_family_arm_m3_Hwi_Module_State_0_excStack__A         
20008c94  ti_sysbios_gates_GateHwi_Object__table__V                       
20008c98  ti_sysbios_knl_Task_Module_State_0_idleTask__A                  
20008c9c  xdc_runtime_Memory_Module__state__V                             
20008ca0  ti_sysbios_family_arm_m3_Hwi_Module_State_0_excActive__A        
20008ca2  xdc_runtime_Error_Module__state__V                              
2000fc00  __stack                                                         
20010000  __STACK_END                                                     
4000480c  WDTCTL_SYM                                                      
e000e000  ti_sysbios_family_arm_m3_Hwi_nvic                               
ffffffff  __TI_pprof_out_hndl                                             
ffffffff  __TI_prof_data_size                                             
ffffffff  __TI_prof_data_start                                            
ffffffff  __binit__                                                       
ffffffff  __c_args__                                                      
ffffffff  binit                                                           
UNDEFED   SHT$$INIT_ARRAY$$Base                                           
UNDEFED   SHT$$INIT_ARRAY$$Limit                                          

[489 symbols]
