******************************************************************************
                  TI ARM Linker PC v16.9.4                     
******************************************************************************
>> Linked Sun Jan 07 17:28:24 2018

OUTPUT FILE NAME:   <zh_terminal_tios.out>
ENTRY POINT SYMBOL: "_c_int00"  address: 0000ef41


MEMORY CONFIGURATION

         name            origin    length      used     unused   attr    fill
----------------------  --------  ---------  --------  --------  ----  --------
  MAIN                  00000000   00040000  00018e22  000271de  R  X
  INFO                  00200000   00004000  00000000  00004000  R  X
  SRAM_CODE             01000000   00010000  0000e2d8  00001d28  RW X
  SRAM_DATA             20000000   00010000  0000e2d8  00001d28  RW  


SEGMENT ALLOCATION MAP

run origin  load origin   length   init length attrs members
----------  ----------- ---------- ----------- ----- -------
00000000    00000000    00016e28   00016e28    r-x
  00000000    00000000    0000003c   0000003c    r-- .resetVecs
  0000003c    0000003c    0001404a   0001404a    r-x .text
  00014088    00014088    00002934   00002934    r-- .const
  000169c0    000169c0    00000468   00000468    r-- .cinit
0003b000    0003b000    00002000   00000000    rw-
  0003b000    0003b000    00002000   00000000    rw- .TI.bound:flashBuf
20000140    20000140    00008000   00000000    r--
  20000140    20000140    00008000   00000000    r-- .priheap
20008200    20008200    00005d9b   00000000    rw-
  20008200    20008200    00005211   00000000    rw- .bss
  2000d414    2000d414    00000b87   00000000    rw- .data
2000fc00    2000fc00    00000400   00000000    rw-
  2000fc00    2000fc00    00000400   00000000    rw- .stack


SECTION ALLOCATION MAP

 output                                  attributes/
section   page    origin      length       input sections
--------  ----  ----------  ----------   ----------------
.text      0    0000003c    0001404a     
                  0000003c    0000113e     rtsv7M4_T_le_v4SPD16_eabi.lib : _printfi.obj (.text)
                  0000117a    00000002     drivers_msp432p401x.aem4f : ADCMSP432.oem4f (.text:ADCMSP432_init)
                  0000117c    000004ac     sysbios.aem4f : BIOS.obj (.text:ti_sysbios_family_arm_m3_Hwi_excDumpRegs__I)
                  00001628    00000354     ti.targets.arm.rtsarm.aem4f : System.oem4f (.text:xdc_runtime_System_doPrint__I)
                  0000197c    0000034c     self_cam.obj (.text:self_cam_tcpc_run)
                  00001cc8    00000324     fatfs.aem4f : ff.oem4f (.text:find_volume)
                  00001fec    000002d4     drivers_msp432p401x.aem4f : PowerMSP432.oem4f (.text:Power_sleep)
                  000022c0    000002c0                               : UARTMSP432.oem4f (.text:UARTMSP432_open)
                  00002580    000002ac                               : SDSPIMSP432.oem4f (.text:SDSPIMSP432_diskInitialize)
                  0000282c    000002a0     rtsv7M4_T_le_v4SPD16_eabi.lib : mktime.obj (.text)
                  00002acc    00000264     drivers_msp432p401x.aem4f : SPIMSP432DMA.oem4f (.text:SPIMSP432DMA_open)
                  00002d30    00000244                               : SDSPIMSP432.oem4f (.text:SDSPIMSP432_open)
                  00002f74    0000021e     rtsv7M4_T_le_v4SPD16_eabi.lib : ll_div_t2.obj (.text)
                  00003192    00000002     dpl_msp432p401x.aem4f : PowerMSP432_tirtos.oem4f (.text:PowerMSP432_initPolicy)
                  00003194    00000212     conf_parser.obj (.text:parse_crontab)
                  000033a6    000001f4     rtsv7M4_T_le_v4SPD16_eabi.lib : ull_div_t2.obj (.text)
                  0000359a    00000002     drivers_msp432p401x.aem4f : TimerMSP432.oem4f (.text:TimerMSP432_init)
                  0000359c    000001ec     collecte_image.obj (.text:collecte_image_task)
                  00003788    000001e4     drivers_msp432p401x.aem4f : SDSPIMSP432.oem4f (.text:send_cmd)
                  0000396c    000001d4     sysbios.aem4f : BIOS.obj (.text:ti_sysbios_family_arm_m3_Hwi_excFillContext__I)
                  00003b40    000001cc     gsm.obj (.text:gsm_connect)
                  00003d0c    000001c4     rtsv7M4_T_le_v4SPD16_eabi.lib : fopen.obj (.text)
                  00003ed0    000001c0     socket.obj (.text:send)
                  00004090    000001b6     rtsv7M4_T_le_v4SPD16_eabi.lib : fd_add_t2.obj (.text)
                  00004246    00000002     drivers_msp432p401x.aem4f : UARTMSP432.oem4f (.text:UARTMSP432_init)
                  00004248    000001b4     socket.obj (.text:socket)
                  000043fc    000001ac     sensors.obj (.text:construct_data_str)
                  000045a8    000001a4     fatfs.aem4f : ff.oem4f (.text:f_write)
                  0000474c    000001a0     msp432p4xx_driverlib.lib : pcm_MSP432P4XX.obj (.text:__PCM_setPowerStateAdvanced)
                  000048ec    000001a0     wizchip_conf.obj (.text:ctlwizchip)
                  00004a8c    00000198     upload_data.obj (.text:upload_data_task)
                  00004c24    00000194     drivers_msp432p401x.aem4f : SDSPIMSP432.oem4f (.text:xmit_datablock)
                  00004db8    0000018b     ini.obj (.text:ini_parse_stream)
                  00004f43    00000001     --HOLE-- [fill = 0]
                  00004f44    00000188     drivers_msp432p401x.aem4f : GPIOMSP432.oem4f (.text:GPIO_setConfig)
                  000050cc    0000017c     sysbios.aem4f : BIOS.obj (.text:ti_sysbios_family_arm_m3_Hwi_excBusFault__I)
                  00005248    00000178     fatfs.aem4f : ff.oem4f (.text:f_read)
                  000053c0    00000178     sysbios.aem4f : BIOS.obj (.text:ti_sysbios_knl_Task_Instance_init__E)
                  00005538    00000170     socket.obj (.text:connect)
                  000056a8    0000016c     rtsv7M4_T_le_v4SPD16_eabi.lib : fwrite.obj (.text)
                  00005814    00000168     sysbios.aem4f : BIOS.obj (.text:ti_sysbios_family_arm_m3_Hwi_excUsageFault__I)
                  0000597c    00000164     gsm.obj (.text:_set_gsm_net)
                  00005ae0    00000164     fatfs.aem4f : ff.oem4f (.text:f_open)
                  00005c44    00000164     drivers_msp432p401x.aem4f : PowerMSP432.oem4f (.text:initPerfControl)
                  00005da8    0000015c     rt_clock.obj (.text:init_rt_clock)
                  00005f04    0000015a     fatfs.aem4f : ff.oem4f (.text:f_lseek)
                  0000605e    00000002     rtsv7M4_T_le_v4SPD16_eabi.lib : i_div0.obj (.text)
                  00006060    00000158     socket.obj (.text:recv)
                  000061b8    00000158     sysbios.aem4f : BIOS.obj (.text:ti_sysbios_knl_Task_Instance_finalize__E)
                  00006310    00000154     rtsv7M4_T_le_v4SPD16_eabi.lib : fgets.obj (.text)
                  00006464    00000154     sysbios.aem4f : BIOS.obj (.text:ti_sysbios_family_arm_m3_Hwi_excMemFault__I)
                  000065b8    00000150     wiznet.obj (.text:wiznet_config)
                  00006708    0000014c     nhfs45bu.obj (.text:get_nhfs45bu_value)
                  00006854    0000014c     nhfx46au.obj (.text:get_nhfx46au_value)
                  000069a0    0000014c     nhzd10.obj (.text:get_nhzd10_value)
                  00006aec    00000148     sysbios.aem4f : BIOS.obj (.text:ti_sysbios_knl_Semaphore_pend__E)
                  00006c34    00000144                   : BIOS.obj (.text:ti_sysbios_family_arm_m3_Hwi_excHandlerMax__I)
                  00006d78    00000140     drivers_msp432p401x.aem4f : TimerMSP432.oem4f (.text:TimerMSP432_open)
                  00006eb8    00000138     rtsv7M4_T_le_v4SPD16_eabi.lib : localtim.obj (.text)
                  00006ff0    00000136                                   : fd_div_t2.obj (.text)
                  00007126    00000002                                   : l_div0.obj (.text)
                  00007128    00000130     rt_clock.obj (.text:set_day)
                  00007258    00000130     ti.targets.arm.rtsarm.aem4f : Error.oem4f (.text:xdc_runtime_Error_policyDefault__E)
                  00007388    0000012c     update_time.obj (.text:update_time_task)
                  000074b4    00000128     sysbios.aem4f : BIOS.obj (.text:ti_sysbios_knl_Task_postInit__I)
                  000075dc    00000125     conf_parser.obj (.text:handler)
                  00007701    00000001     --HOLE-- [fill = 0]
                  00007702    00000002     sysbios.aem4f : BIOS.obj (.text:ti_sysbios_BIOS_linkedWithIncorrectBootLibrary__E)
                  00007704    00000124     nh122.obj (.text:nh122_process)
                  00007828    00000123     fatfs.aem4f : ff.oem4f (.text:create_name)
                  0000794b    00000001     --HOLE-- [fill = 0]
                  0000794c    00000120     drivers_msp432p401x.aem4f : SPIMSP432DMA.oem4f (.text:SPIMSP432DMA_transfer)
                  00007a6c    00000120     sensors.obj (.text:reset_ad_ports)
                  00007b8c    0000011c     wizchip_conf.obj (.text:wizchip_init)
                  00007ca8    00000118     drivers_msp432p401x.aem4f : ADCMSP432.oem4f (.text:ADCMSP432_convert)
                  00007dc0    0000010e     sysbios.aem4f : BIOS.obj (.text:ti_sysbios_heaps_HeapMem_allocUnprotected__E)
                  00007ece    0000010c     drivers_msp432p401x.aem4f : SPIMSP432DMA.oem4f (.text:SPIMSP432DMA_transferCancel)
                  00007fda    00000002     zh_terminal_tios_pem4f.oem4f (.text:ti_sysbios_BIOS_nullFunc__I)
                  00007fdc    00000108     drivers_msp432p401x.aem4f : NVSMSP432.oem4f (.text:NVSMSP432_write)
                  000080e4    00000104                               : SDSPIMSP432.oem4f (.text:SDSPIMSP432_diskIOctrl)
                  000081e8    00000104                               : SPIMSP432DMA.oem4f (.text:configDMA)
                  000082ec    00000104     sysbios.aem4f : BIOS.obj (.text:ti_sysbios_utils_Load_updateLoads__E)
                  000083f0    000000fe     fatfs.aem4f : ff.oem4f (.text:f_rename)
                  000084ee    000000fc     rtsv7M4_T_le_v4SPD16_eabi.lib : fd_mul_t2.obj (.text)
                  000085ea    00000002     sysbios.aem4f : BIOS.obj (.text:ti_sysbios_knl_Clock_logTick__E)
                  000085ec    000000fc     rtsv7M4_T_le_v4SPD16_eabi.lib : s_scalbn.obj (.text)
                  000086e8    000000fc     rt_clock.obj (.text:tick)
                  000087e4    000000fa     fatfs.aem4f : ff.oem4f (.text:dir_next)
                  000088de    00000002     sysbios.aem4f : BIOS.obj (.text:ti_sysbios_utils_Load_logCPULoad__I)
                  000088e0    000000f8     ti.targets.arm.rtsarm.aem4f : Startup.oem4f (.text:xdc_runtime_Startup_startMods__I)
                  000089d8    000000f8     zh_terminal_tios_pem4f.oem4f (.text:xdc_runtime_System_printfExtend__I)
                  00008ad0    000000f4     drivers_msp432p401x.aem4f : SDSPIMSP432.oem4f (.text:SDSPIMSP432_diskWrite)
                  00008bc4    000000f4     w5500.obj (.text:WIZCHIP_READ_BUF)
                  00008cb8    000000f4     sysbios.aem4f : BIOS.obj (.text:ti_sysbios_family_arm_msp432_init_Boot_setupCS)
                  00008dac    000000f4                   : BIOS.obj (.text:ti_sysbios_knl_Task_checkStacks__E)
                  00008ea0    000000f0                   : m3_Hwi_asm.obj (.text:ti_sysbios_family_arm_m3_Hwi_dispatch__I)
                  00008f90    000000ec     w5500.obj (.text:WIZCHIP_WRITE_BUF)
                  0000907c    000000ec     fatfs.aem4f : ff.oem4f (.text:put_fat)
                  00009168    000000ec     rtsv7M4_T_le_v4SPD16_eabi.lib : fread.obj (.text)
                  00009254    000000e8     drivers_msp432p401x.aem4f : SDSPIMSP432.oem4f (.text:SDSPIMSP432_diskRead)
                  0000933c    000000e8     ti.targets.arm.rtsarm.aem4f : Core-mem.oem4f (.text:xdc_runtime_Core_createObject__I)
                  00009424    000000e2     sensors_comm.obj (.text:crc_16)
                  00009506    00000002     wizchip_conf.obj (.text:wizchip_cris_enter)
                  00009508    000000dc     msp432p4xx_driverlib.lib : pcm_MSP432P4XX.obj (.text:__PCM_setPowerModeAdvanced)
                  000095e4    000000dc     rtsv7M4_T_le_v4SPD16_eabi.lib : setvbuf.obj (.text)
                  000096c0    000000dc     sysbios.aem4f : BIOS.obj (.text:ti_sysbios_family_arm_m3_Hwi_excHardFault__I)
                  0000979c    000000d8     drivers_msp432p401x.aem4f : UARTMSP432.oem4f (.text:UARTMSP432_readPolling)
                  00009874    000000d8     gsm.obj (.text:gsm_connect_data_mode)
                  0000994c    000000d6     fatfs.aem4f : ff.oem4f (.text:get_fat)
                  00009a22    00000002     wizchip_conf.obj (.text:wizchip_cris_exit)
                  00009a24    000000d0     sysbios.aem4f : BIOS.obj (.text:ti_sysbios_knl_Task_schedule__I)
                  00009af4    000000d0                   : BIOS.obj (.text:ti_sysbios_knl_Task_startCore__E)
                  00009bc4    000000cc                   : BIOS.obj (.text:ti_sysbios_utils_Load_updateThreadContexts__E)
                  00009c90    000000cc     ti.targets.arm.rtsarm.aem4f : Core-smem.oem4f (.text:xdc_runtime_Core_constructObject__I)
                  00009d5c    000000c8     drivers_msp432p401x.aem4f : TimerMSP432.oem4f (.text:TimerMSP432_start)
                  00009e24    000000c8     main.obj (.text:mainThread)
                  00009eec    000000c8     rtsv7M4_T_le_v4SPD16_eabi.lib : fflush.obj (.text)
                  00009fb4    000000c4     sysbios.aem4f : BIOS.obj (.text:ti_sysbios_family_arm_m3_Hwi_Instance_init__E)
                  0000a078    000000c4                   : BIOS.obj (.text:ti_sysbios_family_arm_m3_Hwi_excDebugMon__I)
                  0000a13c    000000c4                   : BIOS.obj (.text:ti_sysbios_family_arm_m3_Hwi_initNVIC__E)
                  0000a200    000000c4                   : BIOS.obj (.text:ti_sysbios_knl_Task_Module_startup__E)
                  0000a2c4    000000c0     rt_clock.obj (.text:clockPrd)
                  0000a384    000000bc     w5500.obj (.text:WIZCHIP_READ)
                  0000a440    000000bc     w5500.obj (.text:WIZCHIP_WRITE)
                  0000a4fc    000000bc     rtsv7M4_T_le_v4SPD16_eabi.lib : open.obj (.text)
                  0000a5b8    000000b8                                   : add_device.obj (.text)
                  0000a670    000000b8     sysbios.aem4f : BIOS.obj (.text:ti_sysbios_knl_Clock_workFunc__E)
                  0000a728    000000b6     drivers_msp432p401x.aem4f : UARTMSP432.oem4f (.text:UARTMSP432_hwiIntFxn)
                  0000a7de    00000002     wizchip_conf.obj (.text:wizchip_cs_deselect)
                  0000a7e0    000000b4     drivers_msp432p401x.aem4f : UARTMSP432.oem4f (.text:UARTMSP432_control)
                  0000a894    000000b4                               : UARTMSP432.oem4f (.text:UARTMSP432_writePolling)
                  0000a948    000000b4     socket.obj (.text:disconnect)
                  0000a9fc    000000b4     main.obj (.text:gpio_clear)
                  0000aab0    000000b4     drivers_msp432p401x.aem4f : SDSPIMSP432.oem4f (.text:send_initial_clock_train)
                  0000ab64    000000b4     fatfs.aem4f : ff.oem4f (.text:sync_fs)
                  0000ac18    000000b4     sysbios.aem4f : BIOS.obj (.text:ti_sysbios_heaps_HeapMem_freeUnprotected__E)
                  0000accc    000000b2     drivers_msp432p401x.aem4f : WatchdogMSP432.oem4f (.text:WatchdogMSP432_open)
                  0000ad7e    00000002     wizchip_conf.obj (.text:wizchip_cs_select)
                  0000ad80    000000b0     msp432p4xx_driverlib.lib : pcm_MSP432P4XX.obj (.text:__PCM_setCoreVoltageLevelAdvanced)
                  0000ae30    000000b0     sensors.obj (.text:reset_uart_ports)
                  0000aee0    000000b0     protocol.obj (.text:upload_image)
                  0000af90    000000ac     drivers_msp432p401x.aem4f : GPIOMSP432.oem4f (.text:GPIO_init)
                  0000b03c    000000ac                               : UARTMSP432.oem4f (.text:initHw)
                  0000b0e8    000000ac     rtsv7M4_T_le_v4SPD16_eabi.lib : _io_perm.obj (.text)
                  0000b194    000000a8     fatfs.aem4f : ff.oem4f (.text:create_chain)
                  0000b23c    000000a8     drivers_msp432p401x.aem4f : TimerMSP432.oem4f (.text:initTimerHardware)
                  0000b2e4    000000a8                               : UARTMSP432.oem4f (.text:readTaskBlocking)
                  0000b38c    000000a6     w5500.obj (.text:wiz_recv_data)
                  0000b432    000000a6     w5500.obj (.text:wiz_send_data)
                  0000b4d8    000000a4     fatfs.aem4f : ff.oem4f (.text:f_unlink)
                  0000b57c    000000a4     socket.obj (.text:sclose)
                  0000b620    000000a0     auto_init.aem4f : auto_init.oem4f (.text)
                  0000b6c0    000000a0     fatfs.aem4f : ffcio.oem4f (.text:ffcio_open)
                  0000b760    000000a0     drivers_msp432p401x.aem4f : UARTMSP432.oem4f (.text:readIsrTextCallback)
                  0000b800    000000a0     rtsv7M4_T_le_v4SPD16_eabi.lib : _bufread.obj (.text)
                  0000b8a0    000000a0     sysbios.aem4f : BIOS.obj (.text:ti_sysbios_heaps_HeapMem_initPrimary__I)
                  0000b940    0000009e     wizchip_conf.obj (.text:wizphy_setphyconf)
                  0000b9de    00000002     --HOLE-- [fill = 0]
                  0000b9e0    0000009e     ti.targets.arm.rtsarm.aem4f : Text.oem4f (.text:xdc_runtime_Text_putSite__E)
                  0000ba7e    0000009c     fatfs.aem4f : ff.oem4f (.text:f_sync)
                  0000bb1a    0000009c     rtsv7M4_T_le_v4SPD16_eabi.lib : memcpy_t2.obj (.text)
                  0000bbb6    00000002     --HOLE-- [fill = 0]
                  0000bbb8    0000009c     drivers_msp432p401x.aem4f : TimerMSP432.oem4f (.text:setT32TickCount)
                  0000bc54    0000009c                               : TimerMSP432.oem4f (.text:setTATickCount)
                  0000bcf0    0000009c     protocol.obj (.text:upload_data_start)
                  0000bd8c    0000009a     wizchip_conf.obj (.text:wizphy_getphyconf)
                  0000be26    0000009a     wizchip_conf.obj (.text:wizphy_setphypmode)
                  0000bec0    00000098     collecte_data.obj (.text:collecte_data_task)
                  0000bf58    00000098     rtsv7M4_T_le_v4SPD16_eabi.lib : fclose.obj (.text)
                  0000bff0    00000098     sysbios.aem4f : BIOS.obj (.text:ti_sysbios_family_arm_msp432_Timer_setNextTick__E)
                  0000c088    00000098                   : BIOS.obj (.text:ti_sysbios_utils_Load_taskSwitchHook__E)
                  0000c120    00000098                   : BIOS.obj (.text:ti_sysbios_utils_Load_updateCurrentThreadTime__E)
                  0000c1b8    00000098     protocol.obj (.text:update_time)
                  0000c250    00000098     ti.targets.arm.rtsarm.aem4f : Text.oem4f (.text:xdc_runtime_Text_putMod__E)
                  0000c2e8    00000096     drivers_msp432p401x.aem4f : UARTMSP432.oem4f (.text:writeData)
                  0000c37e    00000002     --HOLE-- [fill = 0]
                  0000c380    00000094     sysbios.aem4f : BIOS.obj (.text:ti_sysbios_knl_Task_unblockI__E)
                  0000c414    00000092     drivers_msp432p401x.aem4f : UARTMSP432.oem4f (.text:UARTMSP432_close)
                  0000c4a6    00000090                               : UARTMSP432.oem4f (.text:UARTMSP432_write)
                  0000c536    00000002     --HOLE-- [fill = 0]
                  0000c538    00000090     sysbios.aem4f : BIOS.obj (.text:ti_sysbios_heaps_HeapMem_Instance_init__E)
                  0000c5c8    00000090                   : BIOS.obj (.text:ti_sysbios_knl_Task_exit__E)
                  0000c658    0000008c     drivers_msp432p401x.aem4f : ADCMSP432.oem4f (.text:ADCMSP432_open)
                  0000c6e4    0000008c                               : NVSMSP432.oem4f (.text:NVSMSP432_open)
                  0000c770    0000008c     sysbios.aem4f : m3_TaskSupport_asm.obj (.text:ti_sysbios_family_arm_m3_TaskSupport_buildTaskStack)
                  0000c7fc    0000008c                   : BIOS.obj (.text:ti_sysbios_knl_Task_sleep__E)
                  0000c888    0000008c                   : BIOS.obj (.text:ti_sysbios_utils_Load_idleFxn__E)
                  0000c914    0000008c                   : BIOS.obj (.text:ti_sysbios_utils_Load_taskCreateHook__E)
                  0000c9a0    0000008a     w5500.obj (.text:getSn_RX_RSR)
                  0000ca2a    0000008a     w5500.obj (.text:getSn_TX_FSR)
                  0000cab4    0000008a     drivers_msp432p401x.aem4f : UARTMSP432.oem4f (.text:readIsrTextBlocking)
                  0000cb3e    00000002     --HOLE-- [fill = 0]
                  0000cb40    00000088     gsm.obj (.text:gsm_is_reg)
                  0000cbc8    00000088     power.obj (.text:reset_relay)
                  0000cc50    00000088     power.obj (.text:set_relay)
                  0000ccd8    00000086     rtsv7M4_T_le_v4SPD16_eabi.lib : fd_cmp_t2.obj (.text:__aeabi_cdcmple)
                  0000cd5e    00000086                                   : fd_cmp_t2.obj (.text:__aeabi_cdrcmple)
                  0000cde4    00000086     drivers_msp432p401x.aem4f : SPIMSP432DMA.oem4f (.text:initHw)
                  0000ce6a    00000002     --HOLE-- [fill = 0]
                  0000ce6c    00000084                               : TimerMSP432.oem4f (.text:TimerMSP432_stop)
                  0000cef0    00000084     gsm.obj (.text:msg_at_recieve)
                  0000cf74    00000084     main.obj (.text:other_clear)
                  0000cff8    00000084     sysbios.aem4f : BIOS.obj (.text:ti_sysbios_family_arm_m3_Hwi_dispatchC__I)
                  0000d07c    00000084                   : BIOS.obj (.text:ti_sysbios_family_arm_m3_Hwi_postInit__I)
                  0000d100    00000080     rt_clock.obj (.text:set_seconds)
                  0000d180    00000080     sysbios.aem4f : BIOS.obj (.text:ti_sysbios_knl_Semaphore_post__E)
                  0000d200    00000080     protocol.obj (.text:upload_data_end)
                  0000d280    0000007e     fatfs.aem4f : ff.oem4f (.text:dir_sdi)
                  0000d2fe    0000007c     msp432p4xx_driverlib.lib : spi_MSP432P4XX.obj (.text:SPI_initMaster)
                  0000d37a    00000002     --HOLE-- [fill = 0]
                  0000d37c    0000007c     gsm.obj (.text:_open_net)
                  0000d3f8    0000007c     fatfs.aem4f : ff.oem4f (.text:f_mount)
                  0000d474    0000007c     sysbios.aem4f : BIOS.obj (.text:ti_sysbios_family_arm_msp432_Timer_periodicStub__E)
                  0000d4f0    0000007a     drivers_msp432p401x.aem4f : UARTMSP432.oem4f (.text:readTaskCallback)
                  0000d56a    0000007a     rtsv7M4_T_le_v4SPD16_eabi.lib : memset_t2.obj (.text)
                  0000d5e4    00000078     msp432p4xx_driverlib.lib : pcm_MSP432P4XX.obj (.text:PCM_gotoLPM3)
                  0000d65c    00000078     drivers_msp432p401x.aem4f : PowerMSP432.oem4f (.text:Power_init)
                  0000d6d4    00000078                               : TimerMSP432.oem4f (.text:TimerMSP432_allocateTimerResource)
                  0000d74c    00000078     fatsd.obj (.text:open_sd)
                  0000d7c4    00000078     wizchip_conf.obj (.text:wizchip_getnetinfo)
                  0000d83c    00000078     wizchip_conf.obj (.text:wizchip_setnetinfo)
                  0000d8b4    00000078     wizchip_conf.obj (.text:wizchip_sw_reset)
                  0000d92c    00000074     fatfs.aem4f : ff.oem4f (.text:check_fs)
                  0000d9a0    00000074     sysbios.aem4f : BIOS.obj (.text:ti_sysbios_family_arm_m3_Hwi_getStackInfo__E)
                  0000da14    00000071     gsm.obj (.text:_start_msg_send)
                  0000da85    00000003     --HOLE-- [fill = 0]
                  0000da88    00000070     drivers_msp432p401x.aem4f : SDSPIMSP432.oem4f (.text:SDSPIMSP432_close)
                  0000daf8    00000070     main.obj (.text:main)
                  0000db68    00000070     drivers_msp432p401x.aem4f : SDSPIMSP432.oem4f (.text:rcvr_datablock)
                  0000dbd8    00000070     rtsv7M4_T_le_v4SPD16_eabi.lib : getdevice.obj (.text)
                  0000dc48    00000070     self_cam.obj (.text:self_cam_capture)
                  0000dcb8    00000070     sysbios.aem4f : BIOS.obj (.text:ti_sysbios_family_arm_m3_Hwi_disableInterrupt__E)
                  0000dd28    00000070                   : BIOS.obj (.text:ti_sysbios_family_arm_msp432_Timer_initDevice__I)
                  0000dd98    00000070                   : BIOS.obj (.text:ti_sysbios_heaps_HeapMem_getStats__E)
                  0000de08    00000070     sensors.obj (.text:write_nvs_sensors)
                  0000de78    00000070     ti.targets.arm.rtsarm.aem4f : Error.oem4f (.text:xdc_runtime_Error_print__E)
                  0000dee8    0000006e     rtsv7M4_T_le_v4SPD16_eabi.lib : fd_tos_t2.obj (.text)
                  0000df56    00000002     --HOLE-- [fill = 0]
                  0000df58    0000006d     ti.targets.arm.rtsarm.aem4f : System.oem4f (.text:xdc_runtime_System_formatNum__I)
                  0000dfc5    00000003     --HOLE-- [fill = 0]
                  0000dfc8    0000006c     gsm.obj (.text:msg_dm_recieve)
                  0000e034    0000006c     rtsv7M4_T_le_v4SPD16_eabi.lib : hostrename.obj (.text)
                  0000e0a0    0000006c     sysbios.aem4f : BIOS.obj (.text:ti_sysbios_family_arm_m3_Hwi_enableInterrupt__E)
                  0000e10c    0000006c                   : BIOS.obj (.text:ti_sysbios_family_arm_m3_Timer_getExpiredCounts__E)
                  0000e178    0000006c                   : BIOS.obj (.text:ti_sysbios_utils_Load_addTask__E)
                  0000e1e4    0000006c     ti.targets.arm.rtsarm.aem4f : Memory.oem4f (.text:xdc_runtime_Memory_alloc__E)
                  0000e250    0000006a     sysbios.aem4f : BIOS.obj (.text:ti_sysbios_family_arm_m3_TaskSupport_start__E)
                  0000e2ba    00000002     --HOLE-- [fill = 0]
                  0000e2bc    00000068     drivers_msp432p401x.aem4f : GPIOMSP432.oem4f (.text:GPIO_hwiIntFxn)
                  0000e324    00000068                               : UARTMSP432.oem4f (.text:UARTMSP432_writeCancel)
                  0000e38c    00000068     rtsv7M4_T_le_v4SPD16_eabi.lib : copy_decompress_lzss.obj (.text:decompress:lzss)
                  0000e3f4    00000068     sensors.obj (.text:read_nvs_sensors)
                  0000e45c    00000068     rtsv7M4_T_le_v4SPD16_eabi.lib : hostlseek.obj (.text)
                  0000e4c4    00000068                                   : trgmsg.obj (.text)
                  0000e52c    00000068     sysbios.aem4f : BIOS.obj (.text:ti_sysbios_family_arm_msp432_Timer_start__E)
                  0000e594    00000066     wizchip_conf.obj (.text:ctlnetwork)
                  0000e5fa    00000066     ti.targets.arm.rtsarm.aem4f : Core-mem.oem4f (.text:xdc_runtime_Core_deleteObject__I)
                  0000e660    00000064     dpl_msp432p401x.aem4f : PowerMSP432_tirtos.oem4f (.text:PowerMSP432_deepSleepPolicy)
                  0000e6c4    00000064     drivers_msp432p401x.aem4f : NVSMSP432.oem4f (.text:doErase)
                  0000e728    00000064     fatfs.aem4f : ff.oem4f (.text:follow_path)
                  0000e78c    00000064     rtsv7M4_T_le_v4SPD16_eabi.lib : fseek.obj (.text)
                  0000e7f0    00000064                                   : s_frexp.obj (.text)
                  0000e854    00000060     gsm.obj (.text:msg_recieve)
                  0000e8b4    00000060     rtsv7M4_T_le_v4SPD16_eabi.lib : hostopen.obj (.text)
                  0000e914    00000060                                   : sprintf.obj (.text)
                  0000e974    00000060     sysbios.aem4f : BIOS.obj (.text:ti_sysbios_family_arm_m3_Hwi_Module_startup__E)
                  0000e9d4    00000060                   : BIOS.obj (.text:ti_sysbios_family_arm_m3_Timer_setPeriod__E)
                  0000ea34    00000060                   : BIOS.obj (.text:ti_sysbios_heaps_HeapMem_alloc__E)
                  0000ea94    00000060     wiznet.obj (.text:wiznet_init)
                  0000eaf4    0000005e     fatfs.aem4f : ff.oem4f (.text:remove_chain)
                  0000eb52    00000002     --HOLE-- [fill = 0]
                  0000eb54    0000005c     drivers_msp432p401x.aem4f : ADCMSP432.oem4f (.text:ADCMSP432_convertToMicroVolts)
                  0000ebb0    0000005c                               : GPIOMSP432.oem4f (.text:GPIO_write)
                  0000ec0c    0000005c                               : PowerMSP432.oem4f (.text:PowerMSP432_getFreqs)
                  0000ec68    0000005c     rtsv7M4_T_le_v4SPD16_eabi.lib : close.obj (.text)
                  0000ecc4    0000005c     sysbios.aem4f : BIOS.obj (.text:ti_sysbios_family_arm_m3_Hwi_Instance_finalize__E)
                  0000ed20    0000005c                   : BIOS.obj (.text:ti_sysbios_knl_Task_allBlockedFunction__I)
                  0000ed7c    0000005b     ti.targets.arm.rtsarm.aem4f : Text.oem4f (.text:xdc_runtime_Text_putLab__E)
                  0000edd7    00000001     --HOLE-- [fill = 0]
                  0000edd8    0000005a     drivers_msp432p401x.aem4f : ADCMSP432.oem4f (.text:initHw)
                  0000ee32    00000002     --HOLE-- [fill = 0]
                  0000ee34    00000059     gsm.obj (.text:msg_send)
                  0000ee8d    00000003     --HOLE-- [fill = 0]
                  0000ee90    00000058     drivers_msp432p401x.aem4f : GPIOMSP432.oem4f (.text:GPIO_setCallback)
                  0000eee8    00000058                               : UDMAMSP432.oem4f (.text:UDMAMSP432_open)
                  0000ef40    00000058     boot.aem4f : boot.oem4f (.text)
                  0000ef98    00000058     collecte_config.obj (.text:config_all_tasks)
                  0000eff0    00000058     gsm.obj (.text:gsm_to_data_mode)
                  0000f048    00000058     fatsd.obj (.text:init_spisd)
                  0000f0a0    00000058     drivers_msp432p401x.aem4f : UARTMSP432.oem4f (.text:readIsrBinaryBlocking)
                  0000f0f8    00000058     rtsv7M4_T_le_v4SPD16_eabi.lib : hostread.obj (.text)
                  0000f150    00000058                                   : hostwrite.obj (.text)
                  0000f1a8    00000058     drivers_msp432p401x.aem4f : SPIMSP432DMA.oem4f (.text:spiHwiFxn)
                  0000f200    00000058     sysbios.aem4f : m3_Hwi_asm_switch.obj (.text:ti_sysbios_family_arm_m3_Hwi_initStacks__E)
                  0000f258    00000058                   : BIOS.obj (.text:ti_sysbios_family_arm_m3_Timer_start__E)
                  0000f2b0    00000058                   : BIOS.obj (.text:ti_sysbios_family_arm_msp432_Timer_Module_startup__E)
                  0000f308    00000058                   : BIOS.obj (.text:ti_sysbios_family_arm_msp432_Timer_startup__E)
                  0000f360    00000058                   : BIOS.obj (.text:ti_sysbios_knl_Task_blockI__E)
                  0000f3b8    00000058                   : BIOS.obj (.text:ti_sysbios_utils_Load_taskDeleteHook__E)
                  0000f410    00000056     fatfs.aem4f : ff.oem4f (.text:dir_read)
                  0000f466    00000002     --HOLE-- [fill = 0]
                  0000f468    00000054     drivers_msp432p401x.aem4f : ADCMSP432.oem4f (.text:ADCMSP432_close)
                  0000f4bc    00000054                               : TimerMSP432.oem4f (.text:TimerMSP432_freeTimerResource)
                  0000f510    00000054                               : PowerMSP432.oem4f (.text:restartHFXT)
                  0000f564    00000054     rtsv7M4_T_le_v4SPD16_eabi.lib : exit.obj (.text)
                  0000f5b8    00000054                                   : ltoa.obj (.text)
                  0000f60c    00000054     fatfs.aem4f : ff.oem4f (.text:sync_window)
                  0000f660    00000054     zh_terminal_tios_pem4f.oem4f (.text:ti_sysbios_family_arm_m3_Hwi_create)
                  0000f6b4    00000054     sysbios.aem4f : BIOS.obj (.text:ti_sysbios_family_arm_msp432_Timer_getCount__E)
                  0000f708    00000054                   : BIOS.obj (.text:ti_sysbios_family_arm_msp432_init_Boot_configureClocksHigh)
                  0000f75c    00000054     ti.targets.arm.rtsarm.aem4f : Assert.oem4f (.text:xdc_runtime_Assert_raise__I)
                  0000f7b0    00000052     rt_clock.obj (.text:get_seconds)
                  0000f802    00000002     --HOLE-- [fill = 0]
                  0000f804    00000050     msp432p4xx_driverlib.lib : pcm_MSP432P4XX.obj (.text:PCM_shutdownDevice)
                  0000f854    00000050     drivers_msp432p401x.aem4f : TimerMSP432.oem4f (.text:TimerMSP432_hwiIntFunction)
                  0000f8a4    00000050     gsm.obj (.text:gsm_pb_done)
                  0000f8f4    00000050     gsm.obj (.text:init_gsm)
                  0000f944    00000050     nh122.obj (.text:nh122_init)
                  0000f994    00000050     ti.targets.arm.rtsarm.aem4f : Startup.oem4f (.text:xdc_runtime_Startup_exec__E)
                  0000f9e4    00000050                                 : Text.oem4f (.text:xdc_runtime_Text_visitRope2__I)
                  0000fa34    0000004e     drivers_msp432p401x.aem4f : TimerMSP432.oem4f (.text:TimerMSP432_close)
                  0000fa82    00000002     --HOLE-- [fill = 0]
                  0000fa84    0000004e     ini.obj (.text:find_chars_or_comment)
                  0000fad2    0000004e     sysbios.aem4f : BIOS.obj (.text:ti_sysbios_knl_Clock_Instance_init__E)
                  0000fb20    0000004e     wizchip_conf.obj (.text:wizchip_getinterrupt)
                  0000fb6e    00000002     --HOLE-- [fill = 0]
                  0000fb70    0000004c     msp432p4xx_driverlib.lib : gpio_MSP432P4XX.obj (.text:GPIO_setAsPeripheralModuleFunctionInputPin)
                  0000fbbc    0000004c     drivers_msp432p401x.aem4f : SDSPIMSP432.oem4f (.text:initHw)
                  0000fc08    0000004c     collecte_data.obj (.text:init_collecte_data_task)
                  0000fc54    0000004c     update_time.obj (.text:init_update_time_task)
                  0000fca0    0000004c     upload_data.obj (.text:init_upload_data_task)
                  0000fcec    0000004c     drivers_msp432p401x.aem4f : UARTMSP432.oem4f (.text:readIsrBinaryCallback)
                  0000fd38    0000004c     wizchip_conf.obj (.text:reg_wizchip_spi_cbfunc)
                  0000fd84    0000004c     wizchip_conf.obj (.text:reg_wizchip_spiburst_cbfunc)
                  0000fdd0    0000004c     rtsv7M4_T_le_v4SPD16_eabi.lib : atoi.obj (.text)
                  0000fe1c    0000004c                                   : cpy_tbl.obj (.text)
                  0000fe68    0000004c     sysbios.aem4f : BIOS.obj (.text:ti_sysbios_family_arm_m3_Hwi_excReserved__I)
                  0000feb4    0000004c                   : BIOS.obj (.text:ti_sysbios_family_arm_m3_Timer_initDevice__I)
                  0000ff00    0000004c     zh_terminal_tios_pem4f.oem4f (.text:ti_sysbios_knl_Task_construct)
                  0000ff4c    0000004c     sysbios.aem4f : BIOS.obj (.text:ti_sysbios_utils_Load_getTaskLoad__E)
                  0000ff98    0000004c     wizchip_conf.obj (.text:wizphy_reset)
                  0000ffe4    0000004a     wizchip_conf.obj (.text:wizchip_getinterruptmask)
                  0001002e    00000002     --HOLE-- [fill = 0]
                  00010030    00000048     dpl_msp432p401x.aem4f : ClockP_tirtos.oem4f (.text:ClockP_create)
                  00010078    00000048     drivers_msp432p401x.aem4f : NVSMSP432.oem4f (.text:NVSMSP432_init)
                  000100c0    00000048                               : NVS.oem4f (.text:NVS_open)
                  00010108    00000048                               : PowerMSP432.oem4f (.text:Power_releaseConstraint)
                  00010150    00000048     fatfs.aem4f : ff.oem4f (.text:dir_find)
                  00010198    00000048     sensors.obj (.text:get_data_str)
                  000101e0    00000048     collecte_image.obj (.text:init_collecte_image_task)
                  00010228    00000048     drivers_msp432p401x.aem4f : NVSMSP432.oem4f (.text:protectMemory)
                  00010270    00000048     rtsv7M4_T_le_v4SPD16_eabi.lib : fd_toi_t2.obj (.text)
                  000102b8    00000048     sysbios.aem4f : BIOS.obj (.text:ti_sysbios_utils_Load_removeTask__E)
                  00010300    00000048     drivers_msp432p401x.aem4f : NVSMSP432.oem4f (.text:unprotectMemory)
                  00010348    00000048                               : SDSPIMSP432.oem4f (.text:wait_ready)
                  00010390    00000046                               : RingBuf.oem4f (.text:RingBuf_put)
                  000103d6    00000046                               : SPIMSP432DMA.oem4f (.text:SPIMSP432DMA_close)
                  0001041c    00000046     fatsd.obj (.text:fatfs_getFatTime)
                  00010462    00000046     ti.targets.arm.rtsarm.aem4f : Core-params.oem4f (.text:xdc_runtime_Core_assignParams__I)
                  000104a8    00000044     drivers_msp432p401x.aem4f : ADC.oem4f (.text:ADC_init)
                  000104ec    00000044                               : NVSMSP432.oem4f (.text:NVSMSP432_read)
                  00010530    00000044                               : SDSPI.oem4f (.text:SDSPI_init)
                  00010574    00000044                               : SPI.oem4f (.text:SPI_init)
                  000105b8    00000044                               : Timer.oem4f (.text:Timer_init)
                  000105fc    00000044                               : UART.oem4f (.text:UART_init)
                  00010640    00000044                               : Watchdog.oem4f (.text:Watchdog_init)
                  00010684    00000044     camera.obj (.text:camera_init)
                  000106c8    00000044     fatfs.aem4f : ff.oem4f (.text:dir_alloc)
                  0001070c    00000044     gsm.obj (.text:gsm_open)
                  00010750    00000044     nh122.obj (.text:nh122_open)
                  00010794    00000044     drivers_msp432p401x.aem4f : SDSPIMSP432.oem4f (.text:perfChangeNotifyFxn)
                  000107d8    00000044     rtsv7M4_T_le_v4SPD16_eabi.lib : hostclose.obj (.text)
                  0001081c    00000044                                   : hostunlink.obj (.text)
                  00010860    00000044     drivers_msp432p401x.aem4f : SDSPIMSP432.oem4f (.text:rxSPI)
                  000108a4    00000044     sysbios.aem4f : BIOS.obj (.text:ti_sysbios_family_arm_m3_Hwi_excSvCall__I)
                  000108e8    00000044                   : BIOS.obj (.text:ti_sysbios_hal_Hwi_checkStack)
                  0001092c    00000044                   : BIOS.obj (.text:ti_sysbios_utils_Load_logLoads__I)
                  00010970    00000044     ti.targets.arm.rtsarm.aem4f : Error.oem4f (.text:xdc_runtime_Error_setX__E)
                  000109b4    00000044                                 : SysMin.oem4f (.text:xdc_runtime_SysMin_flush__E)
                  000109f8    00000044                                 : Text.oem4f (.text:xdc_runtime_Text_xprintf__I)
                  00010a3c    00000042     sysbios.aem4f : BIOS.obj (.text:ti_sysbios_knl_Semaphore_Instance_init__E)
                  00010a7e    00000042     wizchip_conf.obj (.text:wizchip_setnetmode)
                  00010ac0    00000040     dpl_msp432p401x.aem4f : HwiP_tirtos.oem4f (.text:HwiP_create)
                  00010b00    00000040     drivers_msp432p401x.aem4f : RingBuf.oem4f (.text:RingBuf_get)
                  00010b40    00000040                               : SDSPI.oem4f (.text:SDSPI_open)
                  00010b80    00000040                               : UARTMSP432.oem4f (.text:UARTMSP432_read)
                  00010bc0    00000040                               : UDMAMSP432.oem4f (.text:UDMAMSP432_init)
                  00010c00    00000040     collecte_data.obj (.text:config_collecte_data_task)
                  00010c40    00000040     collecte_image.obj (.text:config_collecte_image_task)
                  00010c80    00000040     upload_data.obj (.text:config_upload_data_task)
                  00010cc0    00000040     fatfs.aem4f : ff.oem4f (.text:get_ldnumber)
                  00010d00    00000040     gsm.obj (.text:gsm_port_clear)
                  00010d40    00000040     drivers_msp432p401x.aem4f : PowerMSP432.oem4f (.text:notify)
                  00010d80    00000040     conf_parser.obj (.text:parse_config)
                  00010dc0    00000040     drivers_msp432p401x.aem4f : UARTMSP432.oem4f (.text:perfChangeNotifyFxn)
                  00010e00    00000040     wizchip_conf.obj (.text:reg_wizchip_cs_cbfunc)
                  00010e40    00000040     rtsv7M4_T_le_v4SPD16_eabi.lib : strtok.obj (.text)
                  00010e80    00000040                                   : u_divt2.obj (.text)
                  00010ec0    00000040     sysbios.aem4f : BIOS.obj (.text:ti_sysbios_family_arm_m3_Timer_periodicStub__I)
                  00010f00    00000040                   : BIOS.obj (.text:ti_sysbios_family_arm_m3_TimestampProvider_get32__E)
                  00010f40    00000040                   : BIOS.obj (.text:ti_sysbios_family_arm_msp432_Timer_stop__E)
                  00010f80    00000040                   : BIOS.obj (.text:ti_sysbios_utils_Load_startup__E)
                  00010fc0    0000003e                   : BIOS.obj (.text:ti_sysbios_knl_Clock_addI__E)
                  00010ffe    0000003e                   : BIOS.obj (.text:ti_sysbios_knl_Semaphore_pendTimeout__I)
                  0001103c    0000003c     drivers_msp432p401x.aem4f : ADC.oem4f (.text:ADC_open)
                  00011078    0000003c     dpl_msp432p401x.aem4f : SemaphoreP_tirtos.oem4f (.text:SemaphoreP_create)
                  000110b4    0000003c     drivers_msp432p401x.aem4f : Timer.oem4f (.text:Timer_open)
                  000110f0    0000003c                               : UART.oem4f (.text:UART_open)
                  0001112c    0000003c                               : Watchdog.oem4f (.text:Watchdog_open)
                  00011168    0000003c                               : NVSMSP432.oem4f (.text:checkEraseRange)
                  000111a4    0000003c     sysbios.aem4f : BIOS.obj (.text:ti_sysbios_family_arm_m3_Hwi_excNoIsr__I)
                  000111e0    0000003c                   : BIOS.obj (.text:ti_sysbios_family_arm_m3_Hwi_setPriority__E)
                  0001121c    0000003c                   : BIOS.obj (.text:ti_sysbios_family_arm_msp432_ClockFreqs_setFrequency__E)
                  00011258    0000003c     zh_terminal_tios_pem4f.oem4f (.text:ti_sysbios_knl_Clock_create)
                  00011294    0000003c     sysbios.aem4f : BIOS.obj (.text:ti_sysbios_knl_Task_processVitalTaskFlag__I)
                  000112d0    0000003a     sensors.obj (.text:close_sensors)
                  0001130a    00000002     --HOLE-- [fill = 0]
                  0001130c    0000003a     ini.obj (.text:ini_parse)
                  00011346    0000003a     sysbios.aem4f : BIOS.obj (.text:ti_sysbios_knl_Queue_put__E)
                  00011380    00000038     drivers_msp432p401x.aem4f : PowerMSP432.oem4f (.text:Power_setConstraint)
                  000113b8    00000038                               : TimerMSP432.oem4f (.text:TimerMSP432_getCount)
                  000113f0    00000038                               : WatchdogMSP432.oem4f (.text:WatchdogMSP432_close)
                  00011428    00000038     protocol.obj (.text:construct_protocol_data)
                  00011460    00000038     fatfs.aem4f : ff.oem4f (.text:dir_register)
                  00011498    00000038     gsm.obj (.text:gsm_disconnect)
                  000114d0    00000038     rtsv7M4_T_le_v4SPD16_eabi.lib : fs_tod_t2.obj (.text)
                  00011508    00000038     sysbios.aem4f : BIOS.obj (.text:ti_sysbios_family_arm_m3_Hwi_clearInterrupt__E)
                  00011540    00000038                   : BIOS.obj (.text:ti_sysbios_family_arm_m3_Hwi_excNmi__I)
                  00011578    00000038     ti.targets.arm.rtsarm.aem4f : SysMin.oem4f (.text:xdc_runtime_SysMin_putch__E)
                  000115b0    00000038                                 : System.oem4f (.text:xdc_runtime_System_atexit__E)
                  000115e8    00000036     drivers_msp432p401x.aem4f : UARTMSP432.oem4f (.text:UARTMSP432_readCancel)
                  0001161e    00000036     rt_clock.obj (.text:delay)
                  00011654    00000036     fatfs.aem4f : ff.oem4f (.text:move_window)
                  0001168a    00000036     sensors.obj (.text:open_sensors)
                  000116c0    00000036     rtsv7M4_T_le_v4SPD16_eabi.lib : strncpy.obj (.text)
                  000116f6    00000002     --HOLE-- [fill = 0]
                  000116f8    00000036     upload_data.obj (.text:upload_data_process)
                  0001172e    00000036     wizchip_conf.obj (.text:wizchip_clrinterrupt)
                  00011764    00000034     fatfs.aem4f : ff.oem4f (.text:dir_remove)
                  00011798    00000034                 : ffcio.oem4f (.text:ffcio_lseek)
                  000117cc    00000034     ini.obj (.text:rstrip)
                  00011800    00000034     rtsv7M4_T_le_v4SPD16_eabi.lib : strstr.obj (.text)
                  00011834    00000034     zh_terminal_tios_pem4f.oem4f (.text:ti_sysbios_BIOS_startFunc__I)
                  00011868    00000034     sysbios.aem4f : BIOS.obj (.text:ti_sysbios_family_arm_m3_Hwi_excHandler__I)
                  0001189c    00000034                   : BIOS.obj (.text:ti_sysbios_heaps_HeapMem_free__E)
                  000118d0    00000034     zh_terminal_tios_pem4f.oem4f (.text:ti_sysbios_knl_Semaphore_create)
                  00011904    00000034     fatfs.aem4f : ff.oem4f (.text:validate)
                  00011938    00000034     wiznet.obj (.text:wizchip_spi_read_write)
                  0001196c    00000034     ti.targets.arm.rtsarm.aem4f : Core-label.oem4f (.text:xdc_runtime_Core_assignLabel__I)
                  000119a0    00000033                                 : Text.oem4f (.text:xdc_runtime_Text_printVisFxn__I)
                  000119d3    00000001     --HOLE-- [fill = 0]
                  000119d4    00000032     sysbios.aem4f : BIOS.obj (.text:ti_sysbios_gates_GateMutex_enter__E)
                  00011a06    00000032     wizchip_conf.obj (.text:wizchip_setinterruptmask)
                  00011a38    00000030     drivers_msp432p401x.aem4f : NVSMSP432.oem4f (.text:NVSMSP432_erase)
                  00011a68    00000030     rt_clock.obj (.text:add_time_task)
                  00011a98    00000030     msp432p4xx_driverlib.lib : spi_MSP432P4XX.obj (.text:is_A_Module)
                  00011ac8    00000030     drivers_msp432p401x.aem4f : SDSPIMSP432.oem4f (.text:mapPin)
                  00011af8    00000030                               : SPIMSP432DMA.oem4f (.text:mapPin)
                  00011b28    00000030                               : UARTMSP432.oem4f (.text:mapPin)
                  00011b58    00000030     sysbios.aem4f : BIOS.obj (.text:ti_sysbios_family_arm_m3_Timer_Module_startup__E)
                  00011b88    00000030                   : BIOS.obj (.text:ti_sysbios_family_arm_m3_Timer_startup__E)
                  00011bb8    00000030     zh_terminal_tios_pem4f.oem4f (.text:ti_sysbios_gates_GateHwi_Object__create__S)
                  00011be8    00000030     zh_terminal_tios_pem4f.oem4f (.text:ti_sysbios_gates_GateMutex_Object__create__S)
                  00011c18    00000030     zh_terminal_tios_pem4f.oem4f (.text:ti_sysbios_heaps_HeapMem_Object__create__S)
                  00011c48    00000030     zh_terminal_tios_pem4f.oem4f (.text:ti_sysbios_knl_Clock_construct)
                  00011c78    00000030     sysbios.aem4f : BIOS.obj (.text:ti_sysbios_knl_Idle_run__E)
                  00011ca8    00000030     zh_terminal_tios_pem4f.oem4f (.text:ti_sysbios_knl_Semaphore_construct)
                  00011cd8    00000030     ti.targets.arm.rtsarm.aem4f : SysMin.oem4f (.text:xdc_runtime_SysMin_abort__E)
                  00011d08    00000030                                 : System.oem4f (.text:xdc_runtime_System_processAtExit__E)
                  00011d38    0000002e     rtsv7M4_T_le_v4SPD16_eabi.lib : i_tofd_t2.obj (.text)
                  00011d66    0000002e     sysbios.aem4f : BIOS.obj (.text:ti_sysbios_hal_Hwi_initStack)
                  00011d94    0000002e     zh_terminal_tios_pem4f.oem4f (.text:ti_sysbios_rts_gnu_MemAlloc_alloc)
                  00011dc2    0000002e     wizchip_conf.obj (.text:wizchip_settimeout)
                  00011df0    0000002c     drivers_msp432p401x.aem4f : NVS.oem4f (.text:NVS_init)
                  00011e1c    0000002c     msp432p4xx_driverlib.lib : pcm_MSP432P4XX.obj (.text:PCM_getCoreVoltageLevel)
                  00011e48    0000002c     dpl_msp432p401x.aem4f : PowerMSP432_tirtos.oem4f (.text:PowerMSP432_updateFreqs)
                  00011e74    0000002c                           : SemaphoreP_tirtos.oem4f (.text:SemaphoreP_createBinary)
                  00011ea0    0000002c     fatfs.aem4f : diskio.oem4f (.text:disk_register)
                  00011ecc    0000002c     rtsv7M4_T_le_v4SPD16_eabi.lib : unlink.obj (.text)
                  00011ef8    0000002c     self_cam.obj (.text:self_cam_init)
                  00011f24    0000002c     zh_terminal_tios_pem4f.oem4f (.text:ti_sysbios_BIOS_atExitFunc__I)
                  00011f50    0000002c     sysbios.aem4f : BIOS.obj (.text:ti_sysbios_family_arm_m3_Hwi_getHandle__E)
                  00011f7c    0000002c                   : BIOS.obj (.text:ti_sysbios_family_arm_m3_Hwi_plug__E)
                  00011fa8    0000002c                   : BIOS.obj (.text:ti_sysbios_family_arm_m3_Timer_postInit__I)
                  00011fd4    0000002c                   : BIOS.obj (.text:ti_sysbios_family_arm_msp432_Timer_postInit__I)
                  00012000    0000002c     zh_terminal_tios_pem4f.oem4f (.text:ti_sysbios_knl_Clock_doTick__I)
                  0001202c    0000002c     zh_terminal_tios_pem4f.oem4f (.text:ti_sysbios_knl_Queue_construct)
                  00012058    0000002c     sysbios.aem4f : BIOS.obj (.text:ti_sysbios_knl_Task_restore__E)
                  00012084    0000002c     wizchip_conf.obj (.text:wizchip_gettimeout)
                  000120b0    0000002c     ti.targets.arm.rtsarm.aem4f : Text.oem4f (.text:xdc_runtime_Text_cordText__E)
                  000120dc    0000002a     msp432p4xx_driverlib.lib : pcm_MSP432P4XX.obj (.text:PCM_getPowerMode)
                  00012106    0000002a     drivers_msp432p401x.aem4f : SPIMSP432DMA.oem4f (.text:perfChangeNotifyFxn)
                  00012130    0000002a     rtsv7M4_T_le_v4SPD16_eabi.lib : strspn.obj (.text)
                  0001215a    0000002a     sysbios.aem4f : BIOS.obj (.text:ti_sysbios_knl_Queue_enqueue__E)
                  00012184    0000002a                   : BIOS.obj (.text:ti_sysbios_knl_Task_sleepTimeout__I)
                  000121ae    0000002a     wizchip_conf.obj (.text:wizphy_getphypmode)
                  000121d8    0000002a     ti.targets.arm.rtsarm.aem4f : System.oem4f (.text:xdc_runtime_System_putchar__I)
                  00012202    00000002     --HOLE-- [fill = 0]
                  00012204    00000028     drivers_msp432p401x.aem4f : NVSMSP432.oem4f (.text:NVSMSP432_lock)
                  0001222c    00000028     msp432p4xx_driverlib.lib : pcm_MSP432P4XX.obj (.text:PCM_gotoLPM0)
                  00012254    00000028     drivers_msp432p401x.aem4f : PowerMSP432.oem4f (.text:Power_registerNotify)
                  0001227c    00000028     fatsd.obj (.text:close_sd)
                  000122a4    00000028     drivers_msp432p401x.aem4f : PowerMSP432.oem4f (.text:disableHFXT)
                  000122cc    00000028     fatfs.aem4f : diskio.oem4f (.text:disk_unregister)
                  000122f4    00000028     drivers_msp432p401x.aem4f : UARTMSP432.oem4f (.text:findBaudDividerIndex)
                  0001231c    00000028     power.obj (.text:power_disable)
                  00012344    00000028     power.obj (.text:power_enable)
                  0001236c    00000028     rtsv7M4_T_le_v4SPD16_eabi.lib : lseek.obj (.text)
                  00012394    00000028                                   : read.obj (.text)
                  000123bc    00000028                                   : write.obj (.text)
                  000123e4    00000028     nh122.obj (.text:set_nh122_serial_flag)
                  0001240c    00000028     sysbios.aem4f : BIOS.obj (.text:ti_sysbios_knl_Clock_startI__E)
                  00012434    00000026     drivers_msp432p401x.aem4f : List.oem4f (.text:List_put)
                  0001245a    00000026                               : TimerMSP432.oem4f (.text:perfChangeNotifyFxn)
                  00012480    00000026     sysbios.aem4f : m3_Hwi_asm.obj (.text:ti_sysbios_family_arm_m3_Hwi_pendSV__I)
                  000124a6    00000026     wiznet.obj (.text:wizchip_spi_writeburst)
                  000124cc    00000026     ti.targets.arm.rtsarm.aem4f : System.oem4f (.text:xdc_runtime_System_avprintf__E)
                  000124f2    00000002     --HOLE-- [fill = 0]
                  000124f4    00000024     msp432p4xx_driverlib.lib : gpio_MSP432P4XX.obj (.text:GPIO_setAsOutputPin)
                  00012518    00000024                              : rtc_c_MSP432P4XX.obj (.text:RTC_C_holdClock)
                  0001253c    00000024     fatfs.aem4f : diskio.oem4f (.text:disk_ioctl)
                  00012560    00000024                 : diskio.oem4f (.text:disk_read)
                  00012584    00000024                 : ff.oem4f (.text:f_close)
                  000125a8    00000024     gsm.obj (.text:msg_recieve_size)
                  000125cc    00000024     rtsv7M4_T_le_v4SPD16_eabi.lib : strcspn.obj (.text)
                  000125f0    00000024     rt_clock.obj (.text:set_century)
                  00012614    00000024     rt_clock.obj (.text:set_hour)
                  00012638    00000024     rt_clock.obj (.text:set_minute)
                  0001265c    00000024     rt_clock.obj (.text:set_month)
                  00012680    00000024     rt_clock.obj (.text:set_second)
                  000126a4    00000024     rt_clock.obj (.text:set_year)
                  000126c8    00000024     zh_terminal_tios_pem4f.oem4f (.text:ti_sysbios_BIOS_errorRaiseHook__I)
                  000126ec    00000024     zh_terminal_tios_pem4f.oem4f (.text:ti_sysbios_BIOS_registerRTSLock__I)
                  00012710    00000024     zh_terminal_tios_pem4f.oem4f (.text:ti_sysbios_BIOS_removeRTSLock__I)
                  00012734    00000024     sysbios.aem4f : BIOS.obj (.text:ti_sysbios_BIOS_setThreadType__E)
                  00012758    00000024                   : BIOS.obj (.text:ti_sysbios_family_arm_m3_TimestampProvider_Module_startup__E)
                  0001277c    00000024                   : BIOS.obj (.text:ti_sysbios_gates_GateMutex_Instance_init__E)
                  000127a0    00000024     zh_terminal_tios_pem4f.oem4f (.text:ti_sysbios_gates_GateMutex_Object__delete__S)
                  000127c4    00000024     sysbios.aem4f : BIOS.obj (.text:ti_sysbios_heaps_HeapMem_restore__E)
                  000127e8    00000024                   : BIOS.obj (.text:ti_sysbios_knl_Clock_Module_startup__E)
                  0001280c    00000024     zh_terminal_tios_pem4f.oem4f (.text:ti_sysbios_knl_Clock_Object__delete__S)
                  00012830    00000024     sysbios.aem4f : BIOS.obj (.text:ti_sysbios_knl_Queue_dequeue__E)
                  00012854    00000024     zh_terminal_tios_pem4f.oem4f (.text:ti_sysbios_knl_Semaphore_Object__delete__S)
                  00012878    00000024     upload_data.obj (.text:uploaddata_timerCallback)
                  0001289c    00000024     wiznet.obj (.text:wizchip_spi_readburst)
                  000128c0    00000024     wiznet.obj (.text:wiznet_reset)
                  000128e4    00000024     ti.targets.arm.rtsarm.aem4f : System.oem4f (.text:xdc_runtime_System_vprintf__E)
                  00012908    00000022     ini.obj (.text:lskip)
                  0001292a    00000022     wizchip_conf.obj (.text:wizphy_getphylink)
                  0001294c    00000022     zh_terminal_tios_pem4f.oem4f (.text:xdc_runtime_SysMin_output__I)
                  0001296e    00000002     --HOLE-- [fill = 0]
                  00012970    00000020     drivers_msp432p401x.aem4f : PowerMSP432.oem4f (.text:Power_unregisterNotify)
                  00012990    00000020                               : RingBuf.oem4f (.text:RingBuf_peek)
                  000129b0    00000020     msp432p4xx_driverlib.lib : spi_MSP432P4XX.obj (.text:SPI_getInterruptStatus)
                  000129d0    00000020                              : spi_MSP432P4XX.obj (.text:SPI_transmitData)
                  000129f0    00000020     drivers_msp432p401x.aem4f : UDMAMSP432.oem4f (.text:UDMAMSP432_close)
                  00012a10    00000020     fatfs.aem4f : diskio.oem4f (.text:disk_write)
                  00012a30    00000020                 : ffcio.oem4f (.text:ffcio_close)
                  00012a50    00000020                 : ffcio.oem4f (.text:ffcio_read)
                  00012a70    00000020                 : ffcio.oem4f (.text:ffcio_write)
                  00012a90    00000020     nhfs45bu.obj (.text:nhfs45bu_init)
                  00012ab0    00000020     nhfx46au.obj (.text:nhfx46au_init)
                  00012ad0    00000020     nhzd10.obj (.text:nhzd10_init)
                  00012af0    00000020     rtsv7M4_T_le_v4SPD16_eabi.lib : feof.obj (.text)
                  00012b10    00000020                                   : memchr.obj (.text)
                  00012b30    00000020     ini.obj (.text:strncpy0)
                  00012b50    00000020     drivers_msp432p401x.aem4f : SDSPIMSP432.oem4f (.text:takeSPIBus)
                  00012b70    00000020     zh_terminal_tios_pem4f.oem4f (.text:ti_sysbios_BIOS_rtsLock__I)
                  00012b90    00000020     zh_terminal_tios_pem4f.oem4f (.text:ti_sysbios_family_arm_m3_Hwi_Object__delete__S)
                  00012bb0    00000020     sysbios.aem4f : m3_Hwi_asm.obj (.text:ti_sysbios_family_arm_m3_Hwi_excHandlerAsm__I)
                  00012bd0    00000020                   : BIOS.obj (.text:ti_sysbios_family_arm_m3_Timer_stop__E)
                  00012bf0    00000020     zh_terminal_tios_pem4f.oem4f (.text:ti_sysbios_gates_GateHwi_Object__delete__S)
                  00012c10    00000020     sysbios.aem4f : BIOS.obj (.text:ti_sysbios_gates_GateMutex_leave__E)
                  00012c30    00000020     zh_terminal_tios_pem4f.oem4f (.text:ti_sysbios_heaps_HeapMem_Object__delete__S)
                  00012c50    00000020     zh_terminal_tios_pem4f.oem4f (.text:ti_sysbios_knl_Semaphore_destruct)
                  00012c70    00000020     sysbios.aem4f : BIOS.obj (.text:ti_sysbios_knl_Task_disable__E)
                  00012c90    00000020                   : BIOS.obj (.text:ti_sysbios_knl_Task_enter__I)
                  00012cb0    00000020                   : BIOS.obj (.text:ti_sysbios_knl_Task_restoreHwi__E)
                  00012cd0    00000020                   : BIOS.obj (.text:ti_sysbios_knl_Task_unblock__E)
                  00012cf0    00000020     ti.targets.arm.rtsarm.aem4f : Registry.oem4f (.text:xdc_runtime_Registry_findById__E)
                  00012d10    00000020                                 : SysMin.oem4f (.text:xdc_runtime_SysMin_Module_startup__E)
                  00012d30    0000001e     fatfs.aem4f : ff.oem4f (.text:ld_clust)
                  00012d4e    0000001e     rtsv7M4_T_le_v4SPD16_eabi.lib : strcat.obj (.text)
                  00012d6c    0000001e     sysbios.aem4f : BIOS.obj (.text:ti_sysbios_knl_Clock_Instance_finalize__E)
                  00012d8a    0000001e                   : BIOS.obj (.text:ti_sysbios_knl_Clock_start__E)
                  00012da8    0000001e                   : BIOS.obj (.text:ti_sysbios_knl_Queue_remove__E)
                  00012dc6    00000002     --HOLE-- [fill = 0]
                  00012dc8    0000001c     gsm.obj (.text:_msg_send)
                  00012de4    0000001c     camera.obj (.text:camera_capture)
                  00012e00    0000001c     collecte_image.obj (.text:colimage_timerCallback)
                  00012e1c    0000001c     fatfs.aem4f : diskio.oem4f (.text:disk_initialize)
                  00012e38    0000001c                 : diskio.oem4f (.text:disk_status)
                  00012e54    0000001c     MSP_EXP432P401R.obj (.text:dmaErrorHwi)
                  00012e70    0000001c     gsm.obj (.text:gsm_close)
                  00012e8c    0000001c     ini.obj (.text:ini_parse_file)
                  00012ea8    0000001c     fatfs.aem4f : ff.oem4f (.text:mem_cmp)
                  00012ec4    0000001c     rtsv7M4_T_le_v4SPD16_eabi.lib : memccpy.obj (.text)
                  00012ee0    0000001c                                   : strdup.obj (.text)
                  00012efc    0000001c     self_cam.obj (.text:self_cam_close)
                  00012f18    0000001c     sysbios.aem4f : BIOS.obj (.text:ti_sysbios_BIOS_getCpuFreq__E)
                  00012f34    0000001c                   : BIOS.obj (.text:ti_sysbios_BIOS_setCpuFreq__E)
                  00012f50    0000001c     zh_terminal_tios_pem4f.oem4f (.text:ti_sysbios_knl_Queue_destruct)
                  00012f6c    0000001c     ti.targets.arm.rtsarm.aem4f : Error.oem4f (.text:xdc_runtime_Error_check__E)
                  00012f88    0000001c                                 : Error.oem4f (.text:xdc_runtime_Error_raiseX__E)
                  00012fa4    0000001c                                 : Memory.oem4f (.text:xdc_runtime_Memory_valloc__E)
                  00012fc0    0000001c                                 : SysMin.oem4f (.text:xdc_runtime_SysMin_exit__E)
                  00012fdc    0000001c                                 : System.oem4f (.text:xdc_runtime_System_abort__E)
                  00012ff8    0000001a     msp432p4xx_driverlib.lib : spi_MSP432P4XX.obj (.text:SPI_disableModule)
                  00013012    0000001a                              : spi_MSP432P4XX.obj (.text:SPI_enableModule)
                  0001302c    0000001a                              : spi_MSP432P4XX.obj (.text:SPI_receiveData)
                  00013046    0000001a     zh_terminal_tios_pem4f.oem4f (.text:ti_sysbios_family_arm_m3_Hwi_Handle__label__S)
                  00013060    0000001a     sysbios.aem4f : BIOS.obj (.text:ti_sysbios_family_arm_m3_TaskSupport_checkStack__E)
                  0001307a    0000001a     zh_terminal_tios_pem4f.oem4f (.text:ti_sysbios_gates_GateHwi_Handle__label__S)
                  00013094    0000001a     zh_terminal_tios_pem4f.oem4f (.text:ti_sysbios_gates_GateMutex_Handle__label__S)
                  000130ae    0000001a     zh_terminal_tios_pem4f.oem4f (.text:ti_sysbios_heaps_HeapMem_Handle__label__S)
                  000130c8    0000001a     sysbios.aem4f : BIOS.obj (.text:ti_sysbios_knl_Semaphore_Instance_finalize__E)
                  000130e2    0000001a     zh_terminal_tios_pem4f.oem4f (.text:ti_sysbios_knl_Task_Handle__label__S)
                  000130fc    0000001a     sysbios.aem4f : BIOS.obj (.text:ti_sysbios_knl_Task_setHookContext__E)
                  00013116    0000001a     fatfs.aem4f : ff.oem4f (.text:unlock_fs)
                  00013130    0000001a     zh_terminal_tios_pem4f.oem4f (.text:xdc_runtime_System_aprintf__E)
                  0001314a    0000001a     zh_terminal_tios_pem4f.oem4f (.text:xdc_runtime_System_printf__E)
                  00013164    00000018     zh_terminal_tios_pem4f.oem4f (.text:.bootCodeSection:ti_sysbios_family_arm_msp432_init_Boot_init__I)
                  0001317c    00000018     msp432p4xx_driverlib.lib : gpio_MSP432P4XX.obj (.text:GPIO_setOutputLowOnPin)
                  00013194    00000018     drivers_msp432p401x.aem4f : NVSMSP432.oem4f (.text:NVSMSP432_getAttrs)
                  000131ac    00000018                               : PowerMSP432.oem4f (.text:Power_idleFunc)
                  000131c4    00000018                               : UART.oem4f (.text:UART_Params_init)
                  000131dc    00000018     msp432p4xx_driverlib.lib : wdt_a_MSP432P4XX.obj (.text:WDT_A_holdTimer)
                  000131f4    00000018     gsm.obj (.text:_msg_send_onsize)
                  0001320c    00000018     gsm.obj (.text:_stop_msg_send)
                  00013224    00000018     fatfs.aem4f : ff.oem4f (.text:clust2sect)
                  0001323c    00000018     davis_rain.obj (.text:davis_rain_init)
                  00013254    00000018     davis_rain.obj (.text:di_fxn)
                  0001326c    00000018     fatfs.aem4f : ffosal.oem4f (.text:ff_cre_syncobj)
                  00013284    00000018     zh_terminal_tios_pem4f.oem4f (.text:free)
                  0001329c    00000018     nh122.obj (.text:nh122_close)
                  000132b4    00000018     rtsv7M4_T_le_v4SPD16_eabi.lib : args_main.obj (.text)
                  000132cc    00000018                                   : strcmp.obj (.text)
                  000132e4    00000018     zh_terminal_tios_pem4f.oem4f (.text:ti_sysbios_BIOS_rtsUnlock__I)
                  000132fc    00000018     zh_terminal_tios_pem4f.oem4f (.text:ti_sysbios_family_arm_m3_Hwi_Module__startupDone__F)
                  00013314    00000018     sysbios.aem4f : BIOS.obj (.text:ti_sysbios_family_arm_m3_Hwi_switchFromBootStack__E)
                  0001332c    00000018                   : m3_TaskSupport_asm.obj (.text:ti_sysbios_family_arm_m3_TaskSupport_swap__E)
                  00013344    00000018     zh_terminal_tios_pem4f.oem4f (.text:ti_sysbios_family_arm_msp432_Timer_Module__startupDone__F)
                  0001335c    00000018     sysbios.aem4f : BIOS.obj (.text:ti_sysbios_gates_GateMutex_Instance_State_sem$22)
                  00013374    00000018                   : BIOS.obj (.text:ti_sysbios_gates_GateMutex_Instance_finalize__E)
                  0001338c    00000018                   : BIOS.obj (.text:ti_sysbios_knl_Queue_empty__E)
                  000133a4    00000018                   : BIOS.obj (.text:ti_sysbios_knl_Semaphore_Instance_State_pendQ$5)
                  000133bc    00000018     ti.targets.arm.rtsarm.aem4f : Error.oem4f (.text:xdc_runtime_Error_init__E)
                  000133d4    00000018                                 : System.oem4f (.text:xdc_runtime_System_exit__E)
                  000133ec    00000018                                 : Text.oem4f (.text:xdc_runtime_Text_ropeText__E)
                  00013404    00000016     drivers_msp432p401x.aem4f : List.oem4f (.text:List_remove)
                  0001341a    00000016     fatfs.aem4f : ff.oem4f (.text:mem_cpy)
                  00013430    00000016     rtsv7M4_T_le_v4SPD16_eabi.lib : strchr.obj (.text)
                  00013446    00000016     zh_terminal_tios_pem4f.oem4f (.text:ti_sysbios_BIOS_exitFunc__I)
                  0001345c    00000016     sysbios.aem4f : BIOS.obj (.text:ti_sysbios_family_arm_m3_Hwi_Handle_name$16)
                  00013472    00000016                   : BIOS.obj (.text:ti_sysbios_family_arm_msp432_Timer_getMaxTicks__E)
                  00013488    00000016     rt_clock.obj (.text:ti_sysbios_knl_Clock_Params_init)
                  0001349e    00000016     sysbios.aem4f : BIOS.obj (.text:ti_sysbios_knl_Queue_Instance_init__E)
                  000134b4    00000016                   : BIOS.obj (.text:ti_sysbios_knl_Task_Handle_name$16)
                  000134ca    00000016     collecte_data.obj (.text:ti_sysbios_knl_Task_Params_init)
                  000134e0    00000016     collecte_image.obj (.text:ti_sysbios_knl_Task_Params_init)
                  000134f6    00000016     update_time.obj (.text:ti_sysbios_knl_Task_Params_init)
                  0001350c    00000016     upload_data.obj (.text:ti_sysbios_knl_Task_Params_init)
                  00013522    00000016     sysbios.aem4f : BIOS.obj (.text:ti_sysbios_knl_Task_getHookContext__E)
                  00013538    00000016     wizchip_conf.obj (.text:wizchip_bus_writedata)
                  0001354e    00000002     --HOLE-- [fill = 0]
                  00013550    00000014     msp432p4xx_driverlib.lib : gpio_MSP432P4XX.obj (.text:GPIO_setOutputHighOnPin)
                  00013564    00000014     gsm.obj (.text:_close_net)
                  00013578    00000014     drivers_msp432p401x.aem4f : UARTMSP432.oem4f (.text:clearTXCPTIFG)
                  0001358c    00000014     protocol.obj (.text:clear_buffer)
                  000135a0    00000014     fatfs.aem4f : ffosal.oem4f (.text:ff_req_grant)
                  000135b4    00000014     gsm.obj (.text:gsm_lock)
                  000135c8    00000014     fatfs.aem4f : ff.oem4f (.text:mem_set)
                  000135dc    00000014     rtsv7M4_T_le_v4SPD16_eabi.lib : _lock.obj (.text)
                  000135f0    00000014                                   : s_copysign.obj (.text)
                  00013604    00000014                                   : strcpy.obj (.text)
                  00013618    00000014                                   : strlen.obj (.text)
                  0001362c    00000014     sysbios.aem4f : BIOS.obj (.text:ti_sysbios_BIOS_exit__E)
                  00013640    00000014     zh_terminal_tios_pem4f.oem4f (.text:ti_sysbios_family_arm_m3_Hwi_Object__get__S)
                  00013654    00000014     sysbios.aem4f : BIOS.obj (.text:ti_sysbios_family_arm_m3_Timer_getHandle__E)
                  00013668    00000014                   : BIOS.obj (.text:ti_sysbios_family_arm_msp432_Timer_setPeriod__E)
                  0001367c    00000014                   : BIOS.obj (.text:ti_sysbios_gates_GateHwi_enter__E)
                  00013690    00000014                   : BIOS.obj (.text:ti_sysbios_hal_Hwi_Module_startup__E)
                  000136a4    00000014                   : BIOS.obj (.text:ti_sysbios_hal_Hwi_getStackInfo__E)
                  000136b8    00000014     zh_terminal_tios_pem4f.oem4f (.text:ti_sysbios_heaps_HeapMem_Object__get__S)
                  000136cc    00000014     sysbios.aem4f : BIOS.obj (.text:ti_sysbios_knl_Clock_Module_State_clockQ$1)
                  000136e0    00000014                   : BIOS.obj (.text:ti_sysbios_knl_Queue_elemClear__E)
                  000136f4    00000014                   : BIOS.obj (.text:ti_sysbios_knl_Task_Module_State_inactiveQ$7)
                  00013708    00000014     zh_terminal_tios_pem4f.oem4f (.text:ti_sysbios_knl_Task_Object__get__S)
                  0001371c    00000014     sysbios.aem4f : BIOS.obj (.text:ti_sysbios_utils_Load_Module_State_taskList$8)
                  00013730    00000014                   : BIOS.obj (.text:ti_sysbios_utils_Load_taskRegHook__E)
                  00013744    00000012     drivers_msp432p401x.aem4f : RingBuf.oem4f (.text:RingBuf_construct)
                  00013756    00000012                               : SDSPIMSP432.oem4f (.text:SDSPIMSP432_init)
                  00013768    00000012     dpl_msp432p401x.aem4f : SemaphoreP_tirtos.oem4f (.text:SemaphoreP_pend)
                  0001377a    00000012     fatfs.aem4f : ff.oem4f (.text:chk_chr)
                  0001378c    00000012                 : ffcio.oem4f (.text:ffcio_rename)
                  0001379e    00000012                 : ffcio.oem4f (.text:ffcio_unlink)
                  000137b0    00000012     sysbios.aem4f : BIOS.obj (.text:ti_sysbios_gates_GateHwi_leave__E)
                  000137c2    00000012                   : BIOS.obj (.text:ti_sysbios_knl_Clock_setTimeout__E)
                  000137d4    00000012     zh_terminal_tios_pem4f.oem4f (.text:xdc_runtime_Startup_exec__I)
                  000137e6    00000010     dpl_msp432p401x.aem4f : HwiP_tirtos.oem4f (.text:HwiP_Params_init)
                  000137f6    00000002     --HOLE-- [fill = 0]
                  000137f8    00000010     msp432p4xx_driverlib.lib : pcm_MSP432P4XX.obj (.text:PCM_getPowerState)
                  00013808    00000010                              : pcm_MSP432P4XX.obj (.text:PCM_gotoLPM4)
                  00013818    00000010     drivers_msp432p401x.aem4f : PowerMSP432.oem4f (.text:PowerMSP432_getNumPerfLevels)
                  00013828    00000010                               : SDSPIMSP432.oem4f (.text:SDSPIMSP432_diskStatus)
                  00013838    00000010                               : SDSPI.oem4f (.text:SDSPI_Params_init)
                  00013848    00000010     msp432p4xx_driverlib.lib : sysctl_MSP432P4XX.obj (.text:SysCtl_getNMISourceStatus)
                  00013858    00000010                              : sysctl_MSP432P4XX.obj (.text:SysCtl_rebootDevice)
                  00013868    00000010     drivers_msp432p401x.aem4f : Timer.oem4f (.text:Timer_Params_init)
                  00013878    00000010                               : WatchdogMSP432.oem4f (.text:WatchdogMSP432_clear)
                  00013888    00000010                               : Watchdog.oem4f (.text:Watchdog_Params_init)
                  00013898    00000010                               : NVSMSP432.oem4f (.text:getFlashSector)
                  000138a8    00000010     gsm.obj (.text:gsm_unlock)
                  000138b8    00000010     sensors.obj (.text:init_sensors)
                  000138c8    00000010     gsm.obj (.text:msg_send_onsize_data_mode)
                  000138d8    00000010     drivers_msp432p401x.aem4f : UARTMSP432.oem4f (.text:readBlockingTimeout)
                  000138e8    00000010     rtsv7M4_T_le_v4SPD16_eabi.lib : isspace.obj (.text)
                  000138f8    00000010     rt_clock.obj (.text:set_millenium)
                  00013908    00000010     fatfs.aem4f : ff.oem4f (.text:st_clust)
                  00013918    00000010     sysbios.aem4f : BIOS.obj (.text:ti_sysbios_BIOS_getThreadType__E)
                  00013928    00000010                   : BIOS.obj (.text:ti_sysbios_BIOS_start__E)
                  00013938    00000010                   : BIOS.obj (.text:ti_sysbios_family_arm_m3_Hwi_Object_get$16)
                  00013948    00000010                   : BIOS.obj (.text:ti_sysbios_family_arm_m3_Hwi_restoreFxn__E)
                  00013958    00000010                   : m3_TaskSupport_asm.obj (.text:ti_sysbios_family_arm_m3_TaskSupport_glue)
                  00013968    00000010                   : BIOS.obj (.text:ti_sysbios_family_arm_m3_TimestampProvider_startTimer__E)
                  00013978    00000010                   : BIOS.obj (.text:ti_sysbios_family_arm_msp432_init_Boot_disableWatchdog)
                  00013988    00000010                   : BIOS.obj (.text:ti_sysbios_heaps_HeapMem_Object_get$20)
                  00013998    00000010                   : BIOS.obj (.text:ti_sysbios_knl_Clock_getTicks__E)
                  000139a8    00000010                   : BIOS.obj (.text:ti_sysbios_knl_Clock_stop__E)
                  000139b8    00000010                   : BIOS.obj (.text:ti_sysbios_knl_Queue_Object_get$7)
                  000139c8    00000010                   : BIOS.obj (.text:ti_sysbios_knl_Queue_insert__E)
                  000139d8    00000010                   : BIOS.obj (.text:ti_sysbios_knl_Task_Object_get$7)
                  000139e8    00000010     wiznet.obj (.text:wizchip_spi_writebyte)
                  000139f8    00000010     wiznet.obj (.text:wiznet_close)
                  00013a08    00000010     wiznet.obj (.text:wiznet_open)
                  00013a18    00000010     ti.targets.arm.rtsarm.aem4f : Gate.oem4f (.text:xdc_runtime_Gate_leaveSystem__E)
                  00013a28    00000010                                 : Memory.oem4f (.text:xdc_runtime_Memory_free__E)
                  00013a38    00000010                                 : SysMin.oem4f (.text:xdc_runtime_SysMin_ready__E)
                  00013a48    00000010                                 : System.oem4f (.text:xdc_runtime_System_vsnprintf__E)
                  00013a58    00000010     zh_terminal_tios_pem4f.oem4f (.text:xdc_runtime_Text_visitRope__I)
                  00013a68    0000000e     drivers_msp432p401x.aem4f : NVS.oem4f (.text:NVS_write)
                  00013a76    0000000e     wizchip_conf.obj (.text:_wizchip_spi_readburst)
                  00013a84    0000000e     wizchip_conf.obj (.text:_wizchip_spi_writeburst)
                  00013a92    0000000e     collecte_data.obj (.text:coldata_timerCallback)
                  00013aa0    0000000e     rtsv7M4_T_le_v4SPD16_eabi.lib : copy_decompress_none.obj (.text:decompress:none)
                  00013aae    0000000e     sysbios.aem4f : BIOS.obj (.text:ti_sysbios_family_arm_m3_Hwi_doTaskRestore__I)
                  00013abc    0000000e                   : BIOS.obj (.text:ti_sysbios_family_arm_m3_Timer_getPeriod__E)
                  00013aca    0000000e                   : BIOS.obj (.text:ti_sysbios_knl_Queue_head__E)
                  00013ad8    0000000e                   : BIOS.obj (.text:ti_sysbios_knl_Queue_next__E)
                  00013ae6    0000000e                   : BIOS.obj (.text:ti_sysbios_knl_Task_getPri__E)
                  00013af4    0000000e     wizchip_conf.obj (.text:wizchip_bus_readdata)
                  00013b02    0000000c     msp432p4xx_driverlib.lib : cpu_MSP432P4XX.obj (.text:CPU_cpsid)
                  00013b0e    0000000c                              : cpu_MSP432P4XX.obj (.text:CPU_cpsie)
                  00013b1a    0000000c     dpl_msp432p401x.aem4f : ClockP_tirtos.oem4f (.text:ClockP_delete)
                  00013b26    00000002     --HOLE-- [fill = 0]
                  00013b28    0000000c                           : ClockP_tirtos.oem4f (.text:ClockP_getSystemTickPeriod)
                  00013b34    0000000c     msp432p4xx_driverlib.lib : spi_MSP432P4XX.obj (.text:EUSCI_A_SPI_disable)
                  00013b40    0000000c                              : spi_MSP432P4XX.obj (.text:EUSCI_A_SPI_enable)
                  00013b4c    0000000c                              : spi_MSP432P4XX.obj (.text:EUSCI_B_SPI_disable)
                  00013b58    0000000c                              : spi_MSP432P4XX.obj (.text:EUSCI_B_SPI_enable)
                  00013b64    0000000c     dpl_msp432p401x.aem4f : HwiP_tirtos.oem4f (.text:HwiP_delete)
                  00013b70    0000000c     drivers_msp432p401x.aem4f : NVSMSP432.oem4f (.text:NVSMSP432_unlock)
                  00013b7c    0000000c                               : PowerMSP432.oem4f (.text:Power_getConstraintMask)
                  00013b88    0000000c                               : PowerMSP432.oem4f (.text:Power_getPerformanceLevel)
                  00013b94    0000000c     dpl_msp432p401x.aem4f : SemaphoreP_tirtos.oem4f (.text:SemaphoreP_delete)
                  00013ba0    0000000c     wizchip_conf.obj (.text:_wizchip_spi_writebyte)
                  00013bac    0000000c     rtsv7M4_T_le_v4SPD16_eabi.lib : copy_zero_init.obj (.text:decompress:ZI)
                  00013bb8    0000000c     fatsd.obj (.text:disable_sd)
                  00013bc4    0000000c     fatsd.obj (.text:enable_sd)
                  00013bd0    0000000c     conf_parser.obj (.text:get_data_capture_invl)
[...]
0001690c  xdc_runtime_Core_A_initializedParams__C                         
00016910  xdc_runtime_Core_Module__diagsEnabled__C                        
00016914  xdc_runtime_Core_Module__diagsIncluded__C                       
00016918  xdc_runtime_Core_Module__diagsMask__C                           
0001691c  xdc_runtime_Error_E_memory__C                                   
00016920  xdc_runtime_Error_Module__diagsEnabled__C                       
00016924  xdc_runtime_Error_Module__diagsIncluded__C                      
00016928  xdc_runtime_Error_Module__diagsMask__C                          
0001692c  xdc_runtime_Error_Module__loggerFxn8__C                         
00016930  xdc_runtime_Error_Module__loggerObj__C                          
00016934  xdc_runtime_Error_policyFxn__C                                  
00016938  xdc_runtime_Error_raiseHook__C                                  
0001693c  xdc_runtime_IGateProvider_Interface__BASE__C                    
00016940  xdc_runtime_IHeap_Interface__BASE__C                            
00016944  xdc_runtime_IModule_Interface__BASE__C                          
00016948  xdc_runtime_Log_L_error__C                                      
0001694c  xdc_runtime_Memory_defaultHeapInstance__C                       
00016950  xdc_runtime_Startup_execImpl__C                                 
00016954  xdc_runtime_Startup_lastFxns__A                                 
00016958  xdc_runtime_Startup_maxPasses__C                                
0001695c  xdc_runtime_Startup_sfxnRts__C                                  
00016960  xdc_runtime_Startup_sfxnTab__C                                  
00016964  xdc_runtime_SysMin_bufSize__C                                   
00016968  xdc_runtime_SysMin_outputFunc__C                                
0001696c  xdc_runtime_System_Module__gateObj__C                           
00016970  xdc_runtime_System_abortFxn__C                                  
00016974  xdc_runtime_System_exitFxn__C                                   
00016978  xdc_runtime_System_extendFxn__C                                 
0001697c  xdc_runtime_System_maxAtexitHandlers__C                         
00016980  xdc_runtime_Text_charTab__C                                     
00016984  xdc_runtime_Text_nameEmpty__C                                   
00016988  xdc_runtime_Text_nameStatic__C                                  
0001698c  xdc_runtime_Text_nameUnknown__C                                 
00016990  xdc_runtime_Text_nodeTab__C                                     
00016994  xdc_runtime_Text_visitRopeFxn__C                                
00016998  ti_sysbios_family_arm_msp432_init_Boot_bypassHFXT__C            
0001699a  ti_sysbios_family_arm_msp432_init_Boot_bypassLFXT__C            
0001699c  ti_sysbios_family_arm_msp432_init_Boot_enableHFXT__C            
0001699e  ti_sysbios_family_arm_msp432_init_Boot_enableLFXT__C            
000169a0  ti_sysbios_hal_Hwi_Module__id__C                                
000169a2  ti_sysbios_heaps_HeapMem_Module__id__C                          
000169a4  ti_sysbios_knl_Task_Module__id__C                               
000169a6  ti_sysbios_utils_Load_autoAddTasks__C                           
000169a8  ti_sysbios_utils_Load_updateInIdle__C                           
000169aa  xdc_runtime_Core_Module__id__C                                  
000169ac  xdc_runtime_Error_Module__loggerDefined__C                      
000169ae  xdc_runtime_Error_maxDepth__C                                   
000169b0  xdc_runtime_Memory_Module__id__C                                
000169b2  xdc_runtime_SysMin_flushAtExit__C                               
000169b4  xdc_runtime_Text_charCnt__C                                     
000169b6  xdc_runtime_Text_isLoaded__C                                    
000169b8  xdc_runtime_Text_registryModsLastId__C                          
000169ba  xdc_runtime_Text_unnamedModsLastId__C                           
000169c0  __TI_static_base__                                              
00016e04  __TI_Handler_Table_Base                                         
00016e10  __TI_Handler_Table_Limit                                        
00016e18  __TI_CINIT_Base                                                 
00016e28  __TI_CINIT_Limit                                                
20000000  ti_sysbios_family_arm_m3_Hwi_ramVectors                         
20000140  __primary_heap_start__                                          
20008140  __primary_heap_end__                                            
20008200  ti_sysbios_knl_Task_Instance_State_0_stack__A                   
20008a00  ti_sysbios_knl_Task_Instance_State_1_stack__A                   
20009200  col_data_task_stack                                             
20009a00  collecte_image_task_stack                                       
2000a200  update_time_task_stack                                          
2000aa00  upload_data_task_stack                                          
2000b200  sensor_data_buffer                                              
2000b700  camera_buffer                                                   
2000bb00  gsm_rec_buffer                                                  
2000bf00  protocol_buffer                                                 
2000c300  sdspiMSP432Objects                                              
2000c554  xdc_runtime_SysMin_Module_State_0_outbuf__A                     
2000c754  uartMSP432Objects                                               
2000c8d4  ti_sysbios_family_arm_m3_Hwi_dispatchTable                      
2000ca14  __CIOBUF_                                                       
2000cb34  timerMSP432Objects                                              
2000cc38  nh122_res_buffer                                                
2000cd38  __TI_tmpnams                                                    
2000ce80  img_file_name                                                   
2000cee4  pimgfile                                                        
2000cf48  tbuf                                                            
2000cfac  uartMSP432RingBuffer                                            
2000d00c  col_data_task_struct                                            
2000d05c  collecte_image_task_struct                                      
2000d0ac  update_time_task_struct                                         
2000d0fc  upload_data_task_struct                                         
2000d14c  spiMSP432DMAObjects                                             
2000d194  collecte_data_task_info                                         
2000d1c8  collecte_image_task_info                                        
2000d1fc  upload_data_task_info                                           
2000d260  clkParams                                                       
2000d284  clkStruct                                                       
2000d2a8  gsm_uartParams                                                  
2000d2cc  nh122_uartParams                                                
2000d2f0  adcMSP432Objects                                                
2000d330  watchdogMSP432Objects                                           
2000d33c  nhfs45bu_params                                                 
2000d344  nhfx46au_params                                                 
2000d34c  nhzd10_params                                                   
2000d354  parmbuf                                                         
2000d35c  sdspiParams                                                     
2000d368  ticks                                                           
2000d370  udmaMSP432Object                                                
2000d380  ClockP_tickPeriod                                               
2000d384  century                                                         
2000d388  clkHandle                                                       
2000d38c  day                                                             
2000d390  fimg                                                            
2000d394  gsm_uart                                                        
2000d398  hour                                                            
2000d39c  microsecond                                                     
2000d3a0  millenium                                                       
2000d3a4  millisecond                                                     
2000d3a8  minute                                                          
2000d3ac  month                                                           
2000d3b0  nh122_bar_value                                                 
2000d3b4  nh122_hum_value                                                 
2000d3b8  nh122_temp_value                                                
2000d3bc  nh122_uart                                                      
2000d3c0  nhfs45bu_adc                                                    
2000d3c4  nhfs45bu_adcValueMicroVolt                                      
2000d3c8  nhfs45bu_value                                                  
2000d3cc  nhfx46au_adc                                                    
2000d3d0  nhfx46au_adcValueMicroVolt                                      
2000d3d4  nhfx46au_value                                                  
2000d3d8  nhzd10_adc                                                      
2000d3dc  nhzd10_adcValueMicroVolt                                        
2000d3e0  nhzd10_value                                                    
2000d3e4  nvsHandle                                                       
2000d3e8  nvsMSP432Objects                                                
2000d3ec  res                                                             
2000d3f0  sdspiHandle                                                     
2000d3f4  second                                                          
2000d3f8  ti_sysbios_knl_Task_Instance_State_0_hookEnv__A                 
2000d3fc  ti_sysbios_knl_Task_Instance_State_1_hookEnv__A                 
2000d400  watchdogHandle                                                  
2000d404  year                                                            
2000d40a  nhfs45bu_adcValue                                               
2000d40c  nhfx46au_adcValue                                               
2000d40e  nhzd10_adcValue                                                 
2000d414  _ftable                                                         
2000d504  PowerMSP432_perfLevels                                          
2000d5d4  ti_sysbios_knl_Semaphore_Object__table__V                       
2000d694  ti_sysbios_knl_Task_Object__table__V                            
2000d734  ti_sysbios_utils_Load_Module__state__V                          
2000d84c  ti_sysbios_knl_Task_Module_State_0_readyQ__A                    
2000d8cc  _device                                                         
2000d944  gpioPinConfigs                                                  
2000d9bc  _stream                                                         
2000da5c  ti_sysbios_family_arm_msp432_Timer_Object__table__V             
2000daac  ti_sysbios_gates_GateMutex_Object__table__V                     
2000daf4  AT_IPR                                                          
2000daf8  AT_CGSOCKCONT_IP_COM                                            
2000dafc  AT_CSOCKSETPN                                                   
2000db00  AT_NETOPEN                                                      
2000db04  AT_NETCLOSE                                                     
2000db08  AT_CIPCLOSE                                                     
2000db0c  AT_CNMI                                                         
2000db10  AT_CREG                                                         
2000db14  AT_CIPHEAD                                                      
2000db18  AT_CIPSRIP                                                      
2000db1c  AT_CSCLK                                                        
2000db20  AT_CGSOCKCONT                                                   
2000db24  AT_CIPOPEN_TCP                                                  
2000db28  AT_DATA_MODE                                                    
2000db2c  IP                                                              
2000db30  COM                                                             
2000db34  AT_END                                                          
2000db36  gsm_rec_index                                                   
2000db38  ti_sysbios_knl_Task_Module__state__V                            
2000db7c  ti_sysbios_family_arm_m3_Hwi_Object__table__V                   
2000dbb4  ti_sysbios_utils_Load_Module_State_0_taskEnv__A                 
2000dbec  PUSH_DATA_HEAD                                                  
2000dbf0  COL_CONFIG_HEAD                                                 
2000dbf4  PUSH_IMAGE_HEAD                                                 
2000dbf8  UPDATE_TIME_HEAD                                                
2000dbfc  PACKAGE_FORMAT                                                  
2000dc00  PUSH_DATA_FINISH                                                
2000dc04  PUSH_DATA_READY                                                 
2000dc08  PUSH_IMAGE_READY                                                
2000dc0c  DATA_UPLOADED                                                   
2000dc10  IMAGE_UPLOADED                                                  
2000dc14  PARAM_UPDATED                                                   
2000dc18  FAIL                                                            
2000dc1c  TIME_SECOND                                                     
2000dc20  ti_sysbios_family_arm_m3_Hwi_Module__state__V                   
2000dc54  ti_sysbios_family_arm_m3_Timer_Object__table__V                 
2000dc88  update_time_task_info                                           
2000dcbc  PowerMSP432_module                                              
2000dce8  ti_sysbios_knl_Clock_Module__state__V                           
2000dd14  WIZCHIP                                                         
2000dd60  ti_sysbios_BIOS_Module__state__V                                
2000dd84  ti_sysbios_family_arm_msp432_Timer_Module_State_0_device__A     
2000dda4  xdc_runtime_Error_IgnoreBlock                                   
2000ddc4  ti_sysbios_heaps_HeapMem_Object__table__V                       
2000ddf8  g_config                                                        
2000de0c  _tz                                                             
2000de1c  __TI_ft_end                                                     
2000de20  __aeabi_stdin                                                   
2000de24  __aeabi_stdout                                                  
2000de28  __aeabi_stderr                                                  
2000de3c  ti_sysbios_family_arm_msp432_Timer_Module_State_0_handles__A    
2000de4c  __TI_cleanup_ptr                                                
2000de50  __TI_dtors_ptr                                                  
2000de54  __TI_enable_exit_profile_output                                 
2000de58  ti_sysbios_family_arm_m3_Timer_Module__state__V                 
2000de64  ti_sysbios_family_arm_msp432_ClockFreqs_Module__state__V        
2000de70  ti_sysbios_family_arm_msp432_Timer_Module__state__V             
2000de7c  xdc_runtime_SysMin_Module__state__V                             
2000de88  _lock                                                           
2000de8c  _unlock                                                         
2000dea0  gpioCallbackFunctions                                           
2000dea8  rt_clock_sign                                                   
2000deac  p_time_tasks_info                                               
2000deb0  c_des_port                                                      
2000deb2  camera_stat                                                     
2000deb4  image_size                                                      
2000deb8  sock_pack_info                                                  
2000dec0  ti_sysbios_family_arm_m3_Hwi_Module__root__V                    
2000dec8  ti_sysbios_gates_GateHwi_Module__root__V                        
2000ded0  ti_sysbios_gates_GateHwi_Object__table__V                       
2000ded8  ti_sysbios_gates_GateMutex_Module__root__V                      
2000dee0  ti_sysbios_heaps_HeapMem_Module__root__V                        
2000dee8  ti_sysbios_knl_Clock_Module__root__V                            
2000def0  ti_sysbios_knl_Queue_Module__root__V                            
2000def8  ti_sysbios_knl_Semaphore_Module__root__V                        
2000df00  ti_sysbios_knl_Task_Module__root__V                             
2000df08  xdc_runtime_Registry_Module__state__V                           
2000df10  xdc_runtime_Startup_Module__state__V                            
2000df18  xdc_runtime_System_Module_State_0_atexitHandlers__A             
2000df20  xdc_runtime_System_Module__state__V                             
2000df28  nhzd10_key                                                      
2000df34  c_des_ip                                                        
2000df44  fatfsPrefix                                                     
2000df4c  errno                                                           
2000df58  main_func_sp                                                    
2000df60  ti_sysbios_family_arm_m3_Hwi_Module_State_0_excContext__A       
2000df64  ti_sysbios_family_arm_m3_Hwi_Module_State_0_excStack__A         
2000df68  ti_sysbios_family_arm_m3_TimestampProvider_Module__state__V     
2000df6c  ti_sysbios_knl_Task_Module_State_0_idleTask__A                  
2000df70  ti_sysbios_utils_Load_Module_State_0_runningTask__A             
2000df74  ti_sysbios_utils_Load_Module_State_0_taskStartTime__A           
2000df78  xdc_runtime_Memory_Module__state__V                             
2000df7c  nh122_bar_key                                                   
2000df7f  nh122_hum_key                                                   
2000df82  nh122_temp_key                                                  
2000df85  nhfs45bu_key                                                    
2000df88  nhfx46au_key                                                    
2000df8b  sensor_sign                                                     
2000df8c  p_w_buffer                                                      
2000df8d  p_r_buffer                                                      
2000df90  ti_sysbios_family_arm_m3_Hwi_Module_State_0_excActive__A        
2000df92  xdc_runtime_Error_Module__state__V                              
2000fc00  __stack                                                         
20010000  __STACK_END                                                     
4000480c  WDTCTL_SYM                                                      
e000e000  ti_sysbios_family_arm_m3_Hwi_nvic                               
ffffffff  __TI_pprof_out_hndl                                             
ffffffff  __TI_prof_data_size                                             
ffffffff  __TI_prof_data_start                                            
ffffffff  __binit__                                                       
ffffffff  __c_args__                                                      
ffffffff  binit                                                           
UNDEFED   SHT$$INIT_ARRAY$$Base                                           
UNDEFED   SHT$$INIT_ARRAY$$Limit                                          

[1269 symbols]
