******************************************************************************
                  TI ARM Linker PC v16.9.4                     
******************************************************************************
>> Linked Fri Dec 01 11:28:44 2017

OUTPUT FILE NAME:   <zh_terminal_tios.out>
ENTRY POINT SYMBOL: "_c_int00"  address: 0000c355


MEMORY CONFIGURATION

         name            origin    length      used     unused   attr    fill
----------------------  --------  ---------  --------  --------  ----  --------
  MAIN                  00000000   00040000  00012fe6  0002d01a  R  X
  INFO                  00200000   00004000  00000000  00004000  R  X
  SRAM_CODE             01000000   00010000  0000fae2  0000051e  RW X
  SRAM_DATA             20000000   00010000  0000fae2  0000051e  RW  


SEGMENT ALLOCATION MAP

run origin  load origin   length   init length attrs members
----------  ----------- ---------- ----------- ----- -------
00000000    00000000    00012fe8   00012fe8    r-x
  00000000    00000000    0000003c   0000003c    r-- .resetVecs
  0000003c    0000003c    00010588   00010588    r-x .text
  000105c4    000105c4    0000269a   0000269a    r-- .const
  00012c60    00012c60    00000388   00000388    r-- .cinit
20000140    20000140    00008000   00000000    r--
  20000140    20000140    00008000   00000000    r-- .priheap
20008200    20008200    000075a2   00000000    rw-
  20008200    20008200    00006c64   00000000    rw- .bss
  2000ee64    2000ee64    0000093e   00000000    rw- .data
2000fc00    2000fc00    00000400   00000000    rw-
  2000fc00    2000fc00    00000400   00000000    rw- .stack


SECTION ALLOCATION MAP

 output                                  attributes/
section   page    origin      length       input sections
--------  ----  ----------  ----------   ----------------
.text      0    0000003c    00010588     
                  0000003c    0000113e     rtsv7M4_T_le_v4SPD16_eabi.lib : _printfi.obj (.text)
                  0000117a    00000002     drivers_msp432p401x.aem4f : ADCMSP432.oem4f (.text:ADCMSP432_init)
                  0000117c    000004ac     sysbios.aem4f : BIOS.obj (.text:ti_sysbios_family_arm_m3_Hwi_excDumpRegs__I)
                  00001628    00000354     ti.targets.arm.rtsarm.aem4f : System.oem4f (.text:xdc_runtime_System_doPrint__I)
                  0000197c    00000324     fatfs.aem4f : ff.oem4f (.text:find_volume)
                  00001ca0    000002d4     drivers_msp432p401x.aem4f : PowerMSP432.oem4f (.text:Power_sleep)
                  00001f74    000002c0                               : UARTMSP432.oem4f (.text:UARTMSP432_open)
                  00002234    000002ac                               : SDSPIMSP432.oem4f (.text:SDSPIMSP432_diskInitialize)
                  000024e0    000002a0     rtsv7M4_T_le_v4SPD16_eabi.lib : mktime.obj (.text)
                  00002780    00000298     drivers_msp432p401x.aem4f : PowerMSP432.oem4f (.text:Power_setPerformanceLevel)
                  00002a18    00000264                               : SPIMSP432DMA.oem4f (.text:SPIMSP432DMA_open)
                  00002c7c    00000244                               : SDSPIMSP432.oem4f (.text:SDSPIMSP432_open)
                  00002ec0    0000021e     rtsv7M4_T_le_v4SPD16_eabi.lib : ll_div_t2.obj (.text)
                  000030de    000001f4                                   : ull_div_t2.obj (.text)
                  000032d2    00000002     dpl_msp432p401x.aem4f : PowerMSP432_tirtos.oem4f (.text:PowerMSP432_initPolicy)
                  000032d4    000001e4     drivers_msp432p401x.aem4f : SDSPIMSP432.oem4f (.text:send_cmd)
                  000034b8    000001d4     sysbios.aem4f : BIOS.obj (.text:ti_sysbios_family_arm_m3_Hwi_excFillContext__I)
                  0000368c    000001c4     rtsv7M4_T_le_v4SPD16_eabi.lib : fopen.obj (.text)
                  00003850    000001b6                                   : fd_add_t2.obj (.text)
                  00003a06    000001a4     fatfs.aem4f : ff.oem4f (.text:f_write)
                  00003baa    000001a0     msp432p4xx_driverlib.lib : pcm_MSP432P4XX.obj (.text:__PCM_setPowerStateAdvanced)
                  00003d4a    00000002     drivers_msp432p401x.aem4f : UARTMSP432.oem4f (.text:UARTMSP432_init)
                  00003d4c    00000194                               : SDSPIMSP432.oem4f (.text:xmit_datablock)
                  00003ee0    00000188                               : GPIOMSP432.oem4f (.text:GPIO_setConfig)
                  00004068    0000017c     sysbios.aem4f : BIOS.obj (.text:ti_sysbios_family_arm_m3_Hwi_excBusFault__I)
                  000041e4    00000178     fatfs.aem4f : ff.oem4f (.text:f_read)
                  0000435c    00000178     sysbios.aem4f : BIOS.obj (.text:ti_sysbios_knl_Task_Instance_init__E)
                  000044d4    00000172     conf_parser.obj (.text:parse_crontab)
                  00004646    00000002     rtsv7M4_T_le_v4SPD16_eabi.lib : i_div0.obj (.text)
                  00004648    0000016c                                   : fwrite.obj (.text)
                  000047b4    00000168     gsm.obj (.text:gsm_connect)
                  0000491c    00000168     sysbios.aem4f : BIOS.obj (.text:ti_sysbios_family_arm_m3_Hwi_excUsageFault__I)
                  00004a84    00000164     sensors.obj (.text:construct_data_str)
                  00004be8    00000164     fatfs.aem4f : ff.oem4f (.text:f_open)
                  00004d4c    00000164     drivers_msp432p401x.aem4f : PowerMSP432.oem4f (.text:initPerfControl)
                  00004eb0    0000015a     fatfs.aem4f : ff.oem4f (.text:f_lseek)
                  0000500a    00000002     rtsv7M4_T_le_v4SPD16_eabi.lib : l_div0.obj (.text)
                  0000500c    00000158     sysbios.aem4f : BIOS.obj (.text:ti_sysbios_knl_Task_Instance_finalize__E)
                  00005164    00000154     rtsv7M4_T_le_v4SPD16_eabi.lib : fgets.obj (.text)
                  000052b8    00000154     sysbios.aem4f : BIOS.obj (.text:ti_sysbios_family_arm_m3_Hwi_excMemFault__I)
                  0000540c    00000144                   : BIOS.obj (.text:ti_sysbios_family_arm_m3_Hwi_excHandlerMax__I)
                  00005550    00000138     rtsv7M4_T_le_v4SPD16_eabi.lib : localtim.obj (.text)
                  00005688    00000136                                   : fd_div_t2.obj (.text)
                  000057be    00000002     sysbios.aem4f : BIOS.obj (.text:ti_sysbios_BIOS_linkedWithIncorrectBootLibrary__E)
                  000057c0    00000130     ti.targets.arm.rtsarm.aem4f : Error.oem4f (.text:xdc_runtime_Error_policyDefault__E)
                  000058f0    00000128     sysbios.aem4f : BIOS.obj (.text:ti_sysbios_knl_Task_postInit__I)
                  00005a18    00000126     ini.obj (.text:ini_parse_stream)
                  00005b3e    00000002     zh_terminal_tios_pem4f.oem4f (.text:ti_sysbios_BIOS_nullFunc__I)
                  00005b40    00000123     fatfs.aem4f : ff.oem4f (.text:create_name)
                  00005c63    00000001     --HOLE-- [fill = 0]
                  00005c64    00000120     drivers_msp432p401x.aem4f : SPIMSP432DMA.oem4f (.text:SPIMSP432DMA_transfer)
                  00005d84    00000120     sensors.obj (.text:reset_ad_ports)
                  00005ea4    0000011d     conf_parser.obj (.text:handler)
                  00005fc1    00000001     --HOLE-- [fill = 0]
                  00005fc2    00000002     sysbios.aem4f : BIOS.obj (.text:ti_sysbios_knl_Clock_logTick__E)
                  00005fc4    00000118     drivers_msp432p401x.aem4f : ADCMSP432.oem4f (.text:ADCMSP432_convert)
                  000060dc    00000110     nhfs45bu.obj (.text:get_nhfs45bu_value)
                  000061ec    00000110     nhfx46au.obj (.text:get_nhfx46au_value)
                  000062fc    00000110     nhzd10.obj (.text:get_nhzd10_value)
                  0000640c    0000010e     sysbios.aem4f : BIOS.obj (.text:ti_sysbios_heaps_HeapMem_allocUnprotected__E)
                  0000651a    0000010c     drivers_msp432p401x.aem4f : SPIMSP432DMA.oem4f (.text:SPIMSP432DMA_transferCancel)
                  00006626    00000002     sysbios.aem4f : BIOS.obj (.text:ti_sysbios_utils_Load_logCPULoad__I)
                  00006628    00000104     drivers_msp432p401x.aem4f : SDSPIMSP432.oem4f (.text:SDSPIMSP432_diskIOctrl)
                  0000672c    00000104                               : SPIMSP432DMA.oem4f (.text:configDMA)
                  00006830    00000104     sysbios.aem4f : BIOS.obj (.text:ti_sysbios_utils_Load_updateLoads__E)
                  00006934    00000104     upload_data.obj (.text:upload_data_task)
                  00006a38    000000fe     fatfs.aem4f : ff.oem4f (.text:f_rename)
                  00006b36    000000fc     rtsv7M4_T_le_v4SPD16_eabi.lib : fd_mul_t2.obj (.text)
                  00006c32    00000002     --HOLE-- [fill = 0]
                  00006c34    000000fc                                   : s_scalbn.obj (.text)
                  00006d30    000000fc     sysbios.aem4f : BIOS.obj (.text:ti_sysbios_knl_Semaphore_pend__E)
                  00006e2c    000000fa     fatfs.aem4f : ff.oem4f (.text:dir_next)
                  00006f26    00000002     --HOLE-- [fill = 0]
                  00006f28    000000f8     ti.targets.arm.rtsarm.aem4f : Startup.oem4f (.text:xdc_runtime_Startup_startMods__I)
                  00007020    000000f8     zh_terminal_tios_pem4f.oem4f (.text:xdc_runtime_System_printfExtend__I)
                  00007118    000000f4     drivers_msp432p401x.aem4f : SDSPIMSP432.oem4f (.text:SDSPIMSP432_diskWrite)
                  0000720c    000000f4     sysbios.aem4f : BIOS.obj (.text:ti_sysbios_family_arm_msp432_init_Boot_setupCS)
                  00007300    000000f4                   : BIOS.obj (.text:ti_sysbios_knl_Task_checkStacks__E)
                  000073f4    000000f4     update_time.obj (.text:update_time_task)
                  000074e8    000000f0     sysbios.aem4f : m3_Hwi_asm.obj (.text:ti_sysbios_family_arm_m3_Hwi_dispatch__I)
                  000075d8    000000ec     main.obj (.text:mainThread)
                  000076c4    000000ec     fatfs.aem4f : ff.oem4f (.text:put_fat)
                  000077b0    000000e8     drivers_msp432p401x.aem4f : SDSPIMSP432.oem4f (.text:SDSPIMSP432_diskRead)
                  00007898    000000e8     ti.targets.arm.rtsarm.aem4f : Core-mem.oem4f (.text:xdc_runtime_Core_createObject__I)
                  00007980    000000dc     msp432p4xx_driverlib.lib : pcm_MSP432P4XX.obj (.text:__PCM_setPowerModeAdvanced)
                  00007a5c    000000dc     rtsv7M4_T_le_v4SPD16_eabi.lib : setvbuf.obj (.text)
                  00007b38    000000dc     sysbios.aem4f : BIOS.obj (.text:ti_sysbios_family_arm_m3_Hwi_excHardFault__I)
                  00007c14    000000d8     drivers_msp432p401x.aem4f : UARTMSP432.oem4f (.text:UARTMSP432_readPolling)
                  00007cec    000000d8     gsm.obj (.text:_set_gsm_net)
                  00007dc4    000000d6     fatfs.aem4f : ff.oem4f (.text:get_fat)
                  00007e9a    00000002     --HOLE-- [fill = 0]
                  00007e9c    000000d0     sysbios.aem4f : BIOS.obj (.text:ti_sysbios_knl_Task_schedule__I)
                  00007f6c    000000d0                   : BIOS.obj (.text:ti_sysbios_knl_Task_startCore__E)
                  0000803c    000000cc                   : BIOS.obj (.text:ti_sysbios_utils_Load_updateThreadContexts__E)
                  00008108    000000cc     ti.targets.arm.rtsarm.aem4f : Core-smem.oem4f (.text:xdc_runtime_Core_constructObject__I)
                  000081d4    000000c8     rtsv7M4_T_le_v4SPD16_eabi.lib : fflush.obj (.text)
                  0000829c    000000c4     sysbios.aem4f : BIOS.obj (.text:ti_sysbios_family_arm_m3_Hwi_Instance_init__E)
                  00008360    000000c4                   : BIOS.obj (.text:ti_sysbios_family_arm_m3_Hwi_excDebugMon__I)
                  00008424    000000c4                   : BIOS.obj (.text:ti_sysbios_family_arm_m3_Hwi_initNVIC__E)
                  000084e8    000000c4                   : BIOS.obj (.text:ti_sysbios_knl_Task_Module_startup__E)
                  000085ac    000000bc     rt_clock.obj (.text:init_rt_clock)
                  00008668    000000bc     nh122.obj (.text:nh122_process)
                  00008724    000000bc     rtsv7M4_T_le_v4SPD16_eabi.lib : open.obj (.text)
                  000087e0    000000b8                                   : add_device.obj (.text)
                  00008898    000000b8     sysbios.aem4f : BIOS.obj (.text:ti_sysbios_knl_Clock_workFunc__E)
                  00008950    000000b6     drivers_msp432p401x.aem4f : UARTMSP432.oem4f (.text:UARTMSP432_hwiIntFxn)
                  00008a06    00000002     --HOLE-- [fill = 0]
                  00008a08    000000b4                               : UARTMSP432.oem4f (.text:UARTMSP432_control)
                  00008abc    000000b4                               : UARTMSP432.oem4f (.text:UARTMSP432_writePolling)
                  00008b70    000000b4     main.obj (.text:gpio_clear)
                  00008c24    000000b4     drivers_msp432p401x.aem4f : SDSPIMSP432.oem4f (.text:send_initial_clock_train)
                  00008cd8    000000b4     fatfs.aem4f : ff.oem4f (.text:sync_fs)
                  00008d8c    000000b4     sysbios.aem4f : BIOS.obj (.text:ti_sysbios_heaps_HeapMem_freeUnprotected__E)
                  00008e40    000000b2     drivers_msp432p401x.aem4f : WatchdogMSP432.oem4f (.text:WatchdogMSP432_open)
                  00008ef2    00000002     --HOLE-- [fill = 0]
                  00008ef4    000000b0     msp432p4xx_driverlib.lib : pcm_MSP432P4XX.obj (.text:__PCM_setCoreVoltageLevelAdvanced)
                  00008fa4    000000b0     sensors.obj (.text:reset_uart_ports)
                  00009054    000000ac     drivers_msp432p401x.aem4f : GPIOMSP432.oem4f (.text:GPIO_init)
                  00009100    000000ac                               : UARTMSP432.oem4f (.text:initHw)
                  000091ac    000000ac     rtsv7M4_T_le_v4SPD16_eabi.lib : _io_perm.obj (.text)
                  00009258    000000a8     collecte_data.obj (.text:collecte_data_task)
                  00009300    000000a8     fatfs.aem4f : ff.oem4f (.text:create_chain)
                  000093a8    000000a8     drivers_msp432p401x.aem4f : UARTMSP432.oem4f (.text:readTaskBlocking)
                  00009450    000000a4     fatfs.aem4f : ff.oem4f (.text:f_unlink)
                  000094f4    000000a0     auto_init.aem4f : auto_init.oem4f (.text)
                  00009594    000000a0     fatfs.aem4f : ffcio.oem4f (.text:ffcio_open)
                  00009634    000000a0     drivers_msp432p401x.aem4f : UARTMSP432.oem4f (.text:readIsrTextCallback)
                  000096d4    000000a0     rtsv7M4_T_le_v4SPD16_eabi.lib : _bufread.obj (.text)
                  00009774    000000a0     sysbios.aem4f : BIOS.obj (.text:ti_sysbios_heaps_HeapMem_initPrimary__I)
                  00009814    0000009e     ti.targets.arm.rtsarm.aem4f : Text.oem4f (.text:xdc_runtime_Text_putSite__E)
                  000098b2    0000009c     fatfs.aem4f : ff.oem4f (.text:f_sync)
                  0000994e    0000009c     rtsv7M4_T_le_v4SPD16_eabi.lib : memcpy_t2.obj (.text)
                  000099ea    00000002     --HOLE-- [fill = 0]
                  000099ec    00000098                                   : fclose.obj (.text)
                  00009a84    00000098     sysbios.aem4f : BIOS.obj (.text:ti_sysbios_family_arm_msp432_Timer_setNextTick__E)
                  00009b1c    00000098                   : BIOS.obj (.text:ti_sysbios_utils_Load_taskSwitchHook__E)
                  00009bb4    00000098                   : BIOS.obj (.text:ti_sysbios_utils_Load_updateCurrentThreadTime__E)
                  00009c4c    00000098     ti.targets.arm.rtsarm.aem4f : Text.oem4f (.text:xdc_runtime_Text_putMod__E)
                  00009ce4    00000096     drivers_msp432p401x.aem4f : UARTMSP432.oem4f (.text:writeData)
                  00009d7a    00000002     --HOLE-- [fill = 0]
                  00009d7c    00000094     sysbios.aem4f : BIOS.obj (.text:ti_sysbios_knl_Task_unblockI__E)
                  00009e10    00000092     drivers_msp432p401x.aem4f : UARTMSP432.oem4f (.text:UARTMSP432_close)
                  00009ea2    00000090                               : UARTMSP432.oem4f (.text:UARTMSP432_write)
                  00009f32    00000002     --HOLE-- [fill = 0]
                  00009f34    00000090     gsm.obj (.text:gsm_init)
                  00009fc4    00000090     sysbios.aem4f : BIOS.obj (.text:ti_sysbios_heaps_HeapMem_Instance_init__E)
                  0000a054    00000090                   : BIOS.obj (.text:ti_sysbios_knl_Task_exit__E)
                  0000a0e4    0000008c     drivers_msp432p401x.aem4f : ADCMSP432.oem4f (.text:ADCMSP432_open)
                  0000a170    0000008c     rt_clock.obj (.text:set_day)
                  0000a1fc    0000008c     sysbios.aem4f : m3_TaskSupport_asm.obj (.text:ti_sysbios_family_arm_m3_TaskSupport_buildTaskStack)
                  0000a288    0000008c                   : BIOS.obj (.text:ti_sysbios_knl_Task_sleep__E)
                  0000a314    0000008c                   : BIOS.obj (.text:ti_sysbios_utils_Load_idleFxn__E)
                  0000a3a0    0000008c                   : BIOS.obj (.text:ti_sysbios_utils_Load_taskCreateHook__E)
                  0000a42c    0000008a     drivers_msp432p401x.aem4f : UARTMSP432.oem4f (.text:readIsrTextBlocking)
                  0000a4b6    00000086     rtsv7M4_T_le_v4SPD16_eabi.lib : fd_cmp_t2.obj (.text:__aeabi_cdcmple)
                  0000a53c    00000086                                   : fd_cmp_t2.obj (.text:__aeabi_cdrcmple)
                  0000a5c2    00000086     drivers_msp432p401x.aem4f : SPIMSP432DMA.oem4f (.text:initHw)
                  0000a648    00000084     sysbios.aem4f : BIOS.obj (.text:ti_sysbios_family_arm_m3_Hwi_dispatchC__I)
                  0000a6cc    00000084                   : BIOS.obj (.text:ti_sysbios_family_arm_m3_Hwi_postInit__I)
                  0000a750    00000080     fatsd.obj (.text:open_sd)
                  0000a7d0    00000080     sysbios.aem4f : BIOS.obj (.text:ti_sysbios_knl_Semaphore_post__E)
                  0000a850    0000007e     fatfs.aem4f : ff.oem4f (.text:dir_sdi)
                  0000a8ce    0000007c     msp432p4xx_driverlib.lib : spi_MSP432P4XX.obj (.text:SPI_initMaster)
                  0000a94a    00000002     --HOLE-- [fill = 0]
                  0000a94c    0000007c     fatfs.aem4f : ff.oem4f (.text:f_mount)
                  0000a9c8    0000007c     fatsd.obj (.text:init_spisd)
                  0000aa44    0000007c     sysbios.aem4f : BIOS.obj (.text:ti_sysbios_family_arm_msp432_Timer_periodicStub__E)
                  0000aac0    0000007c     protocol.obj (.text:upload_data_start)
                  0000ab3c    0000007a     drivers_msp432p401x.aem4f : UARTMSP432.oem4f (.text:readTaskCallback)
                  0000abb6    0000007a     rtsv7M4_T_le_v4SPD16_eabi.lib : memset_t2.obj (.text)
                  0000ac30    00000078     msp432p4xx_driverlib.lib : pcm_MSP432P4XX.obj (.text:PCM_gotoLPM3)
                  0000aca8    00000078     drivers_msp432p401x.aem4f : PowerMSP432.oem4f (.text:Power_init)
                  0000ad20    00000076     power.obj (.text:reset_relay)
                  0000ad96    00000076     power.obj (.text:set_relay)
                  0000ae0c    00000075     gsm.obj (.text:msg_send)
                  0000ae81    00000003     --HOLE-- [fill = 0]
                  0000ae84    00000074     fatfs.aem4f : ff.oem4f (.text:check_fs)
                  0000aef8    00000074     sysbios.aem4f : BIOS.obj (.text:ti_sysbios_family_arm_m3_Hwi_getStackInfo__E)
                  0000af6c    00000070     drivers_msp432p401x.aem4f : SDSPIMSP432.oem4f (.text:SDSPIMSP432_close)
                  0000afdc    00000070                               : SDSPIMSP432.oem4f (.text:rcvr_datablock)
                  0000b04c    00000070     rtsv7M4_T_le_v4SPD16_eabi.lib : getdevice.obj (.text)
                  0000b0bc    00000070     rt_clock.obj (.text:set_seconds)
                  0000b12c    00000070     sysbios.aem4f : BIOS.obj (.text:ti_sysbios_family_arm_m3_Hwi_disableInterrupt__E)
                  0000b19c    00000070                   : BIOS.obj (.text:ti_sysbios_family_arm_msp432_Timer_initDevice__I)
                  0000b20c    00000070                   : BIOS.obj (.text:ti_sysbios_heaps_HeapMem_getStats__E)
                  0000b27c    00000070     ti.targets.arm.rtsarm.aem4f : Error.oem4f (.text:xdc_runtime_Error_print__E)
                  0000b2ec    0000006e     rtsv7M4_T_le_v4SPD16_eabi.lib : fd_tos_t2.obj (.text)
                  0000b35a    00000002     --HOLE-- [fill = 0]
                  0000b35c    0000006d     gsm.obj (.text:_start_msg_send)
                  0000b3c9    00000003     --HOLE-- [fill = 0]
                  0000b3cc    0000006d     ti.targets.arm.rtsarm.aem4f : System.oem4f (.text:xdc_runtime_System_formatNum__I)
                  0000b439    00000003     --HOLE-- [fill = 0]
                  0000b43c    0000006c     rt_clock.obj (.text:clockPrd)
                  0000b4a8    0000006c     rtsv7M4_T_le_v4SPD16_eabi.lib : hostrename.obj (.text)
                  0000b514    0000006c     sysbios.aem4f : BIOS.obj (.text:ti_sysbios_family_arm_m3_Hwi_enableInterrupt__E)
                  0000b580    0000006c                   : BIOS.obj (.text:ti_sysbios_family_arm_m3_Timer_getExpiredCounts__E)
                  0000b5ec    0000006c                   : BIOS.obj (.text:ti_sysbios_utils_Load_addTask__E)
                  0000b658    0000006c     protocol.obj (.text:update_time)
                  0000b6c4    0000006c     ti.targets.arm.rtsarm.aem4f : Memory.oem4f (.text:xdc_runtime_Memory_alloc__E)
                  0000b730    0000006a     sysbios.aem4f : BIOS.obj (.text:ti_sysbios_family_arm_m3_TaskSupport_start__E)
                  0000b79a    00000002     --HOLE-- [fill = 0]
                  0000b79c    00000068     drivers_msp432p401x.aem4f : GPIOMSP432.oem4f (.text:GPIO_hwiIntFxn)
                  0000b804    00000068                               : UARTMSP432.oem4f (.text:UARTMSP432_writeCancel)
                  0000b86c    00000068     rtsv7M4_T_le_v4SPD16_eabi.lib : copy_decompress_lzss.obj (.text:decompress:lzss)
                  0000b8d4    00000068                                   : hostlseek.obj (.text)
                  0000b93c    00000068                                   : trgmsg.obj (.text)
                  0000b9a4    00000068     sysbios.aem4f : BIOS.obj (.text:ti_sysbios_family_arm_msp432_Timer_start__E)
                  0000ba0c    00000066     ti.targets.arm.rtsarm.aem4f : Core-mem.oem4f (.text:xdc_runtime_Core_deleteObject__I)
                  0000ba72    00000064     fatfs.aem4f : ff.oem4f (.text:follow_path)
                  0000bad6    00000002     --HOLE-- [fill = 0]
                  0000bad8    00000064     rtsv7M4_T_le_v4SPD16_eabi.lib : fseek.obj (.text)
                  0000bb3c    00000064                                   : s_frexp.obj (.text)
                  0000bba0    00000063     rt_clock.obj (.text:get_seconds)
                  0000bc03    00000001     --HOLE-- [fill = 0]
                  0000bc04    00000060     gsm.obj (.text:gsm_is_reg)
                  0000bc64    00000060     collecte_data.obj (.text:init_collecte_data_task)
                  0000bcc4    00000060     update_time.obj (.text:init_update_time_task)
                  0000bd24    00000060     upload_data.obj (.text:init_upload_data_task)
                  0000bd84    00000060     rtsv7M4_T_le_v4SPD16_eabi.lib : hostopen.obj (.text)
                  0000bde4    00000060                                   : sprintf.obj (.text)
                  0000be44    00000060     sysbios.aem4f : BIOS.obj (.text:ti_sysbios_family_arm_m3_Hwi_Module_startup__E)
                  0000bea4    00000060                   : BIOS.obj (.text:ti_sysbios_family_arm_m3_Timer_setPeriod__E)
                  0000bf04    00000060                   : BIOS.obj (.text:ti_sysbios_heaps_HeapMem_alloc__E)
                  0000bf64    0000005e     fatfs.aem4f : ff.oem4f (.text:remove_chain)
                  0000bfc2    00000002     --HOLE-- [fill = 0]
                  0000bfc4    0000005c     drivers_msp432p401x.aem4f : ADCMSP432.oem4f (.text:ADCMSP432_convertToMicroVolts)
                  0000c020    0000005c                               : GPIOMSP432.oem4f (.text:GPIO_write)
                  0000c07c    0000005c                               : PowerMSP432.oem4f (.text:PowerMSP432_getFreqs)
                  0000c0d8    0000005c     rtsv7M4_T_le_v4SPD16_eabi.lib : close.obj (.text)
                  0000c134    0000005c     sysbios.aem4f : BIOS.obj (.text:ti_sysbios_family_arm_m3_Hwi_Instance_finalize__E)
                  0000c190    0000005c                   : BIOS.obj (.text:ti_sysbios_knl_Task_allBlockedFunction__I)
                  0000c1ec    0000005b     ti.targets.arm.rtsarm.aem4f : Text.oem4f (.text:xdc_runtime_Text_putLab__E)
                  0000c247    00000001     --HOLE-- [fill = 0]
                  0000c248    0000005a     drivers_msp432p401x.aem4f : ADCMSP432.oem4f (.text:initHw)
                  0000c2a2    00000002     --HOLE-- [fill = 0]
                  0000c2a4    00000058                               : GPIOMSP432.oem4f (.text:GPIO_setCallback)
                  0000c2fc    00000058                               : UDMAMSP432.oem4f (.text:UDMAMSP432_open)
                  0000c354    00000058     boot.aem4f : boot.oem4f (.text)
                  0000c3ac    00000058     gsm.obj (.text:msg_at_recieve)
                  0000c404    00000058     gsm.obj (.text:msg_recieve)
                  0000c45c    00000058     nh122.obj (.text:nh122_init)
                  0000c4b4    00000058     drivers_msp432p401x.aem4f : UARTMSP432.oem4f (.text:readIsrBinaryBlocking)
                  0000c50c    00000058     rtsv7M4_T_le_v4SPD16_eabi.lib : hostread.obj (.text)
                  0000c564    00000058                                   : hostwrite.obj (.text)
                  0000c5bc    00000058     drivers_msp432p401x.aem4f : SPIMSP432DMA.oem4f (.text:spiHwiFxn)
                  0000c614    00000058     sysbios.aem4f : m3_Hwi_asm_switch.obj (.text:ti_sysbios_family_arm_m3_Hwi_initStacks__E)
                  0000c66c    00000058                   : BIOS.obj (.text:ti_sysbios_family_arm_m3_Timer_start__E)
                  0000c6c4    00000058                   : BIOS.obj (.text:ti_sysbios_family_arm_msp432_Timer_Module_startup__E)
                  0000c71c    00000058                   : BIOS.obj (.text:ti_sysbios_family_arm_msp432_Timer_startup__E)
                  0000c774    00000058                   : BIOS.obj (.text:ti_sysbios_knl_Task_blockI__E)
                  0000c7cc    00000058                   : BIOS.obj (.text:ti_sysbios_utils_Load_taskDeleteHook__E)
                  0000c824    00000058     protocol.obj (.text:upload_data_end)
                  0000c87c    00000056     fatfs.aem4f : ff.oem4f (.text:dir_read)
                  0000c8d2    00000002     --HOLE-- [fill = 0]
                  0000c8d4    00000054     drivers_msp432p401x.aem4f : ADCMSP432.oem4f (.text:ADCMSP432_close)
                  0000c928    00000054                               : PowerMSP432.oem4f (.text:restartHFXT)
                  0000c97c    00000054     rtsv7M4_T_le_v4SPD16_eabi.lib : exit.obj (.text)
                  0000c9d0    00000054                                   : ltoa.obj (.text)
                  0000ca24    00000054     fatfs.aem4f : ff.oem4f (.text:sync_window)
                  0000ca78    00000054     zh_terminal_tios_pem4f.oem4f (.text:ti_sysbios_family_arm_m3_Hwi_create)
                  0000cacc    00000054     sysbios.aem4f : BIOS.obj (.text:ti_sysbios_family_arm_msp432_Timer_getCount__E)
                  0000cb20    00000054                   : BIOS.obj (.text:ti_sysbios_family_arm_msp432_init_Boot_configureClocksHigh)
                  0000cb74    00000054     ti.targets.arm.rtsarm.aem4f : Assert.oem4f (.text:xdc_runtime_Assert_raise__I)
                  0000cbc8    00000050     msp432p4xx_driverlib.lib : pcm_MSP432P4XX.obj (.text:PCM_shutdownDevice)
                  0000cc18    00000050     dpl_msp432p401x.aem4f : PowerMSP432_tirtos.oem4f (.text:PowerMSP432_sleepPolicy)
                  0000cc68    00000050     rt_clock.obj (.text:tick)
                  0000ccb8    00000050     ti.targets.arm.rtsarm.aem4f : Startup.oem4f (.text:xdc_runtime_Startup_exec__E)
                  0000cd08    00000050                                 : Text.oem4f (.text:xdc_runtime_Text_visitRope2__I)
                  0000cd58    0000004e     sysbios.aem4f : BIOS.obj (.text:ti_sysbios_knl_Clock_Instance_init__E)
                  0000cda6    00000002     --HOLE-- [fill = 0]
                  0000cda8    0000004c     drivers_msp432p401x.aem4f : SDSPIMSP432.oem4f (.text:initHw)
                  0000cdf4    0000004c                               : UARTMSP432.oem4f (.text:readIsrBinaryCallback)
                  0000ce40    0000004c     rtsv7M4_T_le_v4SPD16_eabi.lib : atoi.obj (.text)
                  0000ce8c    0000004c                                   : cpy_tbl.obj (.text)
                  0000ced8    0000004c     sysbios.aem4f : BIOS.obj (.text:ti_sysbios_family_arm_m3_Hwi_excReserved__I)
                  0000cf24    0000004c                   : BIOS.obj (.text:ti_sysbios_family_arm_m3_Timer_initDevice__I)
                  0000cf70    0000004c     zh_terminal_tios_pem4f.oem4f (.text:ti_sysbios_knl_Task_construct)
                  0000cfbc    0000004c     sysbios.aem4f : BIOS.obj (.text:ti_sysbios_utils_Load_getTaskLoad__E)
                  0000d008    00000048     dpl_msp432p401x.aem4f : ClockP_tirtos.oem4f (.text:ClockP_create)
                  0000d050    00000048     drivers_msp432p401x.aem4f : PowerMSP432.oem4f (.text:Power_releaseConstraint)
                  0000d098    00000048     fatfs.aem4f : ff.oem4f (.text:dir_find)
                  0000d0e0    00000048     rtsv7M4_T_le_v4SPD16_eabi.lib : fd_toi_t2.obj (.text)
                  0000d128    00000048     sysbios.aem4f : BIOS.obj (.text:ti_sysbios_utils_Load_removeTask__E)
                  0000d170    00000048     drivers_msp432p401x.aem4f : SDSPIMSP432.oem4f (.text:wait_ready)
                  0000d1b8    00000046                               : RingBuf.oem4f (.text:RingBuf_put)
                  0000d1fe    00000046                               : SPIMSP432DMA.oem4f (.text:SPIMSP432DMA_close)
                  0000d244    00000046     ti.targets.arm.rtsarm.aem4f : Core-params.oem4f (.text:xdc_runtime_Core_assignParams__I)
                  0000d28a    00000002     --HOLE-- [fill = 0]
                  0000d28c    00000044     drivers_msp432p401x.aem4f : ADC.oem4f (.text:ADC_init)
                  0000d2d0    00000044                               : SDSPI.oem4f (.text:SDSPI_init)
                  0000d314    00000044                               : SPI.oem4f (.text:SPI_init)
                  0000d358    00000044                               : UART.oem4f (.text:UART_init)
                  0000d39c    00000044                               : Watchdog.oem4f (.text:Watchdog_init)
                  0000d3e0    00000044     fatfs.aem4f : ff.oem4f (.text:dir_alloc)
                  0000d424    00000044     ini.obj (.text:find_chars_or_comment)
                  0000d468    00000044     main.obj (.text:main)
                  0000d4ac    00000044     drivers_msp432p401x.aem4f : SDSPIMSP432.oem4f (.text:perfChangeNotifyFxn)
                  0000d4f0    00000044     rtsv7M4_T_le_v4SPD16_eabi.lib : hostclose.obj (.text)
                  0000d534    00000044                                   : hostunlink.obj (.text)
                  0000d578    00000044     drivers_msp432p401x.aem4f : SDSPIMSP432.oem4f (.text:rxSPI)
                  0000d5bc    00000044     sysbios.aem4f : BIOS.obj (.text:ti_sysbios_family_arm_m3_Hwi_excSvCall__I)
                  0000d600    00000044                   : BIOS.obj (.text:ti_sysbios_hal_Hwi_checkStack)
                  0000d644    00000044                   : BIOS.obj (.text:ti_sysbios_utils_Load_logLoads__I)
                  0000d688    00000044     ti.targets.arm.rtsarm.aem4f : Error.oem4f (.text:xdc_runtime_Error_setX__E)
                  0000d6cc    00000044                                 : SysMin.oem4f (.text:xdc_runtime_SysMin_flush__E)
                  0000d710    00000044                                 : Text.oem4f (.text:xdc_runtime_Text_xprintf__I)
                  0000d754    00000042     sysbios.aem4f : BIOS.obj (.text:ti_sysbios_knl_Semaphore_Instance_init__E)
                  0000d796    00000002     --HOLE-- [fill = 0]
                  0000d798    00000040     dpl_msp432p401x.aem4f : HwiP_tirtos.oem4f (.text:HwiP_create)
                  0000d7d8    00000040     drivers_msp432p401x.aem4f : RingBuf.oem4f (.text:RingBuf_get)
                  0000d818    00000040                               : SDSPI.oem4f (.text:SDSPI_open)
                  0000d858    00000040                               : UARTMSP432.oem4f (.text:UARTMSP432_read)
                  0000d898    00000040                               : UDMAMSP432.oem4f (.text:UDMAMSP432_init)
                  0000d8d8    00000040     gsm.obj (.text:_open_net)
                  0000d918    00000040     fatfs.aem4f : ff.oem4f (.text:get_ldnumber)
                  0000d958    00000040     gsm.obj (.text:gsm_port_clear)
                  0000d998    00000040     drivers_msp432p401x.aem4f : PowerMSP432.oem4f (.text:notify)
                  0000d9d8    00000040                               : UARTMSP432.oem4f (.text:perfChangeNotifyFxn)
                  0000da18    00000040     rtsv7M4_T_le_v4SPD16_eabi.lib : strtok.obj (.text)
                  0000da58    00000040                                   : u_divt2.obj (.text)
                  0000da98    00000040     sysbios.aem4f : BIOS.obj (.text:ti_sysbios_family_arm_m3_Timer_periodicStub__I)
                  0000dad8    00000040                   : BIOS.obj (.text:ti_sysbios_family_arm_m3_TimestampProvider_get32__E)
                  0000db18    00000040                   : BIOS.obj (.text:ti_sysbios_family_arm_msp432_Timer_stop__E)
                  0000db58    00000040                   : BIOS.obj (.text:ti_sysbios_utils_Load_startup__E)
                  0000db98    0000003e                   : BIOS.obj (.text:ti_sysbios_knl_Clock_addI__E)
                  0000dbd6    0000003e                   : BIOS.obj (.text:ti_sysbios_knl_Semaphore_pendTimeout__I)
                  0000dc14    0000003c     drivers_msp432p401x.aem4f : ADC.oem4f (.text:ADC_open)
                  0000dc50    0000003c     dpl_msp432p401x.aem4f : SemaphoreP_tirtos.oem4f (.text:SemaphoreP_create)
                  0000dc8c    0000003c     drivers_msp432p401x.aem4f : UART.oem4f (.text:UART_open)
                  0000dcc8    0000003c                               : Watchdog.oem4f (.text:Watchdog_open)
                  0000dd04    0000003c     conf_parser.obj (.text:parse_config)
                  0000dd40    0000003c     sysbios.aem4f : BIOS.obj (.text:ti_sysbios_family_arm_m3_Hwi_excNoIsr__I)
                  0000dd7c    0000003c                   : BIOS.obj (.text:ti_sysbios_family_arm_m3_Hwi_setPriority__E)
                  0000ddb8    0000003c                   : BIOS.obj (.text:ti_sysbios_family_arm_msp432_ClockFreqs_setFrequency__E)
                  0000ddf4    0000003c     zh_terminal_tios_pem4f.oem4f (.text:ti_sysbios_knl_Clock_create)
                  0000de30    0000003c     sysbios.aem4f : BIOS.obj (.text:ti_sysbios_knl_Task_processVitalTaskFlag__I)
                  0000de6c    0000003a     sensors.obj (.text:close_sensors)
                  0000dea6    0000003a     sysbios.aem4f : BIOS.obj (.text:ti_sysbios_knl_Queue_put__E)
                  0000dee0    00000038     drivers_msp432p401x.aem4f : PowerMSP432.oem4f (.text:Power_setConstraint)
                  0000df18    00000038                               : WatchdogMSP432.oem4f (.text:WatchdogMSP432_close)
                  0000df50    00000038     fatfs.aem4f : ff.oem4f (.text:dir_register)
                  0000df88    00000038     fatsd.obj (.text:fatfs_getFatTime)
                  0000dfc0    00000038     sensors.obj (.text:get_data_str)
                  0000dff8    00000038     rtsv7M4_T_le_v4SPD16_eabi.lib : fs_tod_t2.obj (.text)
                  0000e030    00000038     sysbios.aem4f : BIOS.obj (.text:ti_sysbios_family_arm_m3_Hwi_clearInterrupt__E)
                  0000e068    00000038                   : BIOS.obj (.text:ti_sysbios_family_arm_m3_Hwi_excNmi__I)
                  0000e0a0    00000038     ti.targets.arm.rtsarm.aem4f : SysMin.oem4f (.text:xdc_runtime_SysMin_putch__E)
                  0000e0d8    00000038                                 : System.oem4f (.text:xdc_runtime_System_atexit__E)
                  0000e110    00000036     drivers_msp432p401x.aem4f : UARTMSP432.oem4f (.text:UARTMSP432_readCancel)
                  0000e146    00000036     fatfs.aem4f : ff.oem4f (.text:move_window)
                  0000e17c    00000036     sensors.obj (.text:open_sensors)
                  0000e1b2    00000036     rtsv7M4_T_le_v4SPD16_eabi.lib : strncpy.obj (.text)
                  0000e1e8    00000034     collecte_data.obj (.text:config_collecte_data_task)
                  0000e21c    00000034     upload_data.obj (.text:config_upload_data_task)
                  0000e250    00000034     fatfs.aem4f : ff.oem4f (.text:dir_remove)
                  0000e284    00000034                 : ffcio.oem4f (.text:ffcio_lseek)
                  0000e2b8    00000034     rtsv7M4_T_le_v4SPD16_eabi.lib : strstr.obj (.text)
                  0000e2ec    00000034     zh_terminal_tios_pem4f.oem4f (.text:ti_sysbios_BIOS_startFunc__I)
                  0000e320    00000034     sysbios.aem4f : BIOS.obj (.text:ti_sysbios_family_arm_m3_Hwi_excHandler__I)
                  0000e354    00000034                   : BIOS.obj (.text:ti_sysbios_heaps_HeapMem_free__E)
                  0000e388    00000034     zh_terminal_tios_pem4f.oem4f (.text:ti_sysbios_knl_Semaphore_create)
                  0000e3bc    00000034     fatfs.aem4f : ff.oem4f (.text:validate)
                  0000e3f0    00000034     ti.targets.arm.rtsarm.aem4f : Core-label.oem4f (.text:xdc_runtime_Core_assignLabel__I)
                  0000e424    00000033                                 : Text.oem4f (.text:xdc_runtime_Text_printVisFxn__I)
                  0000e457    00000001     --HOLE-- [fill = 0]
                  0000e458    00000032     sysbios.aem4f : BIOS.obj (.text:ti_sysbios_gates_GateMutex_enter__E)
                  0000e48a    00000002     --HOLE-- [fill = 0]
                  0000e48c    00000030     dpl_msp432p401x.aem4f : PowerMSP432_tirtos.oem4f (.text:PowerMSP432_schedulerRestore)
                  0000e4bc    00000030     collecte_config.obj (.text:config_all_tasks)
                  0000e4ec    00000030     protocol.obj (.text:construct_protocol_data)
                  0000e51c    00000030     msp432p4xx_driverlib.lib : spi_MSP432P4XX.obj (.text:is_A_Module)
                  0000e54c    00000030     drivers_msp432p401x.aem4f : SDSPIMSP432.oem4f (.text:mapPin)
                  0000e57c    00000030                               : SPIMSP432DMA.oem4f (.text:mapPin)
                  0000e5ac    00000030                               : UARTMSP432.oem4f (.text:mapPin)
                  0000e5dc    00000030     sysbios.aem4f : BIOS.obj (.text:ti_sysbios_family_arm_m3_Timer_Module_startup__E)
                  0000e60c    00000030                   : BIOS.obj (.text:ti_sysbios_family_arm_m3_Timer_startup__E)
                  0000e63c    00000030     zh_terminal_tios_pem4f.oem4f (.text:ti_sysbios_gates_GateHwi_Object__create__S)
                  0000e66c    00000030     zh_terminal_tios_pem4f.oem4f (.text:ti_sysbios_gates_GateMutex_Object__create__S)
                  0000e69c    00000030     zh_terminal_tios_pem4f.oem4f (.text:ti_sysbios_heaps_HeapMem_Object__create__S)
                  0000e6cc    00000030     zh_terminal_tios_pem4f.oem4f (.text:ti_sysbios_knl_Clock_construct)
                  0000e6fc    00000030     sysbios.aem4f : BIOS.obj (.text:ti_sysbios_knl_Idle_run__E)
                  0000e72c    00000030     zh_terminal_tios_pem4f.oem4f (.text:ti_sysbios_knl_Semaphore_construct)
                  0000e75c    00000030     ti.targets.arm.rtsarm.aem4f : SysMin.oem4f (.text:xdc_runtime_SysMin_abort__E)
                  0000e78c    00000030                                 : System.oem4f (.text:xdc_runtime_System_processAtExit__E)
                  0000e7bc    0000002e     ini.obj (.text:ini_parse)
                  0000e7ea    0000002e     rtsv7M4_T_le_v4SPD16_eabi.lib : i_tofd_t2.obj (.text)
                  0000e818    0000002e     sysbios.aem4f : BIOS.obj (.text:ti_sysbios_hal_Hwi_initStack)
                  0000e846    0000002e     zh_terminal_tios_pem4f.oem4f (.text:ti_sysbios_rts_gnu_MemAlloc_alloc)
                  0000e874    0000002e     upload_data.obj (.text:upload_data_process)
                  0000e8a2    0000002c     msp432p4xx_driverlib.lib : pcm_MSP432P4XX.obj (.text:PCM_getCoreVoltageLevel)
                  0000e8ce    0000002c     dpl_msp432p401x.aem4f : PowerMSP432_tirtos.oem4f (.text:PowerMSP432_updateFreqs)
                  0000e8fa    00000002     --HOLE-- [fill = 0]
                  0000e8fc    0000002c                           : SemaphoreP_tirtos.oem4f (.text:SemaphoreP_createBinary)
                  0000e928    0000002c     fatfs.aem4f : diskio.oem4f (.text:disk_register)
                  0000e954    0000002c     ini.obj (.text:rstrip)
                  0000e980    0000002c     rtsv7M4_T_le_v4SPD16_eabi.lib : unlink.obj (.text)
                  0000e9ac    0000002c     zh_terminal_tios_pem4f.oem4f (.text:ti_sysbios_BIOS_atExitFunc__I)
                  0000e9d8    0000002c     sysbios.aem4f : BIOS.obj (.text:ti_sysbios_family_arm_m3_Hwi_getHandle__E)
                  0000ea04    0000002c                   : BIOS.obj (.text:ti_sysbios_family_arm_m3_Hwi_plug__E)
                  0000ea30    0000002c                   : BIOS.obj (.text:ti_sysbios_family_arm_m3_Timer_postInit__I)
                  0000ea5c    0000002c                   : BIOS.obj (.text:ti_sysbios_family_arm_msp432_Timer_postInit__I)
                  0000ea88    0000002c     zh_terminal_tios_pem4f.oem4f (.text:ti_sysbios_knl_Clock_doTick__I)
                  0000eab4    0000002c     zh_terminal_tios_pem4f.oem4f (.text:ti_sysbios_knl_Queue_construct)
                  0000eae0    0000002c     sysbios.aem4f : BIOS.obj (.text:ti_sysbios_knl_Task_restore__E)
                  0000eb0c    0000002c     ti.targets.arm.rtsarm.aem4f : Text.oem4f (.text:xdc_runtime_Text_cordText__E)
                  0000eb38    0000002a     msp432p4xx_driverlib.lib : pcm_MSP432P4XX.obj (.text:PCM_getPowerMode)
                  0000eb62    0000002a     drivers_msp432p401x.aem4f : SPIMSP432DMA.oem4f (.text:perfChangeNotifyFxn)
                  0000eb8c    0000002a     rtsv7M4_T_le_v4SPD16_eabi.lib : strspn.obj (.text)
                  0000ebb6    0000002a     sysbios.aem4f : BIOS.obj (.text:ti_sysbios_knl_Queue_enqueue__E)
                  0000ebe0    0000002a                   : BIOS.obj (.text:ti_sysbios_knl_Task_sleepTimeout__I)
                  0000ec0a    0000002a     ti.targets.arm.rtsarm.aem4f : System.oem4f (.text:xdc_runtime_System_putchar__I)
                  0000ec34    00000028     msp432p4xx_driverlib.lib : pcm_MSP432P4XX.obj (.text:PCM_gotoLPM0)
                  0000ec5c    00000028     dpl_msp432p401x.aem4f : PowerMSP432_tirtos.oem4f (.text:PowerMSP432_schedulerDisable)
                  0000ec84    00000028     drivers_msp432p401x.aem4f : PowerMSP432.oem4f (.text:Power_registerNotify)
                  0000ecac    00000028     fatsd.obj (.text:close_sd)
                  0000ecd4    00000028     drivers_msp432p401x.aem4f : PowerMSP432.oem4f (.text:disableHFXT)
                  0000ecfc    00000028     fatfs.aem4f : diskio.oem4f (.text:disk_unregister)
                  0000ed24    00000028     drivers_msp432p401x.aem4f : UARTMSP432.oem4f (.text:findBaudDividerIndex)
                  0000ed4c    00000028     gsm.obj (.text:gsm_pb_done)
                  0000ed74    00000028     rtsv7M4_T_le_v4SPD16_eabi.lib : lseek.obj (.text)
                  0000ed9c    00000028                                   : read.obj (.text)
                  0000edc4    00000028                                   : write.obj (.text)
                  0000edec    00000028     sysbios.aem4f : BIOS.obj (.text:ti_sysbios_knl_Clock_startI__E)
                  0000ee14    00000026     drivers_msp432p401x.aem4f : List.oem4f (.text:List_put)
                  0000ee3a    00000026     sysbios.aem4f : m3_Hwi_asm.obj (.text:ti_sysbios_family_arm_m3_Hwi_pendSV__I)
                  0000ee60    00000026     ti.targets.arm.rtsarm.aem4f : System.oem4f (.text:xdc_runtime_System_avprintf__E)
                  0000ee86    00000002     --HOLE-- [fill = 0]
                  0000ee88    00000024     msp432p4xx_driverlib.lib : rtc_c_MSP432P4XX.obj (.text:RTC_C_holdClock)
                  0000eeac    00000024     fatfs.aem4f : diskio.oem4f (.text:disk_ioctl)
                  0000eed0    00000024                 : diskio.oem4f (.text:disk_read)
                  0000eef4    00000024                 : ff.oem4f (.text:f_close)
                  0000ef18    00000024     gsm.obj (.text:gsm_close)
                  0000ef3c    00000024     gsm.obj (.text:msg_recieve_size)
                  0000ef60    00000024     rtsv7M4_T_le_v4SPD16_eabi.lib : strcspn.obj (.text)
                  0000ef84    00000024     zh_terminal_tios_pem4f.oem4f (.text:ti_sysbios_BIOS_errorRaiseHook__I)
                  0000efa8    00000024     zh_terminal_tios_pem4f.oem4f (.text:ti_sysbios_BIOS_registerRTSLock__I)
                  0000efcc    00000024     zh_terminal_tios_pem4f.oem4f (.text:ti_sysbios_BIOS_removeRTSLock__I)
                  0000eff0    00000024     sysbios.aem4f : BIOS.obj (.text:ti_sysbios_BIOS_setThreadType__E)
                  0000f014    00000024                   : BIOS.obj (.text:ti_sysbios_family_arm_m3_TimestampProvider_Module_startup__E)
                  0000f038    00000024                   : BIOS.obj (.text:ti_sysbios_gates_GateMutex_Instance_init__E)
                  0000f05c    00000024     zh_terminal_tios_pem4f.oem4f (.text:ti_sysbios_gates_GateMutex_Object__delete__S)
                  0000f080    00000024     sysbios.aem4f : BIOS.obj (.text:ti_sysbios_heaps_HeapMem_restore__E)
                  0000f0a4    00000024                   : BIOS.obj (.text:ti_sysbios_knl_Clock_Module_startup__E)
                  0000f0c8    00000024     zh_terminal_tios_pem4f.oem4f (.text:ti_sysbios_knl_Clock_Object__delete__S)
                  0000f0ec    00000024     sysbios.aem4f : BIOS.obj (.text:ti_sysbios_knl_Queue_dequeue__E)
                  0000f110    00000024     zh_terminal_tios_pem4f.oem4f (.text:ti_sysbios_knl_Semaphore_Object__delete__S)
                  0000f134    00000024     ti.targets.arm.rtsarm.aem4f : System.oem4f (.text:xdc_runtime_System_vprintf__E)
                  0000f158    00000022     zh_terminal_tios_pem4f.oem4f (.text:xdc_runtime_SysMin_output__I)
                  0000f17a    00000002     --HOLE-- [fill = 0]
                  0000f17c    00000020     drivers_msp432p401x.aem4f : PowerMSP432.oem4f (.text:Power_unregisterNotify)
                  0000f19c    00000020                               : RingBuf.oem4f (.text:RingBuf_peek)
                  0000f1bc    00000020     msp432p4xx_driverlib.lib : spi_MSP432P4XX.obj (.text:SPI_getInterruptStatus)
                  0000f1dc    00000020     drivers_msp432p401x.aem4f : UDMAMSP432.oem4f (.text:UDMAMSP432_close)
                  0000f1fc    00000020     fatfs.aem4f : diskio.oem4f (.text:disk_write)
                  0000f21c    00000020                 : ffcio.oem4f (.text:ffcio_close)
                  0000f23c    00000020                 : ffcio.oem4f (.text:ffcio_read)
                  0000f25c    00000020                 : ffcio.oem4f (.text:ffcio_write)
                  0000f27c    00000020     nhfs45bu.obj (.text:nhfs45bu_init)
                  0000f29c    00000020     nhfx46au.obj (.text:nhfx46au_init)
                  0000f2bc    00000020     nhzd10.obj (.text:nhzd10_init)
                  0000f2dc    00000020     rtsv7M4_T_le_v4SPD16_eabi.lib : memchr.obj (.text)
                  0000f2fc    00000020     rt_clock.obj (.text:set_century)
                  0000f31c    00000020     rt_clock.obj (.text:set_year)
                  0000f33c    00000020     drivers_msp432p401x.aem4f : SDSPIMSP432.oem4f (.text:takeSPIBus)
                  0000f35c    00000020     zh_terminal_tios_pem4f.oem4f (.text:ti_sysbios_BIOS_rtsLock__I)
                  0000f37c    00000020     zh_terminal_tios_pem4f.oem4f (.text:ti_sysbios_family_arm_m3_Hwi_Object__delete__S)
                  0000f39c    00000020     sysbios.aem4f : m3_Hwi_asm.obj (.text:ti_sysbios_family_arm_m3_Hwi_excHandlerAsm__I)
                  0000f3bc    00000020                   : BIOS.obj (.text:ti_sysbios_family_arm_m3_Timer_stop__E)
                  0000f3dc    00000020     zh_terminal_tios_pem4f.oem4f (.text:ti_sysbios_gates_GateHwi_Object__delete__S)
                  0000f3fc    00000020     sysbios.aem4f : BIOS.obj (.text:ti_sysbios_gates_GateMutex_leave__E)
                  0000f41c    00000020     zh_terminal_tios_pem4f.oem4f (.text:ti_sysbios_heaps_HeapMem_Object__delete__S)
                  0000f43c    00000020     zh_terminal_tios_pem4f.oem4f (.text:ti_sysbios_knl_Semaphore_destruct)
                  0000f45c    00000020     sysbios.aem4f : BIOS.obj (.text:ti_sysbios_knl_Task_disable__E)
                  0000f47c    00000020                   : BIOS.obj (.text:ti_sysbios_knl_Task_enter__I)
                  0000f49c    00000020                   : BIOS.obj (.text:ti_sysbios_knl_Task_restoreHwi__E)
                  0000f4bc    00000020                   : BIOS.obj (.text:ti_sysbios_knl_Task_unblock__E)
                  0000f4dc    00000020     ti.targets.arm.rtsarm.aem4f : Registry.oem4f (.text:xdc_runtime_Registry_findById__E)
                  0000f4fc    00000020                                 : SysMin.oem4f (.text:xdc_runtime_SysMin_Module_startup__E)
                  0000f51c    0000001e     fatfs.aem4f : ff.oem4f (.text:ld_clust)
                  0000f53a    0000001e     power.obj (.text:power_disable)
                  0000f558    0000001e     power.obj (.text:power_enable)
                  0000f576    0000001e     rtsv7M4_T_le_v4SPD16_eabi.lib : strcat.obj (.text)
                  0000f594    0000001e     nh122.obj (.text:set_nh122_serial_flag)
                  0000f5b2    0000001e     sysbios.aem4f : BIOS.obj (.text:ti_sysbios_knl_Clock_Instance_finalize__E)
                  0000f5d0    0000001e                   : BIOS.obj (.text:ti_sysbios_knl_Clock_start__E)
                  0000f5ee    0000001e                   : BIOS.obj (.text:ti_sysbios_knl_Queue_remove__E)
                  0000f60c    0000001c     gsm.obj (.text:_msg_send)
                  0000f628    0000001c     rt_clock.obj (.text:add_time_task)
                  0000f644    0000001c     fatfs.aem4f : diskio.oem4f (.text:disk_initialize)
                  0000f660    0000001c                 : diskio.oem4f (.text:disk_status)
                  0000f67c    0000001c     ini.obj (.text:lskip)
                  0000f698    0000001c     fatfs.aem4f : ff.oem4f (.text:mem_cmp)
                  0000f6b4    0000001c     rtsv7M4_T_le_v4SPD16_eabi.lib : memccpy.obj (.text)
                  0000f6d0    0000001c                                   : strdup.obj (.text)
                  0000f6ec    0000001c     rt_clock.obj (.text:set_hour)
                  0000f708    0000001c     rt_clock.obj (.text:set_minute)
                  0000f724    0000001c     rt_clock.obj (.text:set_month)
                  0000f740    0000001c     rt_clock.obj (.text:set_second)
                  0000f75c    0000001c     sysbios.aem4f : BIOS.obj (.text:ti_sysbios_BIOS_getCpuFreq__E)
                  0000f778    0000001c                   : BIOS.obj (.text:ti_sysbios_BIOS_setCpuFreq__E)
                  0000f794    0000001c     zh_terminal_tios_pem4f.oem4f (.text:ti_sysbios_knl_Queue_destruct)
                  0000f7b0    0000001c     ti.targets.arm.rtsarm.aem4f : Error.oem4f (.text:xdc_runtime_Error_check__E)
                  0000f7cc    0000001c                                 : Error.oem4f (.text:xdc_runtime_Error_raiseX__E)
                  0000f7e8    0000001c                                 : Memory.oem4f (.text:xdc_runtime_Memory_valloc__E)
                  0000f804    0000001c                                 : SysMin.oem4f (.text:xdc_runtime_SysMin_exit__E)
                  0000f820    0000001c                                 : System.oem4f (.text:xdc_runtime_System_abort__E)
                  0000f83c    0000001a     gsm.obj (.text:gsm_disconnect)
                  0000f856    0000001a     zh_terminal_tios_pem4f.oem4f (.text:ti_sysbios_family_arm_m3_Hwi_Handle__label__S)
                  0000f870    0000001a     sysbios.aem4f : BIOS.obj (.text:ti_sysbios_family_arm_m3_TaskSupport_checkStack__E)
                  0000f88a    0000001a     zh_terminal_tios_pem4f.oem4f (.text:ti_sysbios_gates_GateHwi_Handle__label__S)
                  0000f8a4    0000001a     zh_terminal_tios_pem4f.oem4f (.text:ti_sysbios_gates_GateMutex_Handle__label__S)
                  0000f8be    0000001a     zh_terminal_tios_pem4f.oem4f (.text:ti_sysbios_heaps_HeapMem_Handle__label__S)
                  0000f8d8    0000001a     sysbios.aem4f : BIOS.obj (.text:ti_sysbios_knl_Semaphore_Instance_finalize__E)
                  0000f8f2    0000001a     zh_terminal_tios_pem4f.oem4f (.text:ti_sysbios_knl_Task_Handle__label__S)
                  0000f90c    0000001a     sysbios.aem4f : BIOS.obj (.text:ti_sysbios_knl_Task_setHookContext__E)
                  0000f926    0000001a     fatfs.aem4f : ff.oem4f (.text:unlock_fs)
                  0000f940    0000001a     zh_terminal_tios_pem4f.oem4f (.text:xdc_runtime_System_aprintf__E)
                  0000f95a    0000001a     zh_terminal_tios_pem4f.oem4f (.text:xdc_runtime_System_printf__E)
                  0000f974    00000018     zh_terminal_tios_pem4f.oem4f (.text:.bootCodeSection:ti_sysbios_family_arm_msp432_init_Boot_init__I)
                  0000f98c    00000018     drivers_msp432p401x.aem4f : PowerMSP432.oem4f (.text:Power_idleFunc)
                  0000f9a4    00000018                               : UART.oem4f (.text:UART_Params_init)
                  0000f9bc    00000018     msp432p4xx_driverlib.lib : wdt_a_MSP432P4XX.obj (.text:WDT_A_holdTimer)
                  0000f9d4    00000018     fatfs.aem4f : ff.oem4f (.text:clust2sect)
                  0000f9ec    00000018     davis_rain.obj (.text:davis_rain_init)
                  0000fa04    00000018     MSP_EXP432P401R.obj (.text:dmaErrorHwi)
                  0000fa1c    00000018     fatfs.aem4f : ffosal.oem4f (.text:ff_cre_syncobj)
                  0000fa34    00000018     zh_terminal_tios_pem4f.oem4f (.text:free)
                  0000fa4c    00000018     ini.obj (.text:ini_parse_file)
                  0000fa64    00000018     rtsv7M4_T_le_v4SPD16_eabi.lib : args_main.obj (.text)
                  0000fa7c    00000018                                   : strcmp.obj (.text)
                  0000fa94    00000018     zh_terminal_tios_pem4f.oem4f (.text:ti_sysbios_BIOS_rtsUnlock__I)
                  0000faac    00000018     zh_terminal_tios_pem4f.oem4f (.text:ti_sysbios_family_arm_m3_Hwi_Module__startupDone__F)
                  0000fac4    00000018     sysbios.aem4f : BIOS.obj (.text:ti_sysbios_family_arm_m3_Hwi_switchFromBootStack__E)
                  0000fadc    00000018                   : m3_TaskSupport_asm.obj (.text:ti_sysbios_family_arm_m3_TaskSupport_swap__E)
                  0000faf4    00000018     zh_terminal_tios_pem4f.oem4f (.text:ti_sysbios_family_arm_msp432_Timer_Module__startupDone__F)
                  0000fb0c    00000018     sysbios.aem4f : BIOS.obj (.text:ti_sysbios_gates_GateMutex_Instance_State_sem$22)
                  0000fb24    00000018                   : BIOS.obj (.text:ti_sysbios_gates_GateMutex_Instance_finalize__E)
                  0000fb3c    00000018                   : BIOS.obj (.text:ti_sysbios_knl_Queue_empty__E)
                  0000fb54    00000018                   : BIOS.obj (.text:ti_sysbios_knl_Semaphore_Instance_State_pendQ$5)
                  0000fb6c    00000018     ti.targets.arm.rtsarm.aem4f : Error.oem4f (.text:xdc_runtime_Error_init__E)
                  0000fb84    00000018                                 : System.oem4f (.text:xdc_runtime_System_exit__E)
                  0000fb9c    00000018                                 : Text.oem4f (.text:xdc_runtime_Text_ropeText__E)
                  0000fbb4    00000016     drivers_msp432p401x.aem4f : List.oem4f (.text:List_remove)
                  0000fbca    00000016     fatfs.aem4f : ff.oem4f (.text:mem_cpy)
                  0000fbe0    00000016     rtsv7M4_T_le_v4SPD16_eabi.lib : strchr.obj (.text)
                  0000fbf6    00000016     zh_terminal_tios_pem4f.oem4f (.text:ti_sysbios_BIOS_exitFunc__I)
                  0000fc0c    00000016     sysbios.aem4f : BIOS.obj (.text:ti_sysbios_family_arm_m3_Hwi_Handle_name$16)
                  0000fc22    00000016                   : BIOS.obj (.text:ti_sysbios_family_arm_msp432_Timer_getMaxTicks__E)
                  0000fc38    00000016                   : BIOS.obj (.text:ti_sysbios_knl_Queue_Instance_init__E)
                  0000fc4e    00000016                   : BIOS.obj (.text:ti_sysbios_knl_Task_Handle_name$16)
                  0000fc64    00000016                   : BIOS.obj (.text:ti_sysbios_knl_Task_getHookContext__E)
                  0000fc7a    00000002     --HOLE-- [fill = 0]
                  0000fc7c    00000014     gsm.obj (.text:_close_net)
                  0000fc90    00000014     gsm.obj (.text:_stop_msg_send)
                  0000fca4    00000014     drivers_msp432p401x.aem4f : UARTMSP432.oem4f (.text:clearTXCPTIFG)
                  0000fcb8    00000014     fatfs.aem4f : ffosal.oem4f (.text:ff_req_grant)
                  0000fccc    00000014                 : ff.oem4f (.text:mem_set)
                  0000fce0    00000014     nh122.obj (.text:nh122_close)
                  0000fcf4    00000014     rtsv7M4_T_le_v4SPD16_eabi.lib : _lock.obj (.text)
                  0000fd08    00000014                                   : s_copysign.obj (.text)
                  0000fd1c    00000014                                   : strcpy.obj (.text)
                  0000fd30    00000014                                   : strlen.obj (.text)
                  0000fd44    00000014     ini.obj (.text:strncpy0)
                  0000fd58    00000014     sysbios.aem4f : BIOS.obj (.text:ti_sysbios_BIOS_exit__E)
                  0000fd6c    00000014     zh_terminal_tios_pem4f.oem4f (.text:ti_sysbios_family_arm_m3_Hwi_Object__get__S)
                  0000fd80    00000014     sysbios.aem4f : BIOS.obj (.text:ti_sysbios_family_arm_m3_Timer_getHandle__E)
                  0000fd94    00000014                   : BIOS.obj (.text:ti_sysbios_family_arm_msp432_Timer_setPeriod__E)
                  0000fda8    00000014                   : BIOS.obj (.text:ti_sysbios_gates_GateHwi_enter__E)
                  0000fdbc    00000014                   : BIOS.obj (.text:ti_sysbios_hal_Hwi_Module_startup__E)
                  0000fdd0    00000014                   : BIOS.obj (.text:ti_sysbios_hal_Hwi_getStackInfo__E)
                  0000fde4    00000014     zh_terminal_tios_pem4f.oem4f (.text:ti_sysbios_heaps_HeapMem_Object__get__S)
                  0000fdf8    00000014     sysbios.aem4f : BIOS.obj (.text:ti_sysbios_knl_Clock_Module_State_clockQ$1)
                  0000fe0c    00000014                   : BIOS.obj (.text:ti_sysbios_knl_Queue_elemClear__E)
                  0000fe20    00000014                   : BIOS.obj (.text:ti_sysbios_knl_Task_Module_State_inactiveQ$7)
                  0000fe34    00000014                   : BIOS.obj (.text:ti_sysbios_utils_Load_Module_State_taskList$8)
                  0000fe48    00000014                   : BIOS.obj (.text:ti_sysbios_utils_Load_taskRegHook__E)
                  0000fe5c    00000012     drivers_msp432p401x.aem4f : RingBuf.oem4f (.text:RingBuf_construct)
                  0000fe6e    00000012                               : SDSPIMSP432.oem4f (.text:SDSPIMSP432_init)
                  0000fe80    00000012     dpl_msp432p401x.aem4f : SemaphoreP_tirtos.oem4f (.text:SemaphoreP_pend)
                  0000fe92    00000012     fatfs.aem4f : ff.oem4f (.text:chk_chr)
                  0000fea4    00000012     rt_clock.obj (.text:delay)
                  0000feb6    00000012     fatfs.aem4f : ffcio.oem4f (.text:ffcio_rename)
                  0000fec8    00000012                 : ffcio.oem4f (.text:ffcio_unlink)
                  0000feda    00000012     sysbios.aem4f : BIOS.obj (.text:ti_sysbios_gates_GateHwi_leave__E)
                  0000feec    00000012                   : BIOS.obj (.text:ti_sysbios_knl_Clock_setTimeout__E)
                  0000fefe    00000012     zh_terminal_tios_pem4f.oem4f (.text:xdc_runtime_Startup_exec__I)
                  0000ff10    00000010     dpl_msp432p401x.aem4f : HwiP_tirtos.oem4f (.text:HwiP_Params_init)
                  0000ff20    00000010     msp432p4xx_driverlib.lib : pcm_MSP432P4XX.obj (.text:PCM_getPowerState)
                  0000ff30    00000010                              : pcm_MSP432P4XX.obj (.text:PCM_gotoLPM4)
                  0000ff40    00000010     drivers_msp432p401x.aem4f : PowerMSP432.oem4f (.text:PowerMSP432_getNumPerfLevels)
                  0000ff50    00000010                               : SDSPIMSP432.oem4f (.text:SDSPIMSP432_diskStatus)
                  0000ff60    00000010                               : SDSPI.oem4f (.text:SDSPI_Params_init)
                  0000ff70    00000010     msp432p4xx_driverlib.lib : sysctl_MSP432P4XX.obj (.text:SysCtl_getNMISourceStatus)
                  0000ff80    00000010     drivers_msp432p401x.aem4f : WatchdogMSP432.oem4f (.text:WatchdogMSP432_clear)
                  0000ff90    00000010                               : Watchdog.oem4f (.text:Watchdog_Params_init)
                  0000ffa0    00000010     protocol.obj (.text:clear_buffer)
                  0000ffb0    00000010     davis_rain.obj (.text:di_fxn)
                  0000ffc0    00000010     drivers_msp432p401x.aem4f : UARTMSP432.oem4f (.text:readBlockingTimeout)
                  0000ffd0    00000010     rt_clock.obj (.text:set_millenium)
                  0000ffe0    00000010     fatfs.aem4f : ff.oem4f (.text:st_clust)
                  0000fff0    00000010     sysbios.aem4f : BIOS.obj (.text:ti_sysbios_BIOS_getThreadType__E)
                  00010000    00000010                   : BIOS.obj (.text:ti_sysbios_BIOS_start__E)
                  00010010    00000010                   : BIOS.obj (.text:ti_sysbios_family_arm_m3_Hwi_Object_get$16)
                  00010020    00000010                   : BIOS.obj (.text:ti_sysbios_family_arm_m3_Hwi_restoreFxn__E)
                  00010030    00000010                   : m3_TaskSupport_asm.obj (.text:ti_sysbios_family_arm_m3_TaskSupport_glue)
                  00010040    00000010                   : BIOS.obj (.text:ti_sysbios_family_arm_m3_TimestampProvider_startTimer__E)
                  00010050    00000010                   : BIOS.obj (.text:ti_sysbios_family_arm_msp432_init_Boot_disableWatchdog)
                  00010060    00000010                   : BIOS.obj (.text:ti_sysbios_heaps_HeapMem_Object_get$20)
                  00010070    00000010                   : BIOS.obj (.text:ti_sysbios_knl_Clock_getTicks__E)
                  00010080    00000010                   : BIOS.obj (.text:ti_sysbios_knl_Clock_stop__E)
                  00010090    00000010                   : BIOS.obj (.text:ti_sysbios_knl_Queue_Object_get$7)
                  000100a0    00000010     zh_terminal_tios_pem4f.oem4f (.text:ti_sysbios_knl_Task_Object__get__S)
                  000100b0    00000010     sysbios.aem4f : BIOS.obj (.text:ti_sysbios_knl_Task_Object_get$7)
                  000100c0    00000010     ti.targets.arm.rtsarm.aem4f : Gate.oem4f (.text:xdc_runtime_Gate_leaveSystem__E)
                  000100d0    00000010                                 : Memory.oem4f (.text:xdc_runtime_Memory_free__E)
                  000100e0    00000010                                 : SysMin.oem4f (.text:xdc_runtime_SysMin_ready__E)
                  000100f0    00000010                                 : System.oem4f (.text:xdc_runtime_System_vsnprintf__E)
                  00010100    00000010     zh_terminal_tios_pem4f.oem4f (.text:xdc_runtime_Text_visitRope__I)
                  00010110    0000000e     rtsv7M4_T_le_v4SPD16_eabi.lib : copy_decompress_none.obj (.text:decompress:none)
                  0001011e    0000000e     sysbios.aem4f : BIOS.obj (.text:ti_sysbios_family_arm_m3_Hwi_doTaskRestore__I)
                  0001012c    0000000e                   : BIOS.obj (.text:ti_sysbios_family_arm_m3_Timer_getPeriod__E)
                  0001013a    0000000e                   : BIOS.obj (.text:ti_sysbios_knl_Queue_head__E)
                  00010148    0000000e                   : BIOS.obj (.text:ti_sysbios_knl_Queue_next__E)
                  00010156    0000000c     msp432p4xx_driverlib.lib : cpu_MSP432P4XX.obj (.text:CPU_cpsid)
                  00010162    0000000c                              : cpu_MSP432P4XX.obj (.text:CPU_cpsie)
                  0001016e    0000000c     dpl_msp432p401x.aem4f : ClockP_tirtos.oem4f (.text:ClockP_delete)
                  0001017a    00000002     --HOLE-- [fill = 0]
                  0001017c    0000000c                           : ClockP_tirtos.oem4f (.text:ClockP_getSystemTickPeriod)
                  00010188    0000000c                           : HwiP_tirtos.oem4f (.text:HwiP_delete)
                  00010194    0000000c     drivers_msp432p401x.aem4f : PowerMSP432.oem4f (.text:Power_getConstraintMask)
                  000101a0    0000000c                               : PowerMSP432.oem4f (.text:Power_getPerformanceLevel)
                  000101ac    0000000c                               : PowerMSP432.oem4f (.text:Power_getTransitionState)
                  000101b8    0000000c     dpl_msp432p401x.aem4f : SemaphoreP_tirtos.oem4f (.text:SemaphoreP_delete)
                  000101c4    0000000c     rtsv7M4_T_le_v4SPD16_eabi.lib : copy_zero_init.obj (.text:decompress:ZI)
                  000101d0    0000000c     rt_clock.obj (.text:get_century)
                  000101dc    0000000c     conf_parser.obj (.text:get_data_capture_invl)
                  000101e8    0000000c     conf_parser.obj (.text:get_data_upload_invl)
                  000101f4    0000000c     rt_clock.obj (.text:get_day)
                  00010200    0000000c     conf_parser.obj (.text:get_device_config_id)
                  0001020c    0000000c     conf_parser.obj (.text:get_device_id)
                  00010218    0000000c     rt_clock.obj (.text:get_hour)
                  00010224    0000000c     rt_clock.obj (.text:get_minute)
                  00010230    0000000c     rt_clock.obj (.text:get_month)
                  0001023c    0000000c     nh122.obj (.text:get_nh122_bar)
                  00010248    0000000c     nh122.obj (.text:get_nh122_humidity)
                  00010254    0000000c     nh122.obj (.text:get_nh122_temperature)
                  00010260    0000000c     rt_clock.obj (.text:get_second)
                  0001026c    0000000c     rt_clock.obj (.text:get_year)
                  00010278    0000000c     zh_terminal_tios_pem4f.oem4f (.text:ti_sysbios_family_arm_m3_Hwi_Params__init__S)
                  00010284    0000000c     sysbios.aem4f : BIOS.obj (.text:ti_sysbios_family_arm_m3_Hwi_disableFxn__E)
                  00010290    0000000c                   : BIOS.obj (.text:ti_sysbios_family_arm_m3_TaskSupport_getStackAlignment__E)
                  0001029c    0000000c                   : BIOS.obj (.text:ti_sysbios_family_arm_m3_Timer_getTickCount__E)
                  000102a8    0000000c                   : BIOS.obj (.text:ti_sysbios_family_arm_m3_TimestampProvider_getFreq__E)
                  000102b4    0000000c                   : BIOS.obj (.text:ti_sysbios_gates_GateHwi_Instance_init__E)
                  000102c0    0000000c                   : BIOS.obj (.text:ti_sysbios_gates_GateHwi_query__E)
                  000102cc    0000000c                   : BIOS.obj (.text:ti_sysbios_gates_GateMutex_query__E)
                  000102d8    0000000c                   : BIOS.obj (.text:ti_sysbios_heaps_HeapMem_isBlocking__E)
                  000102e4    0000000c     zh_terminal_tios_pem4f.oem4f (.text:ti_sysbios_knl_Clock_Params__init__S)
                  000102f0    0000000c     sysbios.aem4f : BIOS.obj (.text:ti_sysbios_knl_Clock_handle$5)
                  000102fc    0000000c                   : BIOS.obj (.text:ti_sysbios_knl_Clock_handle$7)
                  00010308    0000000c                   : BIOS.obj (.text:ti_sysbios_knl_Clock_removeI__E)
                  00010314    0000000c                   : BIOS.obj (.text:ti_sysbios_knl_Idle_loop__E)
                  00010320    0000000c     zh_terminal_tios_pem4f.oem4f (.text:ti_sysbios_knl_Queue_Object__get__S)
                  0001032c    0000000c     sysbios.aem4f : BIOS.obj (.text:ti_sysbios_knl_Queue_struct$5)
                  00010338    0000000c     zh_terminal_tios_pem4f.oem4f (.text:ti_sysbios_knl_Semaphore_Params__init__S)
                  00010344    0000000c     sysbios.aem4f : BIOS.obj (.text:ti_sysbios_knl_Semaphore_struct$22)
                  00010350    0000000c                   : BIOS.obj (.text:ti_sysbios_knl_Swi_Module_startup__E)
                  0001035c    0000000c     zh_terminal_tios_pem4f.oem4f (.text:ti_sysbios_knl_Task_Params__init__S)
                  00010368    0000000c     sysbios.aem4f : BIOS.obj (.text:ti_sysbios_knl_Task_getIdleTask__E)
                  00010374    0000000c                   : BIOS.obj (.text:ti_sysbios_knl_Task_handle$7)
                  00010380    0000000c                   : BIOS.obj (.text:ti_sysbios_knl_Task_self__E)
                  0001038c    0000000c     ti.targets.arm.rtsarm.aem4f : Gate.oem4f (.text:xdc_runtime_Gate_enterSystem__E)
                  00010398    0000000c                                 : Memory.oem4f (.text:xdc_runtime_Memory_calloc__E)
                  000103a4    0000000c                                 : Memory.oem4f (.text:xdc_runtime_Memory_getMaxDefaultTypeAlign__E)
                  000103b0    0000000c                                 : Startup.oem4f (.text:xdc_runtime_Startup_rtsDone__E)
                  000103bc    0000000c     sysbios.aem4f : BIOS.obj (.text:xdc_uargToPtr$20)
                  000103c8    0000000c                   : BIOS.obj (.text:xdc_uargToPtr$5)
                  000103d4    0000000c                   : BIOS.obj (.text:xdc_uargToPtr$7)
                  000103e0    0000000a     drivers_msp432p401x.aem4f : ADC.oem4f (.text:ADC_Params_init)
                  000103ea    0000000a                               : ADC.oem4f (.text:ADC_close)
                  000103f4    0000000a                               : ADC.oem4f (.text:ADC_convert)
                  000103fe    0000000a                               : ADC.oem4f (.text:ADC_convertToMicroVolts)
                  00010408    0000000a                               : SDSPI.oem4f (.text:SDSPI_close)
                  00010412    0000000a                               : UART.oem4f (.text:UART_close)
                  0001041c    0000000a                               : UART.oem4f (.text:UART_read)
                  00010426    0000000a                               : UART.oem4f (.text:UART_write)
                  00010430    0000000a                               : Watchdog.oem4f (.text:Watchdog_clear)
                  0001043a    0000000a     fatfs.aem4f : ffosal.oem4f (.text:ff_del_syncobj)
                  00010444    0000000a     sysbios.aem4f : BIOS.obj (.text:ti_sysbios_family_arm_m3_TimestampProvider_rolloverFunc__E)
                  0001044e    0000000a                   : BIOS.obj (.text:ti_sysbios_knl_Task_startup__E)
                  00010458    0000000a     zh_terminal_tios_pem4f.oem4f (.text:xdc_runtime_IHeap_alloc)
                  00010462    0000000a     zh_terminal_tios_pem4f.oem4f (.text:xdc_runtime_IHeap_free)
                  0001046c    00000008     msp432p4xx_driverlib.lib : spi_MSP432P4XX.obj (.text:EUSCI_A_SPI_getInterruptStatus)
                  00010474    00000008                              : spi_MSP432P4XX.obj (.text:EUSCI_B_SPI_getInterruptStatus)
                  0001047c    00000008                              : pcm_MSP432P4XX.obj (.text:PCM_setPowerMode)
                  00010484    00000008                              : pcm_MSP432P4XX.obj (.text:PCM_setPowerState)
                  0001048c    00000008     dpl_msp432p401x.aem4f : SemaphoreP_tirtos.oem4f (.text:SemaphoreP_Params_init)
                  00010494    00000008     drivers_msp432p401x.aem4f : WatchdogMSP432.oem4f (.text:WatchdogMSP432_init)
                  0001049c    00000008                               : SPIMSP432DMA.oem4f (.text:blockingTransferCallback)
                  000104a4    00000008     fatsd.obj (.text:disable_sd)
                  000104ac    00000008     fatsd.obj (.text:enable_sd)
                  000104b4    00000008     nh122.obj (.text:get_nh122_bar_key)
                  000104bc    00000008     nh122.obj (.text:get_nh122_hum_key)
                  000104c4    00000008     nh122.obj (.text:get_nh122_temp_key)
                  000104cc    00000008     nhfs45bu.obj (.text:get_nhfs45bu_key)
                  000104d4    00000008     nhfx46au.obj (.text:get_nhfx46au_key)
                  000104dc    00000008     nhzd10.obj (.text:get_nhzd10_key)
                  000104e4    00000008     drivers_msp432p401x.aem4f : UARTMSP432.oem4f (.text:readSemCallback)
                  000104ec    00000008     sysbios.aem4f : BIOS.obj (.text:ti_sysbios_family_arm_m3_Hwi_doSwiRestore__I)
                  000104f4    00000008                   : BIOS.obj (.text:ti_sysbios_family_arm_m3_Hwi_startup__E)
                  000104fc    00000008                   : BIOS.obj (.text:ti_sysbios_hal_Hwi_startup__E)
                  00010504    00000008                   : BIOS.obj (.text:ti_sysbios_hal_Hwi_switchFromBootStack__E)
                  0001050c    00000008     drivers_msp432p401x.aem4f : UARTMSP432.oem4f (.text:txcptEnabledStatus)
                  00010514    00000008                               : UARTMSP432.oem4f (.text:writeSemCallback)
                  0001051c    00000006                               : ADCMSP432.oem4f (.text:ADCMSP432_control)
                  00010522    00000006     dpl_msp432p401x.aem4f : ClockP_tirtos.oem4f (.text:ClockP_Params_init)
                  00010528    00000006     drivers_msp432p401x.aem4f : SDSPIMSP432.oem4f (.text:SDSPIMSP432_control)
                  0001052e    00000006                               : SPIMSP432DMA.oem4f (.text:SPIMSP432DMA_control)
                  00010534    00000006                               : WatchdogMSP432.oem4f (.text:WatchdogMSP432_control)
                  0001053a    00000006                               : WatchdogMSP432.oem4f (.text:WatchdogMSP432_setReload)
                  00010540    00000006     fatfs.aem4f : ff.oem4f (.text:lock_fs)
                  00010546    00000006     ti.targets.arm.rtsarm.aem4f : System.oem4f (.text:xdc_runtime_System_Module_startup__E)
                  0001054c    00000004     msp432p4xx_driverlib.lib : cpu_MSP432P4XX.obj (.text:CPU_wfi)
                  00010550    00000004     dpl_msp432p401x.aem4f : ClockP_tirtos.oem4f (.text:ClockP_setTimeout)
                  00010554    00000004                           : ClockP_tirtos.oem4f (.text:ClockP_start)
                  00010558    00000004                           : ClockP_tirtos.oem4f (.text:ClockP_stop)
                  0001055c    00000004                           : HwiP_tirtos.oem4f (.text:HwiP_clearInterrupt)
                  00010560    00000004                           : HwiP_tirtos.oem4f (.text:HwiP_disable)
                  00010564    00000004                           : HwiP_tirtos.oem4f (.text:HwiP_disableInterrupt)
                  00010568    00000004                           : HwiP_tirtos.oem4f (.text:HwiP_enableInterrupt)
                  0001056c    00000004     drivers_msp432p401x.aem4f : List.oem4f (.text:List_head)
                  00010570    00000004                               : List.oem4f (.text:List_next)
                  00010574    00000004     MSP_EXP432P401R.obj (.text:MSP_EXP432P401R_initGeneral)
                  00010578    00000004     drivers_msp432p401x.aem4f : SPIMSP432DMA.oem4f (.text:SPIMSP432DMA_init)
                  0001057c    00000004     dpl_msp432p401x.aem4f : SemaphoreP_tirtos.oem4f (.text:SemaphoreP_post)
                  00010580    00000004     drivers_msp432p401x.aem4f : WatchdogMSP432.oem4f (.text:WatchdogMSP432_convertMsToTicks)
                  00010584    00000004     fatfs.aem4f : diskio.oem4f (.text:get_fattime)
                  00010588    00000004     sensors.obj (.text:get_sensor_num)
                  0001058c    00000004     zh_terminal_tios_pem4f.oem4f (.text:ti_sysbios_BIOS_RtsGateProxy_enter__E)
                  00010590    00000004     zh_terminal_tios_pem4f.oem4f (.text:ti_sysbios_BIOS_RtsGateProxy_leave__E)
                  00010594    00000004     zh_terminal_tios_pem4f.oem4f (.text:ti_sysbios_family_arm_m3_Hwi_delete)
                  00010598    00000004     zh_terminal_tios_pem4f.oem4f (.text:ti_sysbios_family_arm_m3_TaskSupport_Module__startupDone__S)
                  0001059c    00000004     zh_terminal_tios_pem4f.oem4f (.text:ti_sysbios_heaps_HeapMem_Module_GateProxy_enter__E)
                  000105a0    00000004     zh_terminal_tios_pem4f.oem4f (.text:ti_sysbios_heaps_HeapMem_Module_GateProxy_leave__E)
                  000105a4    00000004     zh_terminal_tios_pem4f.oem4f (.text:ti_sysbios_knl_Clock_TimerProxy_getMaxTicks__E)
                  000105a8    00000004     zh_terminal_tios_pem4f.oem4f (.text:ti_sysbios_knl_Clock_delete)
                  000105ac    00000004     zh_terminal_tios_pem4f.oem4f (.text:ti_sysbios_knl_Semaphore_delete)
                  000105b0    00000004     ti.targets.arm.rtsarm.aem4f : Error.oem4f (.text:xdc_runtime_Error_getSite__E)
                  000105b4    00000004     zh_terminal_tios_pem4f.oem4f (.text:xdc_runtime_System_Module_GateProxy_enter__E)
                  000105b8    00000004     zh_terminal_tios_pem4f.oem4f (.text:xdc_runtime_System_Module_GateProxy_leave__E)
                  000105bc    00000004     ti.targets.arm.rtsarm.aem4f : System.oem4f (.text:xdc_runtime_System_aprintf_va__F)
                  000105c0    00000004                                 : System.oem4f (.text:xdc_runtime_System_printf_va__F)

.resetVecs 
*          0    00000000    0000003c     
[...]
00012b80  ti_sysbios_knl_Task_Object__heap__C                             
00012b84  ti_sysbios_knl_Task_allBlockedFunc__C                           
00012b88  ti_sysbios_knl_Task_defaultStackHeap__C                         
00012b8c  ti_sysbios_knl_Task_defaultStackSize__C                         
00012b90  ti_sysbios_knl_Task_numConstructedTasks__C                      
00012b94  ti_sysbios_utils_Load_Module_State_taskList__O                  
00012b98  ti_sysbios_utils_Load_Module__diagsEnabled__C                   
00012b9c  ti_sysbios_utils_Load_Module__diagsIncluded__C                  
00012ba0  ti_sysbios_utils_Load_Module__diagsMask__C                      
00012ba4  ti_sysbios_utils_Load_postUpdate__C                             
00012ba8  ti_sysbios_utils_Load_windowInMs__C                             
00012bac  xdc_runtime_Assert_E_assertFailed__C                            
00012bb0  xdc_runtime_Core_A_initializedParams__C                         
00012bb4  xdc_runtime_Core_Module__diagsEnabled__C                        
00012bb8  xdc_runtime_Core_Module__diagsIncluded__C                       
00012bbc  xdc_runtime_Core_Module__diagsMask__C                           
00012bc0  xdc_runtime_Error_E_memory__C                                   
00012bc4  xdc_runtime_Error_Module__diagsEnabled__C                       
00012bc8  xdc_runtime_Error_Module__diagsIncluded__C                      
00012bcc  xdc_runtime_Error_Module__diagsMask__C                          
00012bd0  xdc_runtime_Error_Module__loggerFxn8__C                         
00012bd4  xdc_runtime_Error_Module__loggerObj__C                          
00012bd8  xdc_runtime_Error_policyFxn__C                                  
00012bdc  xdc_runtime_Error_raiseHook__C                                  
00012be0  xdc_runtime_IGateProvider_Interface__BASE__C                    
00012be4  xdc_runtime_IHeap_Interface__BASE__C                            
00012be8  xdc_runtime_IModule_Interface__BASE__C                          
00012bec  xdc_runtime_Log_L_error__C                                      
00012bf0  xdc_runtime_Memory_defaultHeapInstance__C                       
00012bf4  xdc_runtime_Startup_execImpl__C                                 
00012bf8  xdc_runtime_Startup_lastFxns__A                                 
00012bfc  xdc_runtime_Startup_maxPasses__C                                
00012c00  xdc_runtime_Startup_sfxnRts__C                                  
00012c04  xdc_runtime_Startup_sfxnTab__C                                  
00012c08  xdc_runtime_SysMin_bufSize__C                                   
00012c0c  xdc_runtime_SysMin_outputFunc__C                                
00012c10  xdc_runtime_System_Module__gateObj__C                           
00012c14  xdc_runtime_System_abortFxn__C                                  
00012c18  xdc_runtime_System_exitFxn__C                                   
00012c1c  xdc_runtime_System_extendFxn__C                                 
00012c20  xdc_runtime_System_maxAtexitHandlers__C                         
00012c24  xdc_runtime_Text_charTab__C                                     
00012c28  xdc_runtime_Text_nameEmpty__C                                   
00012c2c  xdc_runtime_Text_nameStatic__C                                  
00012c30  xdc_runtime_Text_nameUnknown__C                                 
00012c34  xdc_runtime_Text_nodeTab__C                                     
00012c38  xdc_runtime_Text_visitRopeFxn__C                                
00012c3c  ti_sysbios_family_arm_msp432_init_Boot_bypassLFXT__C            
00012c3e  ti_sysbios_family_arm_msp432_init_Boot_enableHFXT__C            
00012c40  ti_sysbios_family_arm_msp432_init_Boot_enableLFXT__C            
00012c42  ti_sysbios_hal_Hwi_Module__id__C                                
00012c44  ti_sysbios_heaps_HeapMem_Module__id__C                          
00012c46  ti_sysbios_knl_Task_Module__id__C                               
00012c48  ti_sysbios_utils_Load_autoAddTasks__C                           
00012c4a  ti_sysbios_utils_Load_updateInIdle__C                           
00012c4c  xdc_runtime_Core_Module__id__C                                  
00012c4e  xdc_runtime_Error_Module__loggerDefined__C                      
00012c50  xdc_runtime_Error_maxDepth__C                                   
00012c52  xdc_runtime_Memory_Module__id__C                                
00012c54  xdc_runtime_SysMin_flushAtExit__C                               
00012c56  xdc_runtime_Text_charCnt__C                                     
00012c58  xdc_runtime_Text_isLoaded__C                                    
00012c5a  xdc_runtime_Text_registryModsLastId__C                          
00012c5c  xdc_runtime_Text_unnamedModsLastId__C                           
00012c60  __TI_static_base__                                              
00012fc4  __TI_Handler_Table_Base                                         
00012fd0  __TI_Handler_Table_Limit                                        
00012fd8  __TI_CINIT_Base                                                 
00012fe8  __TI_CINIT_Limit                                                
20000000  ti_sysbios_family_arm_m3_Hwi_ramVectors                         
20000140  __primary_heap_start__                                          
20008140  __primary_heap_end__                                            
20008200  col_data_task_stack                                             
20009200  main_task_stack                                                 
2000a200  update_time_task_stack                                          
2000b200  upload_data_task_stack                                          
2000c200  sensor_data_buffer                                              
2000cc00  ti_sysbios_knl_Task_Instance_State_0_stack__A                   
2000d400  gsm_rec_buffer                                                  
2000d800  nh122_res_buffer                                                
2000dc00  protocol_buffer                                                 
2000e000  sdspiMSP432Objects                                              
2000e254  xdc_runtime_SysMin_Module_State_0_outbuf__A                     
2000e454  uartMSP432Objects                                               
2000e5d4  ti_sysbios_family_arm_m3_Hwi_dispatchTable                      
2000e714  __CIOBUF_                                                       
2000e834  __TI_tmpnams                                                    
2000e980  uartMSP432RingBuffer                                            
2000e9e0  col_data_task_struct                                            
2000ea30  main_task_struct                                                
2000ea80  update_time_task_struct                                         
2000ead0  upload_data_task_struct                                         
2000eb20  spiMSP432DMAObjects                                             
2000eb68  collecte_data_task_info                                         
2000eb9c  upload_data_task_info                                           
2000ec00  clkParams                                                       
2000ec24  clkStruct                                                       
2000ec48  fatsd_semParams                                                 
2000ec6c  gsm_semParams                                                   
2000ec90  gsm_uartParams                                                  
2000ecb4  nh122_uartParams                                                
2000ecd8  fatsd_semStruct                                                 
2000ecf4  gsm_semStruct                                                   
2000ed10  semStruct_col_data                                              
2000ed2c  semStruct_update_time                                           
2000ed48  semStruct_upload_data                                           
2000ed64  adcMSP432Objects                                                
2000ed98  watchdogMSP432Objects                                           
2000eda4  nhfs45bu_params                                                 
2000edac  nhfx46au_params                                                 
2000edb4  nhzd10_params                                                   
2000edbc  parmbuf                                                         
2000edc4  sdspiParams                                                     
2000edcc  ClockP_tickPeriod                                               
2000edd0  ticks                                                           
2000edd8  udmaMSP432Object                                                
2000ede0  PowerMSP432_swiKey                                              
2000ede4  PowerMSP432_taskKey                                             
2000ede8  century                                                         
2000edec  clkHandle                                                       
2000edf0  day                                                             
2000edf4  gsm_semHandle                                                   
2000edf8  gsm_uart                                                        
2000edfc  hour                                                            
2000ee00  microsecond                                                     
2000ee04  millenium                                                       
2000ee08  millisecond                                                     
2000ee0c  minute                                                          
2000ee10  month                                                           
2000ee14  nh122_bar_value                                                 
2000ee18  nh122_hum_value                                                 
2000ee1c  nh122_temp_value                                                
2000ee20  nh122_uart                                                      
2000ee24  nhfs45bu_adc                                                    
2000ee28  nhfs45bu_adcValueMicroVolt                                      
2000ee2c  nhfs45bu_value                                                  
2000ee30  nhfx46au_adc                                                    
2000ee34  nhfx46au_adcValueMicroVolt                                      
2000ee38  nhfx46au_value                                                  
2000ee3c  nhzd10_adc                                                      
2000ee40  nhzd10_adcValueMicroVolt                                        
2000ee44  nhzd10_value                                                    
2000ee48  sdspiHandle                                                     
2000ee4c  second                                                          
2000ee50  ti_sysbios_knl_Task_Instance_State_0_hookEnv__A                 
2000ee54  watchdogHandle                                                  
2000ee58  year                                                            
2000ee5e  nhfs45bu_adcValue                                               
2000ee60  nhfx46au_adcValue                                               
2000ee62  nhzd10_adcValue                                                 
2000ee64  _ftable                                                         
2000ef54  PowerMSP432_perfLevels                                          
2000f024  ti_sysbios_utils_Load_Module__state__V                          
2000f0bc  ti_sysbios_knl_Task_Module_State_0_readyQ__A                    
2000f13c  _device                                                         
2000f1b4  gpioPinConfigs                                                  
2000f22c  _stream                                                         
2000f2cc  ti_sysbios_family_arm_msp432_Timer_Object__table__V             
2000f318  ti_sysbios_knl_Task_Object__table__V                            
2000f364  ti_sysbios_knl_Task_Module__state__V                            
2000f3a8  AT_IPR                                                          
2000f3ac  AT_CGSOCKCONT_IP_COM                                            
2000f3b0  AT_CSOCKSETPN                                                   
2000f3b4  AT_NETOPEN                                                      
2000f3b8  AT_NETCLOSE                                                     
2000f3bc  AT_CIPCLOSE                                                     
2000f3c0  AT_CNMI                                                         
2000f3c4  AT_CREG                                                         
2000f3c8  AT_CIPHEAD                                                      
2000f3cc  AT_CIPSRIP                                                      
2000f3d0  AT_CSCLK                                                        
2000f3d4  AT_CGSOCKCONT                                                   
2000f3d8  AT_CIPOPEN_TCP                                                  
2000f3dc  IP                                                              
2000f3e0  COM                                                             
2000f3e4  AT_END                                                          
2000f3e6  gsm_rec_index                                                   
2000f3e8  ti_sysbios_gates_GateMutex_Object__table__V                     
2000f420  PUSH_DATA_HEAD                                                  
2000f424  COL_CONFIG_HEAD                                                 
2000f428  PUSH_IMAGE_HEAD                                                 
2000f42c  UPDATE_TIME_HEAD                                                
2000f430  PACKAGE_FORMAT                                                  
2000f434  PUSH_DATA_FINISH                                                
2000f438  PUSH_DATA_READY                                                 
2000f43c  PUSH_IMAGE_READY                                                
2000f440  DATA_UPLOADED                                                   
2000f444  IMAGE_UPLOADED                                                  
2000f448  PARAM_UPDATED                                                   
2000f44c  FAIL                                                            
2000f450  TIME_SECOND                                                     
2000f454  ti_sysbios_family_arm_m3_Hwi_Module__state__V                   
2000f488  update_time_task_info                                           
2000f4bc  ti_sysbios_family_arm_m3_Hwi_Object__table__V                   
2000f4ec  ti_sysbios_family_arm_m3_Timer_Object__table__V                 
2000f51c  PowerMSP432_module                                              
2000f548  ti_sysbios_knl_Clock_Module__state__V                           
2000f598  ti_sysbios_BIOS_Module__state__V                                
2000f5bc  ti_sysbios_family_arm_msp432_Timer_Module_State_0_device__A     
2000f5dc  xdc_runtime_Error_IgnoreBlock                                   
2000f5fc  ti_sysbios_utils_Load_Module_State_0_taskEnv__A                 
2000f618  ti_sysbios_heaps_HeapMem_Object__table__V                       
2000f630  g_config                                                        
2000f644  _tz                                                             
2000f654  __TI_ft_end                                                     
2000f658  __aeabi_stdin                                                   
2000f65c  __aeabi_stdout                                                  
2000f660  __aeabi_stderr                                                  
2000f664  ti_sysbios_family_arm_msp432_Timer_Module_State_0_handles__A    
2000f674  __TI_cleanup_ptr                                                
2000f678  __TI_dtors_ptr                                                  
2000f67c  __TI_enable_exit_profile_output                                 
2000f680  ti_sysbios_family_arm_m3_Timer_Module__state__V                 
2000f68c  ti_sysbios_family_arm_msp432_ClockFreqs_Module__state__V        
2000f698  ti_sysbios_family_arm_msp432_Timer_Module__state__V             
2000f6a4  xdc_runtime_SysMin_Module__state__V                             
2000f6b0  _lock                                                           
2000f6b4  _unlock                                                         
2000f6c8  gpioCallbackFunctions                                           
2000f6d0  ti_sysbios_family_arm_m3_Hwi_Module__root__V                    
2000f6d8  ti_sysbios_gates_GateHwi_Module__root__V                        
2000f6e0  ti_sysbios_gates_GateMutex_Module__root__V                      
2000f6e8  ti_sysbios_heaps_HeapMem_Module__root__V                        
2000f6f0  ti_sysbios_knl_Clock_Module__root__V                            
2000f6f8  ti_sysbios_knl_Queue_Module__root__V                            
2000f700  ti_sysbios_knl_Semaphore_Module__root__V                        
2000f708  ti_sysbios_knl_Task_Module__root__V                             
2000f710  xdc_runtime_Registry_Module__state__V                           
2000f718  xdc_runtime_Startup_Module__state__V                            
2000f720  xdc_runtime_System_Module_State_0_atexitHandlers__A             
2000f728  xdc_runtime_System_Module__state__V                             
2000f730  nhzd10_key                                                      
2000f744  fatfsPrefix                                                     
2000f748  fatsd_semHandle                                                 
2000f74c  p_time_tasks_info                                               
2000f754  errno                                                           
2000f760  main_func_sp                                                    
2000f768  ti_sysbios_family_arm_m3_Hwi_Module_State_0_excContext__A       
2000f76c  ti_sysbios_family_arm_m3_Hwi_Module_State_0_excStack__A         
2000f770  ti_sysbios_family_arm_m3_TimestampProvider_Module__state__V     
2000f774  ti_sysbios_gates_GateHwi_Object__table__V                       
2000f778  ti_sysbios_knl_Task_Module_State_0_idleTask__A                  
2000f77c  ti_sysbios_utils_Load_Module_State_0_runningTask__A             
2000f780  ti_sysbios_utils_Load_Module_State_0_taskStartTime__A           
2000f784  xdc_runtime_Memory_Module__state__V                             
2000f788  nh122_bar_key                                                   
2000f78b  nh122_hum_key                                                   
2000f78e  nh122_temp_key                                                  
2000f791  nhfs45bu_key                                                    
2000f794  nhfx46au_key                                                    
2000f797  p_w_buffer                                                      
2000f798  p_r_buffer                                                      
2000f79a  ti_sysbios_family_arm_m3_Hwi_Module_State_0_excActive__A        
2000f79c  xdc_runtime_Error_Module__state__V                              
2000fc00  __stack                                                         
20010000  __STACK_END                                                     
4000480c  WDTCTL_SYM                                                      
e000e000  ti_sysbios_family_arm_m3_Hwi_nvic                               
ffffffff  __TI_pprof_out_hndl                                             
ffffffff  __TI_prof_data_size                                             
ffffffff  __TI_prof_data_start                                            
ffffffff  __binit__                                                       
ffffffff  __c_args__                                                      
ffffffff  binit                                                           
UNDEFED   SHT$$INIT_ARRAY$$Base                                           
UNDEFED   SHT$$INIT_ARRAY$$Limit                                          

[1103 symbols]
